E-A: budgets=[1000,2000,5000,10000,20000] seeds=20 seats=[0,1] at the real initial state (B=8, star=1)
==== seed-string check (budget must NEVER appear here) ====
  seat=0 seedIndex=0 -> "c57-ea-seat0-seed0" (reused unchanged across every budget in [1000,2000,5000,10000,20000])
  seat=0 seedIndex=1 -> "c57-ea-seat0-seed1" (reused unchanged across every budget in [1000,2000,5000,10000,20000])
  seat=0 seedIndex=2 -> "c57-ea-seat0-seed2" (reused unchanged across every budget in [1000,2000,5000,10000,20000])
  seat=0 seedIndex=3 -> "c57-ea-seat0-seed3" (reused unchanged across every budget in [1000,2000,5000,10000,20000])
  seat=0 seedIndex=4 -> "c57-ea-seat0-seed4" (reused unchanged across every budget in [1000,2000,5000,10000,20000])
  seat=1 seedIndex=0 -> "c57-ea-seat1-seed0" (reused unchanged across every budget in [1000,2000,5000,10000,20000])
  seat=1 seedIndex=1 -> "c57-ea-seat1-seed1" (reused unchanged across every budget in [1000,2000,5000,10000,20000])
  seat=1 seedIndex=2 -> "c57-ea-seat1-seed2" (reused unchanged across every budget in [1000,2000,5000,10000,20000])
  seat=1 seedIndex=3 -> "c57-ea-seat1-seed3" (reused unchanged across every budget in [1000,2000,5000,10000,20000])
  seat=1 seedIndex=4 -> "c57-ea-seat1-seed4" (reused unchanged across every budget in [1000,2000,5000,10000,20000])

solving the exact oracle (B=8, one-time cost)...
  done in 5094ms — exact root value (seat-0 perspective) = 0
  seat 0 optimal bids: {3}
  seat 1 optimal bids: {2*, 3, 3*}

budget=1000 seed="c57-ea-seat0-seed0" seat=0 chosen=4 inOptimal=false rootValue=0.0470 argmaxDiffers=false oppZeroMass=0.142
budget=1000 seed="c57-ea-seat1-seed0" seat=1 chosen=4* inOptimal=false rootValue=0.0230 argmaxDiffers=false oppZeroMass=0.147
budget=1000 seed="c57-ea-seat0-seed1" seat=0 chosen=2 inOptimal=false rootValue=0.0820 argmaxDiffers=false oppZeroMass=0.122
budget=1000 seed="c57-ea-seat1-seed1" seat=1 chosen=6* inOptimal=false rootValue=0.0450 argmaxDiffers=false oppZeroMass=0.159
budget=1000 seed="c57-ea-seat0-seed2" seat=0 chosen=4 inOptimal=false rootValue=0.0430 argmaxDiffers=false oppZeroMass=0.152
budget=1000 seed="c57-ea-seat1-seed2" seat=1 chosen=5 inOptimal=false rootValue=-0.0210 argmaxDiffers=true oppZeroMass=0.128
budget=1000 seed="c57-ea-seat0-seed3" seat=0 chosen=3 inOptimal=true rootValue=0.0310 argmaxDiffers=false oppZeroMass=0.142
budget=1000 seed="c57-ea-seat1-seed3" seat=1 chosen=5 inOptimal=false rootValue=0.0450 argmaxDiffers=true oppZeroMass=0.102
budget=1000 seed="c57-ea-seat0-seed4" seat=0 chosen=5 inOptimal=false rootValue=0.0100 argmaxDiffers=false oppZeroMass=0.132
budget=1000 seed="c57-ea-seat1-seed4" seat=1 chosen=3* inOptimal=true rootValue=0.0540 argmaxDiffers=false oppZeroMass=0.132
budget=1000 seed="c57-ea-seat0-seed5" seat=0 chosen=4 inOptimal=false rootValue=-0.0110 argmaxDiffers=false oppZeroMass=0.142
budget=1000 seed="c57-ea-seat1-seed5" seat=1 chosen=3 inOptimal=true rootValue=0.0790 argmaxDiffers=false oppZeroMass=0.149
budget=1000 seed="c57-ea-seat0-seed6" seat=0 chosen=3 inOptimal=true rootValue=0.0240 argmaxDiffers=false oppZeroMass=0.147
budget=1000 seed="c57-ea-seat1-seed6" seat=1 chosen=7 inOptimal=false rootValue=0.0440 argmaxDiffers=true oppZeroMass=0.127
budget=1000 seed="c57-ea-seat0-seed7" seat=0 chosen=5 inOptimal=false rootValue=0.0280 argmaxDiffers=false oppZeroMass=0.127
budget=1000 seed="c57-ea-seat1-seed7" seat=1 chosen=6 inOptimal=false rootValue=0.0100 argmaxDiffers=false oppZeroMass=0.117
budget=1000 seed="c57-ea-seat0-seed8" seat=0 chosen=6 inOptimal=false rootValue=0.0190 argmaxDiffers=false oppZeroMass=0.120
budget=1000 seed="c57-ea-seat1-seed8" seat=1 chosen=7* inOptimal=false rootValue=0.0170 argmaxDiffers=true oppZeroMass=0.118
budget=1000 seed="c57-ea-seat0-seed9" seat=0 chosen=6 inOptimal=false rootValue=0.0340 argmaxDiffers=false oppZeroMass=0.131
budget=1000 seed="c57-ea-seat1-seed9" seat=1 chosen=5* inOptimal=false rootValue=0.0860 argmaxDiffers=true oppZeroMass=0.142
budget=1000 seed="c57-ea-seat0-seed10" seat=0 chosen=5 inOptimal=false rootValue=0.0090 argmaxDiffers=false oppZeroMass=0.153
budget=1000 seed="c57-ea-seat1-seed10" seat=1 chosen=4* inOptimal=false rootValue=0.0580 argmaxDiffers=false oppZeroMass=0.137
budget=1000 seed="c57-ea-seat0-seed11" seat=0 chosen=3 inOptimal=true rootValue=0.0700 argmaxDiffers=false oppZeroMass=0.117
budget=1000 seed="c57-ea-seat1-seed11" seat=1 chosen=3* inOptimal=true rootValue=0.0660 argmaxDiffers=true oppZeroMass=0.127
budget=1000 seed="c57-ea-seat0-seed12" seat=0 chosen=4 inOptimal=false rootValue=-0.0080 argmaxDiffers=false oppZeroMass=0.137
budget=1000 seed="c57-ea-seat1-seed12" seat=1 chosen=4 inOptimal=false rootValue=0.0390 argmaxDiffers=false oppZeroMass=0.137
budget=1000 seed="c57-ea-seat0-seed13" seat=0 chosen=5 inOptimal=false rootValue=0.0460 argmaxDiffers=false oppZeroMass=0.110
budget=1000 seed="c57-ea-seat1-seed13" seat=1 chosen=4* inOptimal=false rootValue=0.0270 argmaxDiffers=false oppZeroMass=0.151
budget=1000 seed="c57-ea-seat0-seed14" seat=0 chosen=7 inOptimal=false rootValue=0.0550 argmaxDiffers=false oppZeroMass=0.159
budget=1000 seed="c57-ea-seat1-seed14" seat=1 chosen=6* inOptimal=false rootValue=-0.0280 argmaxDiffers=true oppZeroMass=0.108
budget=1000 seed="c57-ea-seat0-seed15" seat=0 chosen=6 inOptimal=false rootValue=0.0000 argmaxDiffers=false oppZeroMass=0.145
budget=1000 seed="c57-ea-seat1-seed15" seat=1 chosen=3* inOptimal=true rootValue=0.0200 argmaxDiffers=false oppZeroMass=0.123
budget=1000 seed="c57-ea-seat0-seed16" seat=0 chosen=2 inOptimal=false rootValue=-0.0710 argmaxDiffers=false oppZeroMass=0.167
budget=1000 seed="c57-ea-seat1-seed16" seat=1 chosen=5 inOptimal=false rootValue=-0.0290 argmaxDiffers=true oppZeroMass=0.122
budget=1000 seed="c57-ea-seat0-seed17" seat=0 chosen=5 inOptimal=false rootValue=-0.0460 argmaxDiffers=false oppZeroMass=0.125
budget=1000 seed="c57-ea-seat1-seed17" seat=1 chosen=3 inOptimal=true rootValue=0.0030 argmaxDiffers=false oppZeroMass=0.138
budget=1000 seed="c57-ea-seat0-seed18" seat=0 chosen=2 inOptimal=false rootValue=0.0780 argmaxDiffers=false oppZeroMass=0.146
budget=1000 seed="c57-ea-seat1-seed18" seat=1 chosen=6* inOptimal=false rootValue=0.0760 argmaxDiffers=false oppZeroMass=0.140
budget=1000 seed="c57-ea-seat0-seed19" seat=0 chosen=6 inOptimal=false rootValue=0.0090 argmaxDiffers=false oppZeroMass=0.151
budget=1000 seed="c57-ea-seat1-seed19" seat=1 chosen=2* inOptimal=true rootValue=0.0370 argmaxDiffers=false oppZeroMass=0.136
  [budget=1000 complete — 40/200 runs, 1.6s elapsed]
budget=2000 seed="c57-ea-seat0-seed0" seat=0 chosen=6 inOptimal=false rootValue=0.0665 argmaxDiffers=false oppZeroMass=0.143
budget=2000 seed="c57-ea-seat1-seed0" seat=1 chosen=2* inOptimal=true rootValue=0.0560 argmaxDiffers=false oppZeroMass=0.150
budget=2000 seed="c57-ea-seat0-seed1" seat=0 chosen=3 inOptimal=true rootValue=0.0370 argmaxDiffers=false oppZeroMass=0.144
budget=2000 seed="c57-ea-seat1-seed1" seat=1 chosen=6* inOptimal=false rootValue=0.0790 argmaxDiffers=false oppZeroMass=0.161
budget=2000 seed="c57-ea-seat0-seed2" seat=0 chosen=5 inOptimal=false rootValue=0.0575 argmaxDiffers=false oppZeroMass=0.161
budget=2000 seed="c57-ea-seat1-seed2" seat=1 chosen=7* inOptimal=false rootValue=0.0180 argmaxDiffers=false oppZeroMass=0.128
budget=2000 seed="c57-ea-seat0-seed3" seat=0 chosen=3 inOptimal=true rootValue=0.0175 argmaxDiffers=false oppZeroMass=0.149
budget=2000 seed="c57-ea-seat1-seed3" seat=1 chosen=4* inOptimal=false rootValue=0.0515 argmaxDiffers=false oppZeroMass=0.121
budget=2000 seed="c57-ea-seat0-seed4" seat=0 chosen=5 inOptimal=false rootValue=0.0445 argmaxDiffers=false oppZeroMass=0.148
budget=2000 seed="c57-ea-seat1-seed4" seat=1 chosen=3* inOptimal=true rootValue=0.0645 argmaxDiffers=false oppZeroMass=0.155
budget=2000 seed="c57-ea-seat0-seed5" seat=0 chosen=5 inOptimal=false rootValue=0.0385 argmaxDiffers=false oppZeroMass=0.168
budget=2000 seed="c57-ea-seat1-seed5" seat=1 chosen=6* inOptimal=false rootValue=0.0545 argmaxDiffers=true oppZeroMass=0.159
budget=2000 seed="c57-ea-seat0-seed6" seat=0 chosen=3 inOptimal=true rootValue=0.0505 argmaxDiffers=false oppZeroMass=0.159
budget=2000 seed="c57-ea-seat1-seed6" seat=1 chosen=6 inOptimal=false rootValue=0.0660 argmaxDiffers=true oppZeroMass=0.130
budget=2000 seed="c57-ea-seat0-seed7" seat=0 chosen=4 inOptimal=false rootValue=0.0560 argmaxDiffers=false oppZeroMass=0.141
budget=2000 seed="c57-ea-seat1-seed7" seat=1 chosen=6 inOptimal=false rootValue=0.0390 argmaxDiffers=false oppZeroMass=0.138
budget=2000 seed="c57-ea-seat0-seed8" seat=0 chosen=6 inOptimal=false rootValue=0.0300 argmaxDiffers=false oppZeroMass=0.153
budget=2000 seed="c57-ea-seat1-seed8" seat=1 chosen=2* inOptimal=true rootValue=0.0630 argmaxDiffers=true oppZeroMass=0.147
budget=2000 seed="c57-ea-seat0-seed9" seat=0 chosen=6 inOptimal=false rootValue=0.0440 argmaxDiffers=false oppZeroMass=0.133
budget=2000 seed="c57-ea-seat1-seed9" seat=1 chosen=4* inOptimal=false rootValue=0.0650 argmaxDiffers=false oppZeroMass=0.143
budget=2000 seed="c57-ea-seat0-seed10" seat=0 chosen=5 inOptimal=false rootValue=0.0210 argmaxDiffers=false oppZeroMass=0.166
budget=2000 seed="c57-ea-seat1-seed10" seat=1 chosen=5* inOptimal=false rootValue=0.0525 argmaxDiffers=true oppZeroMass=0.159
budget=2000 seed="c57-ea-seat0-seed11" seat=0 chosen=2 inOptimal=false rootValue=0.0570 argmaxDiffers=false oppZeroMass=0.135
budget=2000 seed="c57-ea-seat1-seed11" seat=1 chosen=4* inOptimal=false rootValue=0.0595 argmaxDiffers=false oppZeroMass=0.134
budget=2000 seed="c57-ea-seat0-seed12" seat=0 chosen=8 inOptimal=false rootValue=0.0135 argmaxDiffers=false oppZeroMass=0.132
budget=2000 seed="c57-ea-seat1-seed12" seat=1 chosen=8* inOptimal=false rootValue=0.0745 argmaxDiffers=true oppZeroMass=0.159
budget=2000 seed="c57-ea-seat0-seed13" seat=0 chosen=5 inOptimal=false rootValue=0.0335 argmaxDiffers=false oppZeroMass=0.127
budget=2000 seed="c57-ea-seat1-seed13" seat=1 chosen=4* inOptimal=false rootValue=0.0430 argmaxDiffers=false oppZeroMass=0.149
budget=2000 seed="c57-ea-seat0-seed14" seat=0 chosen=7 inOptimal=false rootValue=0.0670 argmaxDiffers=false oppZeroMass=0.166
budget=2000 seed="c57-ea-seat1-seed14" seat=1 chosen=5* inOptimal=false rootValue=0.0075 argmaxDiffers=false oppZeroMass=0.141
budget=2000 seed="c57-ea-seat0-seed15" seat=0 chosen=6 inOptimal=false rootValue=0.0360 argmaxDiffers=false oppZeroMass=0.146
budget=2000 seed="c57-ea-seat1-seed15" seat=1 chosen=3* inOptimal=true rootValue=0.0340 argmaxDiffers=false oppZeroMass=0.143
budget=2000 seed="c57-ea-seat0-seed16" seat=0 chosen=4 inOptimal=false rootValue=-0.0035 argmaxDiffers=false oppZeroMass=0.167
budget=2000 seed="c57-ea-seat1-seed16" seat=1 chosen=5 inOptimal=false rootValue=0.0285 argmaxDiffers=true oppZeroMass=0.164
budget=2000 seed="c57-ea-seat0-seed17" seat=0 chosen=5 inOptimal=false rootValue=0.0010 argmaxDiffers=false oppZeroMass=0.136
budget=2000 seed="c57-ea-seat1-seed17" seat=1 chosen=6 inOptimal=false rootValue=0.0270 argmaxDiffers=true oppZeroMass=0.153
budget=2000 seed="c57-ea-seat0-seed18" seat=0 chosen=2 inOptimal=false rootValue=0.0500 argmaxDiffers=false oppZeroMass=0.145
budget=2000 seed="c57-ea-seat1-seed18" seat=1 chosen=6 inOptimal=false rootValue=0.0640 argmaxDiffers=false oppZeroMass=0.143
budget=2000 seed="c57-ea-seat0-seed19" seat=0 chosen=5 inOptimal=false rootValue=0.0540 argmaxDiffers=false oppZeroMass=0.166
budget=2000 seed="c57-ea-seat1-seed19" seat=1 chosen=4* inOptimal=false rootValue=0.0535 argmaxDiffers=true oppZeroMass=0.144
  [budget=2000 complete — 80/200 runs, 4.2s elapsed]
budget=5000 seed="c57-ea-seat0-seed0" seat=0 chosen=6 inOptimal=false rootValue=0.0618 argmaxDiffers=false oppZeroMass=0.176
budget=5000 seed="c57-ea-seat1-seed0" seat=1 chosen=2 inOptimal=false rootValue=0.1058 argmaxDiffers=false oppZeroMass=0.180
budget=5000 seed="c57-ea-seat0-seed1" seat=0 chosen=5 inOptimal=false rootValue=0.0858 argmaxDiffers=false oppZeroMass=0.151
budget=5000 seed="c57-ea-seat1-seed1" seat=1 chosen=6* inOptimal=false rootValue=0.0992 argmaxDiffers=true oppZeroMass=0.187
budget=5000 seed="c57-ea-seat0-seed2" seat=0 chosen=3 inOptimal=true rootValue=0.0926 argmaxDiffers=false oppZeroMass=0.181
budget=5000 seed="c57-ea-seat1-seed2" seat=1 chosen=4* inOptimal=false rootValue=0.0620 argmaxDiffers=false oppZeroMass=0.178
budget=5000 seed="c57-ea-seat0-seed3" seat=0 chosen=3 inOptimal=true rootValue=0.0816 argmaxDiffers=false oppZeroMass=0.201
budget=5000 seed="c57-ea-seat1-seed3" seat=1 chosen=4* inOptimal=false rootValue=0.0748 argmaxDiffers=false oppZeroMass=0.158
budget=5000 seed="c57-ea-seat0-seed4" seat=0 chosen=2 inOptimal=false rootValue=0.0968 argmaxDiffers=false oppZeroMass=0.154
budget=5000 seed="c57-ea-seat1-seed4" seat=1 chosen=3* inOptimal=true rootValue=0.0584 argmaxDiffers=true oppZeroMass=0.159
budget=5000 seed="c57-ea-seat0-seed5" seat=0 chosen=1 inOptimal=false rootValue=0.0670 argmaxDiffers=false oppZeroMass=0.226
budget=5000 seed="c57-ea-seat1-seed5" seat=1 chosen=3* inOptimal=true rootValue=0.0828 argmaxDiffers=false oppZeroMass=0.192
budget=5000 seed="c57-ea-seat0-seed6" seat=0 chosen=2 inOptimal=false rootValue=0.0724 argmaxDiffers=false oppZeroMass=0.179
budget=5000 seed="c57-ea-seat1-seed6" seat=1 chosen=4* inOptimal=false rootValue=0.0666 argmaxDiffers=false oppZeroMass=0.158
budget=5000 seed="c57-ea-seat0-seed7" seat=0 chosen=4 inOptimal=false rootValue=0.0622 argmaxDiffers=false oppZeroMass=0.168
budget=5000 seed="c57-ea-seat1-seed7" seat=1 chosen=6 inOptimal=false rootValue=0.0750 argmaxDiffers=true oppZeroMass=0.202
budget=5000 seed="c57-ea-seat0-seed8" seat=0 chosen=2 inOptimal=false rootValue=0.0822 argmaxDiffers=false oppZeroMass=0.181
budget=5000 seed="c57-ea-seat1-seed8" seat=1 chosen=2* inOptimal=true rootValue=0.0832 argmaxDiffers=true oppZeroMass=0.168
budget=5000 seed="c57-ea-seat0-seed9" seat=0 chosen=5 inOptimal=false rootValue=0.0954 argmaxDiffers=false oppZeroMass=0.162
budget=5000 seed="c57-ea-seat1-seed9" seat=1 chosen=3 inOptimal=true rootValue=0.1078 argmaxDiffers=false oppZeroMass=0.206
budget=5000 seed="c57-ea-seat0-seed10" seat=0 chosen=3 inOptimal=true rootValue=0.0864 argmaxDiffers=false oppZeroMass=0.194
budget=5000 seed="c57-ea-seat1-seed10" seat=1 chosen=5* inOptimal=false rootValue=0.0768 argmaxDiffers=true oppZeroMass=0.175
budget=5000 seed="c57-ea-seat0-seed11" seat=0 chosen=3 inOptimal=true rootValue=0.0622 argmaxDiffers=false oppZeroMass=0.143
budget=5000 seed="c57-ea-seat1-seed11" seat=1 chosen=7* inOptimal=false rootValue=0.0884 argmaxDiffers=false oppZeroMass=0.160
budget=5000 seed="c57-ea-seat0-seed12" seat=0 chosen=1 inOptimal=false rootValue=0.0522 argmaxDiffers=false oppZeroMass=0.171
budget=5000 seed="c57-ea-seat1-seed12" seat=1 chosen=8* inOptimal=false rootValue=0.0810 argmaxDiffers=true oppZeroMass=0.187
budget=5000 seed="c57-ea-seat0-seed13" seat=0 chosen=4 inOptimal=false rootValue=0.0866 argmaxDiffers=false oppZeroMass=0.178
budget=5000 seed="c57-ea-seat1-seed13" seat=1 chosen=4* inOptimal=false rootValue=0.0814 argmaxDiffers=false oppZeroMass=0.164
budget=5000 seed="c57-ea-seat0-seed14" seat=0 chosen=4 inOptimal=false rootValue=0.0902 argmaxDiffers=false oppZeroMass=0.188
budget=5000 seed="c57-ea-seat1-seed14" seat=1 chosen=5* inOptimal=false rootValue=0.0606 argmaxDiffers=false oppZeroMass=0.171
budget=5000 seed="c57-ea-seat0-seed15" seat=0 chosen=4 inOptimal=false rootValue=0.0588 argmaxDiffers=false oppZeroMass=0.172
budget=5000 seed="c57-ea-seat1-seed15" seat=1 chosen=2 inOptimal=false rootValue=0.0524 argmaxDiffers=true oppZeroMass=0.185
budget=5000 seed="c57-ea-seat0-seed16" seat=0 chosen=2 inOptimal=false rootValue=0.0580 argmaxDiffers=false oppZeroMass=0.186
budget=5000 seed="c57-ea-seat1-seed16" seat=1 chosen=4* inOptimal=false rootValue=0.0632 argmaxDiffers=false oppZeroMass=0.197
budget=5000 seed="c57-ea-seat0-seed17" seat=0 chosen=5 inOptimal=false rootValue=0.0652 argmaxDiffers=false oppZeroMass=0.210
budget=5000 seed="c57-ea-seat1-seed17" seat=1 chosen=6 inOptimal=false rootValue=0.0794 argmaxDiffers=true oppZeroMass=0.191
budget=5000 seed="c57-ea-seat0-seed18" seat=0 chosen=2 inOptimal=false rootValue=0.0688 argmaxDiffers=false oppZeroMass=0.165
budget=5000 seed="c57-ea-seat1-seed18" seat=1 chosen=1* inOptimal=false rootValue=0.0794 argmaxDiffers=false oppZeroMass=0.183
budget=5000 seed="c57-ea-seat0-seed19" seat=0 chosen=6 inOptimal=false rootValue=0.0892 argmaxDiffers=false oppZeroMass=0.190
budget=5000 seed="c57-ea-seat1-seed19" seat=1 chosen=4* inOptimal=false rootValue=0.0768 argmaxDiffers=true oppZeroMass=0.150
  [budget=5000 complete — 120/200 runs, 8.9s elapsed]
budget=10000 seed="c57-ea-seat0-seed0" seat=0 chosen=2 inOptimal=false rootValue=0.1126 argmaxDiffers=false oppZeroMass=0.267
budget=10000 seed="c57-ea-seat1-seed0" seat=1 chosen=3* inOptimal=true rootValue=0.1444 argmaxDiffers=true oppZeroMass=0.213
budget=10000 seed="c57-ea-seat0-seed1" seat=0 chosen=5 inOptimal=false rootValue=0.1211 argmaxDiffers=false oppZeroMass=0.193
budget=10000 seed="c57-ea-seat1-seed1" seat=1 chosen=3* inOptimal=true rootValue=0.1219 argmaxDiffers=true oppZeroMass=0.246
budget=10000 seed="c57-ea-seat0-seed2" seat=0 chosen=3 inOptimal=true rootValue=0.1124 argmaxDiffers=false oppZeroMass=0.185
budget=10000 seed="c57-ea-seat1-seed2" seat=1 chosen=2* inOptimal=true rootValue=0.1166 argmaxDiffers=false oppZeroMass=0.226
budget=10000 seed="c57-ea-seat0-seed3" seat=0 chosen=3 inOptimal=true rootValue=0.1114 argmaxDiffers=false oppZeroMass=0.207
budget=10000 seed="c57-ea-seat1-seed3" seat=1 chosen=1* inOptimal=false rootValue=0.1211 argmaxDiffers=true oppZeroMass=0.197
budget=10000 seed="c57-ea-seat0-seed4" seat=0 chosen=2 inOptimal=false rootValue=0.1405 argmaxDiffers=false oppZeroMass=0.197
budget=10000 seed="c57-ea-seat1-seed4" seat=1 chosen=1* inOptimal=false rootValue=0.1144 argmaxDiffers=false oppZeroMass=0.231
budget=10000 seed="c57-ea-seat0-seed5" seat=0 chosen=1 inOptimal=false rootValue=0.1146 argmaxDiffers=false oppZeroMass=0.262
budget=10000 seed="c57-ea-seat1-seed5" seat=1 chosen=2* inOptimal=true rootValue=0.1237 argmaxDiffers=true oppZeroMass=0.229
budget=10000 seed="c57-ea-seat0-seed6" seat=0 chosen=2 inOptimal=false rootValue=0.1239 argmaxDiffers=false oppZeroMass=0.177
budget=10000 seed="c57-ea-seat1-seed6" seat=1 chosen=1* inOptimal=false rootValue=0.1200 argmaxDiffers=true oppZeroMass=0.216
budget=10000 seed="c57-ea-seat0-seed7" seat=0 chosen=3 inOptimal=true rootValue=0.1019 argmaxDiffers=false oppZeroMass=0.210
budget=10000 seed="c57-ea-seat1-seed7" seat=1 chosen=4* inOptimal=false rootValue=0.1152 argmaxDiffers=true oppZeroMass=0.234
budget=10000 seed="c57-ea-seat0-seed8" seat=0 chosen=2 inOptimal=false rootValue=0.1218 argmaxDiffers=false oppZeroMass=0.240
budget=10000 seed="c57-ea-seat1-seed8" seat=1 chosen=5* inOptimal=false rootValue=0.1175 argmaxDiffers=true oppZeroMass=0.192
budget=10000 seed="c57-ea-seat0-seed9" seat=0 chosen=5 inOptimal=false rootValue=0.1132 argmaxDiffers=false oppZeroMass=0.185
budget=10000 seed="c57-ea-seat1-seed9" seat=1 chosen=1* inOptimal=false rootValue=0.1330 argmaxDiffers=true oppZeroMass=0.246
budget=10000 seed="c57-ea-seat0-seed10" seat=0 chosen=5 inOptimal=false rootValue=0.1183 argmaxDiffers=false oppZeroMass=0.215
budget=10000 seed="c57-ea-seat1-seed10" seat=1 chosen=3* inOptimal=true rootValue=0.1215 argmaxDiffers=true oppZeroMass=0.218
budget=10000 seed="c57-ea-seat0-seed11" seat=0 chosen=2 inOptimal=false rootValue=0.1103 argmaxDiffers=false oppZeroMass=0.185
budget=10000 seed="c57-ea-seat1-seed11" seat=1 chosen=2* inOptimal=true rootValue=0.1180 argmaxDiffers=false oppZeroMass=0.217
budget=10000 seed="c57-ea-seat0-seed12" seat=0 chosen=6 inOptimal=false rootValue=0.1096 argmaxDiffers=false oppZeroMass=0.202
budget=10000 seed="c57-ea-seat1-seed12" seat=1 chosen=4 inOptimal=false rootValue=0.1129 argmaxDiffers=true oppZeroMass=0.229
budget=10000 seed="c57-ea-seat0-seed13" seat=0 chosen=3 inOptimal=true rootValue=0.1286 argmaxDiffers=false oppZeroMass=0.241
budget=10000 seed="c57-ea-seat1-seed13" seat=1 chosen=1* inOptimal=false rootValue=0.1199 argmaxDiffers=true oppZeroMass=0.225
budget=10000 seed="c57-ea-seat0-seed14" seat=0 chosen=3 inOptimal=true rootValue=0.1327 argmaxDiffers=false oppZeroMass=0.223
budget=10000 seed="c57-ea-seat1-seed14" seat=1 chosen=4 inOptimal=false rootValue=0.1062 argmaxDiffers=false oppZeroMass=0.199
budget=10000 seed="c57-ea-seat0-seed15" seat=0 chosen=4 inOptimal=false rootValue=0.1134 argmaxDiffers=false oppZeroMass=0.218
budget=10000 seed="c57-ea-seat1-seed15" seat=1 chosen=1* inOptimal=false rootValue=0.1220 argmaxDiffers=true oppZeroMass=0.218
budget=10000 seed="c57-ea-seat0-seed16" seat=0 chosen=2 inOptimal=false rootValue=0.1266 argmaxDiffers=false oppZeroMass=0.233
budget=10000 seed="c57-ea-seat1-seed16" seat=1 chosen=3* inOptimal=true rootValue=0.1153 argmaxDiffers=false oppZeroMass=0.216
budget=10000 seed="c57-ea-seat0-seed17" seat=0 chosen=3 inOptimal=true rootValue=0.1045 argmaxDiffers=false oppZeroMass=0.253
budget=10000 seed="c57-ea-seat1-seed17" seat=1 chosen=2 inOptimal=false rootValue=0.1219 argmaxDiffers=true oppZeroMass=0.224
budget=10000 seed="c57-ea-seat0-seed18" seat=0 chosen=2 inOptimal=false rootValue=0.1047 argmaxDiffers=false oppZeroMass=0.193
budget=10000 seed="c57-ea-seat1-seed18" seat=1 chosen=0* inOptimal=false rootValue=0.1581 argmaxDiffers=false oppZeroMass=0.250
budget=10000 seed="c57-ea-seat0-seed19" seat=0 chosen=3 inOptimal=true rootValue=0.1203 argmaxDiffers=false oppZeroMass=0.214
budget=10000 seed="c57-ea-seat1-seed19" seat=1 chosen=4* inOptimal=false rootValue=0.1146 argmaxDiffers=false oppZeroMass=0.206
  [budget=10000 complete — 160/200 runs, 16.7s elapsed]
budget=20000 seed="c57-ea-seat0-seed0" seat=0 chosen=0 inOptimal=false rootValue=0.1981 argmaxDiffers=false oppZeroMass=0.407
budget=20000 seed="c57-ea-seat1-seed0" seat=1 chosen=1* inOptimal=false rootValue=0.1926 argmaxDiffers=false oppZeroMass=0.321
budget=20000 seed="c57-ea-seat0-seed1" seat=0 chosen=1 inOptimal=false rootValue=0.2062 argmaxDiffers=false oppZeroMass=0.266
budget=20000 seed="c57-ea-seat1-seed1" seat=1 chosen=0* inOptimal=false rootValue=0.2070 argmaxDiffers=true oppZeroMass=0.320
budget=20000 seed="c57-ea-seat0-seed2" seat=0 chosen=3 inOptimal=true rootValue=0.2054 argmaxDiffers=false oppZeroMass=0.287
budget=20000 seed="c57-ea-seat1-seed2" seat=1 chosen=0* inOptimal=false rootValue=0.1863 argmaxDiffers=false oppZeroMass=0.342
budget=20000 seed="c57-ea-seat0-seed3" seat=0 chosen=1 inOptimal=false rootValue=0.1693 argmaxDiffers=false oppZeroMass=0.306
budget=20000 seed="c57-ea-seat1-seed3" seat=1 chosen=0* inOptimal=false rootValue=0.2024 argmaxDiffers=false oppZeroMass=0.337
budget=20000 seed="c57-ea-seat0-seed4" seat=0 chosen=1 inOptimal=false rootValue=0.2210 argmaxDiffers=false oppZeroMass=0.223
budget=20000 seed="c57-ea-seat1-seed4" seat=1 chosen=1 inOptimal=false rootValue=0.2268 argmaxDiffers=false oppZeroMass=0.439
budget=20000 seed="c57-ea-seat0-seed5" seat=0 chosen=0 inOptimal=false rootValue=0.2140 argmaxDiffers=false oppZeroMass=0.395
budget=20000 seed="c57-ea-seat1-seed5" seat=1 chosen=2* inOptimal=true rootValue=0.1948 argmaxDiffers=false oppZeroMass=0.320
budget=20000 seed="c57-ea-seat0-seed6" seat=0 chosen=1 inOptimal=false rootValue=0.2021 argmaxDiffers=false oppZeroMass=0.350
budget=20000 seed="c57-ea-seat1-seed6" seat=1 chosen=1* inOptimal=false rootValue=0.2091 argmaxDiffers=false oppZeroMass=0.371
budget=20000 seed="c57-ea-seat0-seed7" seat=0 chosen=2 inOptimal=false rootValue=0.1681 argmaxDiffers=false oppZeroMass=0.277
budget=20000 seed="c57-ea-seat1-seed7" seat=1 chosen=1* inOptimal=false rootValue=0.1888 argmaxDiffers=false oppZeroMass=0.338
budget=20000 seed="c57-ea-seat0-seed8" seat=0 chosen=0 inOptimal=false rootValue=0.2386 argmaxDiffers=false oppZeroMass=0.426
budget=20000 seed="c57-ea-seat1-seed8" seat=1 chosen=0* inOptimal=false rootValue=0.1802 argmaxDiffers=false oppZeroMass=0.244
budget=20000 seed="c57-ea-seat0-seed9" seat=0 chosen=1 inOptimal=false rootValue=0.2129 argmaxDiffers=false oppZeroMass=0.356
budget=20000 seed="c57-ea-seat1-seed9" seat=1 chosen=0* inOptimal=false rootValue=0.2086 argmaxDiffers=false oppZeroMass=0.399
budget=20000 seed="c57-ea-seat0-seed10" seat=0 chosen=1 inOptimal=false rootValue=0.1682 argmaxDiffers=false oppZeroMass=0.279
budget=20000 seed="c57-ea-seat1-seed10" seat=1 chosen=1* inOptimal=false rootValue=0.1993 argmaxDiffers=false oppZeroMass=0.372
budget=20000 seed="c57-ea-seat0-seed11" seat=0 chosen=2 inOptimal=false rootValue=0.1666 argmaxDiffers=false oppZeroMass=0.222
budget=20000 seed="c57-ea-seat1-seed11" seat=1 chosen=0* inOptimal=false rootValue=0.2306 argmaxDiffers=false oppZeroMass=0.400
budget=20000 seed="c57-ea-seat0-seed12" seat=0 chosen=1 inOptimal=false rootValue=0.1885 argmaxDiffers=false oppZeroMass=0.335
budget=20000 seed="c57-ea-seat1-seed12" seat=1 chosen=0* inOptimal=false rootValue=0.2303 argmaxDiffers=false oppZeroMass=0.430
budget=20000 seed="c57-ea-seat0-seed13" seat=0 chosen=1 inOptimal=false rootValue=0.1897 argmaxDiffers=false oppZeroMass=0.327
budget=20000 seed="c57-ea-seat1-seed13" seat=1 chosen=0* inOptimal=false rootValue=0.1900 argmaxDiffers=false oppZeroMass=0.322
budget=20000 seed="c57-ea-seat0-seed14" seat=0 chosen=3 inOptimal=true rootValue=0.1749 argmaxDiffers=false oppZeroMass=0.240
budget=20000 seed="c57-ea-seat1-seed14" seat=1 chosen=1* inOptimal=false rootValue=0.2059 argmaxDiffers=false oppZeroMass=0.290
budget=20000 seed="c57-ea-seat0-seed15" seat=0 chosen=1 inOptimal=false rootValue=0.2094 argmaxDiffers=false oppZeroMass=0.400
budget=20000 seed="c57-ea-seat1-seed15" seat=1 chosen=0* inOptimal=false rootValue=0.2122 argmaxDiffers=false oppZeroMass=0.357
budget=20000 seed="c57-ea-seat0-seed16" seat=0 chosen=0 inOptimal=false rootValue=0.3090 argmaxDiffers=false oppZeroMass=0.529
budget=20000 seed="c57-ea-seat1-seed16" seat=1 chosen=0* inOptimal=false rootValue=0.2770 argmaxDiffers=false oppZeroMass=0.486
budget=20000 seed="c57-ea-seat0-seed17" seat=0 chosen=3 inOptimal=true rootValue=0.1877 argmaxDiffers=false oppZeroMass=0.354
budget=20000 seed="c57-ea-seat1-seed17" seat=1 chosen=0* inOptimal=false rootValue=0.2370 argmaxDiffers=false oppZeroMass=0.421
budget=20000 seed="c57-ea-seat0-seed18" seat=0 chosen=0 inOptimal=false rootValue=0.2574 argmaxDiffers=false oppZeroMass=0.459
budget=20000 seed="c57-ea-seat1-seed18" seat=1 chosen=0* inOptimal=false rootValue=0.2263 argmaxDiffers=false oppZeroMass=0.351
budget=20000 seed="c57-ea-seat0-seed19" seat=0 chosen=0 inOptimal=false rootValue=0.2377 argmaxDiffers=false oppZeroMass=0.442
budget=20000 seed="c57-ea-seat1-seed19" seat=1 chosen=0* inOptimal=false rootValue=0.1935 argmaxDiffers=false oppZeroMass=0.326
  [budget=20000 complete — 200/200 runs, 33.9s elapsed]

==== SUMMARY (plan §2's pre-registered per-cell quantities) ====
budget  seat  n    P(chosen∈optimal)   meanChosenAmt  meanRootValue   P(argmaxDiffers)   meanOppZeroMass
1000    0     20   0.150               4.350          0.0225          0.000              0.138
1000    1     20   0.300               4.550          0.0326          0.400              0.132
2000    0     20   0.150               4.750          0.0386          0.000              0.149
2000    1     20   0.200               4.800          0.0500          0.400              0.146
5000    0     20   0.200               3.350          0.0758          0.000              0.179
5000    1     20   0.200               4.150          0.0777          0.450              0.178
10000   0     20   0.350               3.050          0.1171          0.000              0.215
10000   1     20   0.350               2.350          0.1219          0.650              0.222
20000   0     20   0.150               1.100          0.2062          0.000              0.344
20000   1     20   0.050               0.400          0.2099          0.050              0.359
E-A complete. Read this ONLY against the plan's pre-registered interpretation table (docs/plans/sim-search-residue.md §2) — do not improvise a new interpretation.
EXIT=0
