==== seed-string check (budget/rolloutCapPlies must NEVER appear here) ====
  seat=0 seedIndex=0 -> "c57-ea-seat0-seed0" (reused unchanged across every budget in [1000,2000,5000,10000] and any rolloutCapPlies)
  seat=0 seedIndex=1 -> "c57-ea-seat0-seed1" (reused unchanged across every budget in [1000,2000,5000,10000] and any rolloutCapPlies)
  seat=0 seedIndex=2 -> "c57-ea-seat0-seed2" (reused unchanged across every budget in [1000,2000,5000,10000] and any rolloutCapPlies)
  seat=0 seedIndex=3 -> "c57-ea-seat0-seed3" (reused unchanged across every budget in [1000,2000,5000,10000] and any rolloutCapPlies)
  seat=0 seedIndex=4 -> "c57-ea-seat0-seed4" (reused unchanged across every budget in [1000,2000,5000,10000] and any rolloutCapPlies)
  seat=1 seedIndex=0 -> "c57-ea-seat1-seed0" (reused unchanged across every budget in [1000,2000,5000,10000] and any rolloutCapPlies)
  seat=1 seedIndex=1 -> "c57-ea-seat1-seed1" (reused unchanged across every budget in [1000,2000,5000,10000] and any rolloutCapPlies)
  seat=1 seedIndex=2 -> "c57-ea-seat1-seed2" (reused unchanged across every budget in [1000,2000,5000,10000] and any rolloutCapPlies)
  seat=1 seedIndex=3 -> "c57-ea-seat1-seed3" (reused unchanged across every budget in [1000,2000,5000,10000] and any rolloutCapPlies)
  seat=1 seedIndex=4 -> "c57-ea-seat1-seed4" (reused unchanged across every budget in [1000,2000,5000,10000] and any rolloutCapPlies)

budget=1000 seed="c57-ea-seat0-seed0" seat=0 chosen=4 inOptimal=false rootValue=0.0470
budget=1000 seed="c57-ea-seat1-seed0" seat=1 chosen=4* inOptimal=false rootValue=0.0230
budget=1000 seed="c57-ea-seat0-seed1" seat=0 chosen=2 inOptimal=false rootValue=0.0820
budget=1000 seed="c57-ea-seat1-seed1" seat=1 chosen=6* inOptimal=false rootValue=0.0450
budget=1000 seed="c57-ea-seat0-seed2" seat=0 chosen=4 inOptimal=false rootValue=0.0430
budget=1000 seed="c57-ea-seat1-seed2" seat=1 chosen=5 inOptimal=false rootValue=-0.0210
budget=1000 seed="c57-ea-seat0-seed3" seat=0 chosen=3 inOptimal=true rootValue=0.0310
budget=1000 seed="c57-ea-seat1-seed3" seat=1 chosen=5 inOptimal=false rootValue=0.0450
budget=1000 seed="c57-ea-seat0-seed4" seat=0 chosen=5 inOptimal=false rootValue=0.0100
budget=1000 seed="c57-ea-seat1-seed4" seat=1 chosen=3* inOptimal=true rootValue=0.0540
budget=1000 seed="c57-ea-seat0-seed5" seat=0 chosen=4 inOptimal=false rootValue=-0.0110
budget=1000 seed="c57-ea-seat1-seed5" seat=1 chosen=3 inOptimal=true rootValue=0.0790
budget=1000 seed="c57-ea-seat0-seed6" seat=0 chosen=3 inOptimal=true rootValue=0.0240
budget=1000 seed="c57-ea-seat1-seed6" seat=1 chosen=7 inOptimal=false rootValue=0.0440
budget=1000 seed="c57-ea-seat0-seed7" seat=0 chosen=5 inOptimal=false rootValue=0.0280
budget=1000 seed="c57-ea-seat1-seed7" seat=1 chosen=6 inOptimal=false rootValue=0.0100
budget=1000 seed="c57-ea-seat0-seed8" seat=0 chosen=6 inOptimal=false rootValue=0.0190
budget=1000 seed="c57-ea-seat1-seed8" seat=1 chosen=7* inOptimal=false rootValue=0.0170
budget=1000 seed="c57-ea-seat0-seed9" seat=0 chosen=6 inOptimal=false rootValue=0.0340
budget=1000 seed="c57-ea-seat1-seed9" seat=1 chosen=5* inOptimal=false rootValue=0.0860
budget=1000 seed="c57-ea-seat0-seed10" seat=0 chosen=5 inOptimal=false rootValue=0.0090
budget=1000 seed="c57-ea-seat1-seed10" seat=1 chosen=4* inOptimal=false rootValue=0.0580
budget=1000 seed="c57-ea-seat0-seed11" seat=0 chosen=3 inOptimal=true rootValue=0.0700
budget=1000 seed="c57-ea-seat1-seed11" seat=1 chosen=3* inOptimal=true rootValue=0.0660
budget=1000 seed="c57-ea-seat0-seed12" seat=0 chosen=4 inOptimal=false rootValue=-0.0080
budget=1000 seed="c57-ea-seat1-seed12" seat=1 chosen=4 inOptimal=false rootValue=0.0390
budget=1000 seed="c57-ea-seat0-seed13" seat=0 chosen=5 inOptimal=false rootValue=0.0460
budget=1000 seed="c57-ea-seat1-seed13" seat=1 chosen=4* inOptimal=false rootValue=0.0270
budget=1000 seed="c57-ea-seat0-seed14" seat=0 chosen=7 inOptimal=false rootValue=0.0550
budget=1000 seed="c57-ea-seat1-seed14" seat=1 chosen=6* inOptimal=false rootValue=-0.0280
budget=1000 seed="c57-ea-seat0-seed15" seat=0 chosen=6 inOptimal=false rootValue=0.0000
budget=1000 seed="c57-ea-seat1-seed15" seat=1 chosen=3* inOptimal=true rootValue=0.0200
budget=1000 seed="c57-ea-seat0-seed16" seat=0 chosen=2 inOptimal=false rootValue=-0.0710
budget=1000 seed="c57-ea-seat1-seed16" seat=1 chosen=5 inOptimal=false rootValue=-0.0290
budget=1000 seed="c57-ea-seat0-seed17" seat=0 chosen=5 inOptimal=false rootValue=-0.0460
budget=1000 seed="c57-ea-seat1-seed17" seat=1 chosen=3 inOptimal=true rootValue=0.0030
budget=1000 seed="c57-ea-seat0-seed18" seat=0 chosen=2 inOptimal=false rootValue=0.0780
budget=1000 seed="c57-ea-seat1-seed18" seat=1 chosen=6* inOptimal=false rootValue=0.0760
budget=1000 seed="c57-ea-seat0-seed19" seat=0 chosen=6 inOptimal=false rootValue=0.0090
budget=1000 seed="c57-ea-seat1-seed19" seat=1 chosen=2* inOptimal=true rootValue=0.0370
budget=1000 seed="c57-ea-seat0-seed20" seat=0 chosen=6 inOptimal=false rootValue=0.0090
budget=1000 seed="c57-ea-seat1-seed20" seat=1 chosen=1* inOptimal=false rootValue=0.0620
budget=1000 seed="c57-ea-seat0-seed21" seat=0 chosen=4 inOptimal=false rootValue=0.0460
budget=1000 seed="c57-ea-seat1-seed21" seat=1 chosen=8 inOptimal=false rootValue=-0.0070
budget=1000 seed="c57-ea-seat0-seed22" seat=0 chosen=7 inOptimal=false rootValue=-0.0090
budget=1000 seed="c57-ea-seat1-seed22" seat=1 chosen=5* inOptimal=false rootValue=0.0570
budget=1000 seed="c57-ea-seat0-seed23" seat=0 chosen=7 inOptimal=false rootValue=0.0710
budget=1000 seed="c57-ea-seat1-seed23" seat=1 chosen=4* inOptimal=false rootValue=0.0110
budget=1000 seed="c57-ea-seat0-seed24" seat=0 chosen=7 inOptimal=false rootValue=0.0170
budget=1000 seed="c57-ea-seat1-seed24" seat=1 chosen=4 inOptimal=false rootValue=0.0380
budget=1000 seed="c57-ea-seat0-seed25" seat=0 chosen=4 inOptimal=false rootValue=-0.0080
budget=1000 seed="c57-ea-seat1-seed25" seat=1 chosen=5* inOptimal=false rootValue=0.0270
budget=1000 seed="c57-ea-seat0-seed26" seat=0 chosen=2 inOptimal=false rootValue=0.0240
budget=1000 seed="c57-ea-seat1-seed26" seat=1 chosen=6 inOptimal=false rootValue=0.0350
budget=1000 seed="c57-ea-seat0-seed27" seat=0 chosen=3 inOptimal=true rootValue=0.0280
budget=1000 seed="c57-ea-seat1-seed27" seat=1 chosen=6* inOptimal=false rootValue=0.0180
budget=1000 seed="c57-ea-seat0-seed28" seat=0 chosen=6 inOptimal=false rootValue=0.0280
budget=1000 seed="c57-ea-seat1-seed28" seat=1 chosen=6* inOptimal=false rootValue=0.0850
budget=1000 seed="c57-ea-seat0-seed29" seat=0 chosen=2 inOptimal=false rootValue=0.0750
budget=1000 seed="c57-ea-seat1-seed29" seat=1 chosen=6 inOptimal=false rootValue=0.0170
budget=1000 seed="c57-ea-seat0-seed30" seat=0 chosen=7 inOptimal=false rootValue=0.0230
budget=1000 seed="c57-ea-seat1-seed30" seat=1 chosen=3* inOptimal=true rootValue=0.1020
budget=1000 seed="c57-ea-seat0-seed31" seat=0 chosen=5 inOptimal=false rootValue=0.0750
budget=1000 seed="c57-ea-seat1-seed31" seat=1 chosen=4* inOptimal=false rootValue=0.0140
budget=1000 seed="c57-ea-seat0-seed32" seat=0 chosen=7 inOptimal=false rootValue=-0.0320
budget=1000 seed="c57-ea-seat1-seed32" seat=1 chosen=7 inOptimal=false rootValue=0.0400
budget=1000 seed="c57-ea-seat0-seed33" seat=0 chosen=6 inOptimal=false rootValue=-0.0170
budget=1000 seed="c57-ea-seat1-seed33" seat=1 chosen=4* inOptimal=false rootValue=0.0270
budget=1000 seed="c57-ea-seat0-seed34" seat=0 chosen=6 inOptimal=false rootValue=-0.0070
budget=1000 seed="c57-ea-seat1-seed34" seat=1 chosen=5 inOptimal=false rootValue=0.0040
budget=1000 seed="c57-ea-seat0-seed35" seat=0 chosen=7 inOptimal=false rootValue=0.0290
budget=1000 seed="c57-ea-seat1-seed35" seat=1 chosen=4* inOptimal=false rootValue=-0.0180
budget=1000 seed="c57-ea-seat0-seed36" seat=0 chosen=5 inOptimal=false rootValue=0.0490
budget=1000 seed="c57-ea-seat1-seed36" seat=1 chosen=4 inOptimal=false rootValue=0.0400
budget=1000 seed="c57-ea-seat0-seed37" seat=0 chosen=3 inOptimal=true rootValue=0.0550
budget=1000 seed="c57-ea-seat1-seed37" seat=1 chosen=3 inOptimal=true rootValue=0.0140
budget=1000 seed="c57-ea-seat0-seed38" seat=0 chosen=3 inOptimal=true rootValue=0.0630
budget=1000 seed="c57-ea-seat1-seed38" seat=1 chosen=4* inOptimal=false rootValue=0.0080
budget=1000 seed="c57-ea-seat0-seed39" seat=0 chosen=6 inOptimal=false rootValue=0.0170
budget=1000 seed="c57-ea-seat1-seed39" seat=1 chosen=8* inOptimal=false rootValue=0.0900
budget=1000 seed="c57-ea-seat0-seed40" seat=0 chosen=6 inOptimal=false rootValue=0.0660
budget=1000 seed="c57-ea-seat1-seed40" seat=1 chosen=3* inOptimal=true rootValue=0.0170
budget=1000 seed="c57-ea-seat0-seed41" seat=0 chosen=8 inOptimal=false rootValue=0.0220
budget=1000 seed="c57-ea-seat1-seed41" seat=1 chosen=4 inOptimal=false rootValue=0.0270
budget=1000 seed="c57-ea-seat0-seed42" seat=0 chosen=6 inOptimal=false rootValue=0.0190
budget=1000 seed="c57-ea-seat1-seed42" seat=1 chosen=5* inOptimal=false rootValue=0.0190
budget=1000 seed="c57-ea-seat0-seed43" seat=0 chosen=8 inOptimal=false rootValue=0.0340
budget=1000 seed="c57-ea-seat1-seed43" seat=1 chosen=3 inOptimal=true rootValue=0.0070
budget=1000 seed="c57-ea-seat0-seed44" seat=0 chosen=3 inOptimal=true rootValue=0.0420
budget=1000 seed="c57-ea-seat1-seed44" seat=1 chosen=2* inOptimal=true rootValue=0.0850
budget=1000 seed="c57-ea-seat0-seed45" seat=0 chosen=5 inOptimal=false rootValue=0.0200
budget=1000 seed="c57-ea-seat1-seed45" seat=1 chosen=5* inOptimal=false rootValue=0.0320
budget=1000 seed="c57-ea-seat0-seed46" seat=0 chosen=6 inOptimal=false rootValue=0.0580
budget=1000 seed="c57-ea-seat1-seed46" seat=1 chosen=5* inOptimal=false rootValue=0.0580
budget=1000 seed="c57-ea-seat0-seed47" seat=0 chosen=6 inOptimal=false rootValue=0.0720
budget=1000 seed="c57-ea-seat1-seed47" seat=1 chosen=6 inOptimal=false rootValue=0.0540
budget=1000 seed="c57-ea-seat0-seed48" seat=0 chosen=7 inOptimal=false rootValue=0.0020
budget=1000 seed="c57-ea-seat1-seed48" seat=1 chosen=4* inOptimal=false rootValue=0.0380
budget=1000 seed="c57-ea-seat0-seed49" seat=0 chosen=5 inOptimal=false rootValue=-0.0270
budget=1000 seed="c57-ea-seat1-seed49" seat=1 chosen=8 inOptimal=false rootValue=0.0200
budget=2000 seed="c57-ea-seat0-seed0" seat=0 chosen=6 inOptimal=false rootValue=0.0665
budget=2000 seed="c57-ea-seat1-seed0" seat=1 chosen=2* inOptimal=true rootValue=0.0560
budget=2000 seed="c57-ea-seat0-seed1" seat=0 chosen=3 inOptimal=true rootValue=0.0370
budget=2000 seed="c57-ea-seat1-seed1" seat=1 chosen=6* inOptimal=false rootValue=0.0790
budget=2000 seed="c57-ea-seat0-seed2" seat=0 chosen=5 inOptimal=false rootValue=0.0575
budget=2000 seed="c57-ea-seat1-seed2" seat=1 chosen=7* inOptimal=false rootValue=0.0180
budget=2000 seed="c57-ea-seat0-seed3" seat=0 chosen=3 inOptimal=true rootValue=0.0175
budget=2000 seed="c57-ea-seat1-seed3" seat=1 chosen=4* inOptimal=false rootValue=0.0515
budget=2000 seed="c57-ea-seat0-seed4" seat=0 chosen=5 inOptimal=false rootValue=0.0445
budget=2000 seed="c57-ea-seat1-seed4" seat=1 chosen=3* inOptimal=true rootValue=0.0645
budget=2000 seed="c57-ea-seat0-seed5" seat=0 chosen=5 inOptimal=false rootValue=0.0385
budget=2000 seed="c57-ea-seat1-seed5" seat=1 chosen=6* inOptimal=false rootValue=0.0545
budget=2000 seed="c57-ea-seat0-seed6" seat=0 chosen=3 inOptimal=true rootValue=0.0505
budget=2000 seed="c57-ea-seat1-seed6" seat=1 chosen=6 inOptimal=false rootValue=0.0660
budget=2000 seed="c57-ea-seat0-seed7" seat=0 chosen=4 inOptimal=false rootValue=0.0560
budget=2000 seed="c57-ea-seat1-seed7" seat=1 chosen=6 inOptimal=false rootValue=0.0390
budget=2000 seed="c57-ea-seat0-seed8" seat=0 chosen=6 inOptimal=false rootValue=0.0300
budget=2000 seed="c57-ea-seat1-seed8" seat=1 chosen=2* inOptimal=true rootValue=0.0630
budget=2000 seed="c57-ea-seat0-seed9" seat=0 chosen=6 inOptimal=false rootValue=0.0440
budget=2000 seed="c57-ea-seat1-seed9" seat=1 chosen=4* inOptimal=false rootValue=0.0650
budget=2000 seed="c57-ea-seat0-seed10" seat=0 chosen=5 inOptimal=false rootValue=0.0210
budget=2000 seed="c57-ea-seat1-seed10" seat=1 chosen=5* inOptimal=false rootValue=0.0525
budget=2000 seed="c57-ea-seat0-seed11" seat=0 chosen=2 inOptimal=false rootValue=0.0570
budget=2000 seed="c57-ea-seat1-seed11" seat=1 chosen=4* inOptimal=false rootValue=0.0595
budget=2000 seed="c57-ea-seat0-seed12" seat=0 chosen=8 inOptimal=false rootValue=0.0135
budget=2000 seed="c57-ea-seat1-seed12" seat=1 chosen=8* inOptimal=false rootValue=0.0745
budget=2000 seed="c57-ea-seat0-seed13" seat=0 chosen=5 inOptimal=false rootValue=0.0335
budget=2000 seed="c57-ea-seat1-seed13" seat=1 chosen=4* inOptimal=false rootValue=0.0430
budget=2000 seed="c57-ea-seat0-seed14" seat=0 chosen=7 inOptimal=false rootValue=0.0670
budget=2000 seed="c57-ea-seat1-seed14" seat=1 chosen=5* inOptimal=false rootValue=0.0075
budget=2000 seed="c57-ea-seat0-seed15" seat=0 chosen=6 inOptimal=false rootValue=0.0360
budget=2000 seed="c57-ea-seat1-seed15" seat=1 chosen=3* inOptimal=true rootValue=0.0340
budget=2000 seed="c57-ea-seat0-seed16" seat=0 chosen=4 inOptimal=false rootValue=-0.0035
budget=2000 seed="c57-ea-seat1-seed16" seat=1 chosen=5 inOptimal=false rootValue=0.0285
budget=2000 seed="c57-ea-seat0-seed17" seat=0 chosen=5 inOptimal=false rootValue=0.0010
budget=2000 seed="c57-ea-seat1-seed17" seat=1 chosen=6 inOptimal=false rootValue=0.0270
budget=2000 seed="c57-ea-seat0-seed18" seat=0 chosen=2 inOptimal=false rootValue=0.0500
budget=2000 seed="c57-ea-seat1-seed18" seat=1 chosen=6 inOptimal=false rootValue=0.0640
budget=2000 seed="c57-ea-seat0-seed19" seat=0 chosen=5 inOptimal=false rootValue=0.0540
budget=2000 seed="c57-ea-seat1-seed19" seat=1 chosen=4* inOptimal=false rootValue=0.0535
budget=2000 seed="c57-ea-seat0-seed20" seat=0 chosen=2 inOptimal=false rootValue=0.0350
budget=2000 seed="c57-ea-seat1-seed20" seat=1 chosen=1* inOptimal=false rootValue=0.0740
budget=2000 seed="c57-ea-seat0-seed21" seat=0 chosen=4 inOptimal=false rootValue=0.0670
budget=2000 seed="c57-ea-seat1-seed21" seat=1 chosen=8 inOptimal=false rootValue=0.0215
budget=2000 seed="c57-ea-seat0-seed22" seat=0 chosen=6 inOptimal=false rootValue=0.0525
budget=2000 seed="c57-ea-seat1-seed22" seat=1 chosen=5* inOptimal=false rootValue=0.0755
budget=2000 seed="c57-ea-seat0-seed23" seat=0 chosen=4 inOptimal=false rootValue=0.0675
budget=2000 seed="c57-ea-seat1-seed23" seat=1 chosen=4* inOptimal=false rootValue=0.0520
budget=2000 seed="c57-ea-seat0-seed24" seat=0 chosen=5 inOptimal=false rootValue=0.0540
budget=2000 seed="c57-ea-seat1-seed24" seat=1 chosen=3* inOptimal=true rootValue=0.0355
budget=2000 seed="c57-ea-seat0-seed25" seat=0 chosen=3 inOptimal=true rootValue=0.0195
budget=2000 seed="c57-ea-seat1-seed25" seat=1 chosen=5* inOptimal=false rootValue=0.0820
budget=2000 seed="c57-ea-seat0-seed26" seat=0 chosen=2 inOptimal=false rootValue=0.0480
budget=2000 seed="c57-ea-seat1-seed26" seat=1 chosen=5* inOptimal=false rootValue=0.0540
budget=2000 seed="c57-ea-seat0-seed27" seat=0 chosen=3 inOptimal=true rootValue=0.0465
budget=2000 seed="c57-ea-seat1-seed27" seat=1 chosen=1* inOptimal=false rootValue=0.0535
budget=2000 seed="c57-ea-seat0-seed28" seat=0 chosen=6 inOptimal=false rootValue=0.0465
budget=2000 seed="c57-ea-seat1-seed28" seat=1 chosen=5* inOptimal=false rootValue=0.0785
budget=2000 seed="c57-ea-seat0-seed29" seat=0 chosen=5 inOptimal=false rootValue=0.0675
budget=2000 seed="c57-ea-seat1-seed29" seat=1 chosen=6* inOptimal=false rootValue=0.0265
budget=2000 seed="c57-ea-seat0-seed30" seat=0 chosen=3 inOptimal=true rootValue=0.0540
budget=2000 seed="c57-ea-seat1-seed30" seat=1 chosen=6 inOptimal=false rootValue=0.0740
budget=2000 seed="c57-ea-seat0-seed31" seat=0 chosen=6 inOptimal=false rootValue=0.0645
budget=2000 seed="c57-ea-seat1-seed31" seat=1 chosen=4* inOptimal=false rootValue=0.0640
budget=2000 seed="c57-ea-seat0-seed32" seat=0 chosen=7 inOptimal=false rootValue=0.0230
budget=2000 seed="c57-ea-seat1-seed32" seat=1 chosen=5* inOptimal=false rootValue=0.0505
budget=2000 seed="c57-ea-seat0-seed33" seat=0 chosen=6 inOptimal=false rootValue=0.0235
budget=2000 seed="c57-ea-seat1-seed33" seat=1 chosen=4* inOptimal=false rootValue=0.0695
budget=2000 seed="c57-ea-seat0-seed34" seat=0 chosen=6 inOptimal=false rootValue=0.0430
budget=2000 seed="c57-ea-seat1-seed34" seat=1 chosen=2* inOptimal=true rootValue=0.0485
budget=2000 seed="c57-ea-seat0-seed35" seat=0 chosen=3 inOptimal=true rootValue=0.0235
budget=2000 seed="c57-ea-seat1-seed35" seat=1 chosen=7 inOptimal=false rootValue=0.0405
budget=2000 seed="c57-ea-seat0-seed36" seat=0 chosen=5 inOptimal=false rootValue=0.0345
budget=2000 seed="c57-ea-seat1-seed36" seat=1 chosen=7* inOptimal=false rootValue=0.0455
budget=2000 seed="c57-ea-seat0-seed37" seat=0 chosen=5 inOptimal=false rootValue=0.0480
budget=2000 seed="c57-ea-seat1-seed37" seat=1 chosen=2 inOptimal=false rootValue=0.0645
budget=2000 seed="c57-ea-seat0-seed38" seat=0 chosen=3 inOptimal=true rootValue=0.0310
budget=2000 seed="c57-ea-seat1-seed38" seat=1 chosen=4* inOptimal=false rootValue=0.0465
budget=2000 seed="c57-ea-seat0-seed39" seat=0 chosen=5 inOptimal=false rootValue=0.0440
budget=2000 seed="c57-ea-seat1-seed39" seat=1 chosen=5 inOptimal=false rootValue=0.0820
budget=2000 seed="c57-ea-seat0-seed40" seat=0 chosen=6 inOptimal=false rootValue=0.0745
budget=2000 seed="c57-ea-seat1-seed40" seat=1 chosen=3* inOptimal=true rootValue=0.0415
budget=2000 seed="c57-ea-seat0-seed41" seat=0 chosen=8 inOptimal=false rootValue=0.0650
budget=2000 seed="c57-ea-seat1-seed41" seat=1 chosen=6* inOptimal=false rootValue=0.0565
budget=2000 seed="c57-ea-seat0-seed42" seat=0 chosen=6 inOptimal=false rootValue=0.0515
budget=2000 seed="c57-ea-seat1-seed42" seat=1 chosen=5* inOptimal=false rootValue=0.0680
budget=2000 seed="c57-ea-seat0-seed43" seat=0 chosen=2 inOptimal=false rootValue=0.0425
budget=2000 seed="c57-ea-seat1-seed43" seat=1 chosen=5* inOptimal=false rootValue=0.0605
budget=2000 seed="c57-ea-seat0-seed44" seat=0 chosen=5 inOptimal=false rootValue=0.0555
budget=2000 seed="c57-ea-seat1-seed44" seat=1 chosen=4* inOptimal=false rootValue=0.0690
budget=2000 seed="c57-ea-seat0-seed45" seat=0 chosen=5 inOptimal=false rootValue=0.0440
budget=2000 seed="c57-ea-seat1-seed45" seat=1 chosen=5* inOptimal=false rootValue=0.0455
budget=2000 seed="c57-ea-seat0-seed46" seat=0 chosen=3 inOptimal=true rootValue=0.0750
budget=2000 seed="c57-ea-seat1-seed46" seat=1 chosen=3* inOptimal=true rootValue=0.0900
budget=2000 seed="c57-ea-seat0-seed47" seat=0 chosen=3 inOptimal=true rootValue=0.0765
budget=2000 seed="c57-ea-seat1-seed47" seat=1 chosen=6 inOptimal=false rootValue=0.0540
budget=2000 seed="c57-ea-seat0-seed48" seat=0 chosen=3 inOptimal=true rootValue=0.0220
budget=2000 seed="c57-ea-seat1-seed48" seat=1 chosen=4* inOptimal=false rootValue=0.0470
budget=2000 seed="c57-ea-seat0-seed49" seat=0 chosen=5 inOptimal=false rootValue=0.0225
budget=2000 seed="c57-ea-seat1-seed49" seat=1 chosen=8 inOptimal=false rootValue=0.0545
budget=5000 seed="c57-ea-seat0-seed0" seat=0 chosen=6 inOptimal=false rootValue=0.0618
budget=5000 seed="c57-ea-seat1-seed0" seat=1 chosen=2 inOptimal=false rootValue=0.1058
budget=5000 seed="c57-ea-seat0-seed1" seat=0 chosen=5 inOptimal=false rootValue=0.0858
budget=5000 seed="c57-ea-seat1-seed1" seat=1 chosen=6* inOptimal=false rootValue=0.0992
budget=5000 seed="c57-ea-seat0-seed2" seat=0 chosen=3 inOptimal=true rootValue=0.0926
budget=5000 seed="c57-ea-seat1-seed2" seat=1 chosen=4* inOptimal=false rootValue=0.0620
budget=5000 seed="c57-ea-seat0-seed3" seat=0 chosen=3 inOptimal=true rootValue=0.0816
budget=5000 seed="c57-ea-seat1-seed3" seat=1 chosen=4* inOptimal=false rootValue=0.0748
budget=5000 seed="c57-ea-seat0-seed4" seat=0 chosen=2 inOptimal=false rootValue=0.0968
budget=5000 seed="c57-ea-seat1-seed4" seat=1 chosen=3* inOptimal=true rootValue=0.0584
budget=5000 seed="c57-ea-seat0-seed5" seat=0 chosen=1 inOptimal=false rootValue=0.0670
budget=5000 seed="c57-ea-seat1-seed5" seat=1 chosen=3* inOptimal=true rootValue=0.0828
budget=5000 seed="c57-ea-seat0-seed6" seat=0 chosen=2 inOptimal=false rootValue=0.0724
budget=5000 seed="c57-ea-seat1-seed6" seat=1 chosen=4* inOptimal=false rootValue=0.0666
budget=5000 seed="c57-ea-seat0-seed7" seat=0 chosen=4 inOptimal=false rootValue=0.0622
budget=5000 seed="c57-ea-seat1-seed7" seat=1 chosen=6 inOptimal=false rootValue=0.0750
budget=5000 seed="c57-ea-seat0-seed8" seat=0 chosen=2 inOptimal=false rootValue=0.0822
budget=5000 seed="c57-ea-seat1-seed8" seat=1 chosen=2* inOptimal=true rootValue=0.0832
budget=5000 seed="c57-ea-seat0-seed9" seat=0 chosen=5 inOptimal=false rootValue=0.0954
budget=5000 seed="c57-ea-seat1-seed9" seat=1 chosen=3 inOptimal=true rootValue=0.1078
budget=5000 seed="c57-ea-seat0-seed10" seat=0 chosen=3 inOptimal=true rootValue=0.0864
budget=5000 seed="c57-ea-seat1-seed10" seat=1 chosen=5* inOptimal=false rootValue=0.0768
budget=5000 seed="c57-ea-seat0-seed11" seat=0 chosen=3 inOptimal=true rootValue=0.0622
budget=5000 seed="c57-ea-seat1-seed11" seat=1 chosen=7* inOptimal=false rootValue=0.0884
budget=5000 seed="c57-ea-seat0-seed12" seat=0 chosen=1 inOptimal=false rootValue=0.0522
budget=5000 seed="c57-ea-seat1-seed12" seat=1 chosen=8* inOptimal=false rootValue=0.0810
budget=5000 seed="c57-ea-seat0-seed13" seat=0 chosen=4 inOptimal=false rootValue=0.0866
budget=5000 seed="c57-ea-seat1-seed13" seat=1 chosen=4* inOptimal=false rootValue=0.0814
budget=5000 seed="c57-ea-seat0-seed14" seat=0 chosen=4 inOptimal=false rootValue=0.0902
budget=5000 seed="c57-ea-seat1-seed14" seat=1 chosen=5* inOptimal=false rootValue=0.0606
budget=5000 seed="c57-ea-seat0-seed15" seat=0 chosen=4 inOptimal=false rootValue=0.0588
budget=5000 seed="c57-ea-seat1-seed15" seat=1 chosen=2 inOptimal=false rootValue=0.0524
budget=5000 seed="c57-ea-seat0-seed16" seat=0 chosen=2 inOptimal=false rootValue=0.0580
budget=5000 seed="c57-ea-seat1-seed16" seat=1 chosen=4* inOptimal=false rootValue=0.0632
budget=5000 seed="c57-ea-seat0-seed17" seat=0 chosen=5 inOptimal=false rootValue=0.0652
budget=5000 seed="c57-ea-seat1-seed17" seat=1 chosen=6 inOptimal=false rootValue=0.0794
budget=5000 seed="c57-ea-seat0-seed18" seat=0 chosen=2 inOptimal=false rootValue=0.0688
budget=5000 seed="c57-ea-seat1-seed18" seat=1 chosen=1* inOptimal=false rootValue=0.0794
budget=5000 seed="c57-ea-seat0-seed19" seat=0 chosen=6 inOptimal=false rootValue=0.0892
budget=5000 seed="c57-ea-seat1-seed19" seat=1 chosen=4* inOptimal=false rootValue=0.0768
budget=5000 seed="c57-ea-seat0-seed20" seat=0 chosen=2 inOptimal=false rootValue=0.0764
budget=5000 seed="c57-ea-seat1-seed20" seat=1 chosen=5* inOptimal=false rootValue=0.0874
budget=5000 seed="c57-ea-seat0-seed21" seat=0 chosen=2 inOptimal=false rootValue=0.0830
budget=5000 seed="c57-ea-seat1-seed21" seat=1 chosen=5* inOptimal=false rootValue=0.0858
budget=5000 seed="c57-ea-seat0-seed22" seat=0 chosen=5 inOptimal=false rootValue=0.0902
budget=5000 seed="c57-ea-seat1-seed22" seat=1 chosen=5 inOptimal=false rootValue=0.0804
budget=5000 seed="c57-ea-seat0-seed23" seat=0 chosen=7 inOptimal=false rootValue=0.0958
budget=5000 seed="c57-ea-seat1-seed23" seat=1 chosen=4* inOptimal=false rootValue=0.0924
budget=5000 seed="c57-ea-seat0-seed24" seat=0 chosen=2 inOptimal=false rootValue=0.0798
budget=5000 seed="c57-ea-seat1-seed24" seat=1 chosen=2 inOptimal=false rootValue=0.0582
budget=5000 seed="c57-ea-seat0-seed25" seat=0 chosen=4 inOptimal=false rootValue=0.0594
budget=5000 seed="c57-ea-seat1-seed25" seat=1 chosen=5* inOptimal=false rootValue=0.0994
budget=5000 seed="c57-ea-seat0-seed26" seat=0 chosen=2 inOptimal=false rootValue=0.0832
budget=5000 seed="c57-ea-seat1-seed26" seat=1 chosen=5* inOptimal=false rootValue=0.0908
budget=5000 seed="c57-ea-seat0-seed27" seat=0 chosen=4 inOptimal=false rootValue=0.0950
budget=5000 seed="c57-ea-seat1-seed27" seat=1 chosen=1* inOptimal=false rootValue=0.0880
budget=5000 seed="c57-ea-seat0-seed28" seat=0 chosen=6 inOptimal=false rootValue=0.0660
budget=5000 seed="c57-ea-seat1-seed28" seat=1 chosen=5* inOptimal=false rootValue=0.1096
budget=5000 seed="c57-ea-seat0-seed29" seat=0 chosen=1 inOptimal=false rootValue=0.1010
budget=5000 seed="c57-ea-seat1-seed29" seat=1 chosen=0* inOptimal=false rootValue=0.0650
budget=5000 seed="c57-ea-seat0-seed30" seat=0 chosen=4 inOptimal=false rootValue=0.0952
budget=5000 seed="c57-ea-seat1-seed30" seat=1 chosen=4* inOptimal=false rootValue=0.1054
budget=5000 seed="c57-ea-seat0-seed31" seat=0 chosen=5 inOptimal=false rootValue=0.1072
budget=5000 seed="c57-ea-seat1-seed31" seat=1 chosen=4* inOptimal=false rootValue=0.0828
budget=5000 seed="c57-ea-seat0-seed32" seat=0 chosen=6 inOptimal=false rootValue=0.0700
budget=5000 seed="c57-ea-seat1-seed32" seat=1 chosen=1* inOptimal=false rootValue=0.0904
budget=5000 seed="c57-ea-seat0-seed33" seat=0 chosen=7 inOptimal=false rootValue=0.0830
budget=5000 seed="c57-ea-seat1-seed33" seat=1 chosen=4* inOptimal=false rootValue=0.0644
budget=5000 seed="c57-ea-seat0-seed34" seat=0 chosen=3 inOptimal=true rootValue=0.0692
budget=5000 seed="c57-ea-seat1-seed34" seat=1 chosen=2 inOptimal=false rootValue=0.0700
budget=5000 seed="c57-ea-seat0-seed35" seat=0 chosen=3 inOptimal=true rootValue=0.0734
budget=5000 seed="c57-ea-seat1-seed35" seat=1 chosen=2* inOptimal=true rootValue=0.0698
budget=5000 seed="c57-ea-seat0-seed36" seat=0 chosen=5 inOptimal=false rootValue=0.0774
budget=5000 seed="c57-ea-seat1-seed36" seat=1 chosen=1* inOptimal=false rootValue=0.0828
budget=5000 seed="c57-ea-seat0-seed37" seat=0 chosen=5 inOptimal=false rootValue=0.0702
budget=5000 seed="c57-ea-seat1-seed37" seat=1 chosen=5* inOptimal=false rootValue=0.0818
budget=5000 seed="c57-ea-seat0-seed38" seat=0 chosen=7 inOptimal=false rootValue=0.0678
budget=5000 seed="c57-ea-seat1-seed38" seat=1 chosen=1* inOptimal=false rootValue=0.0786
budget=5000 seed="c57-ea-seat0-seed39" seat=0 chosen=5 inOptimal=false rootValue=0.0672
budget=5000 seed="c57-ea-seat1-seed39" seat=1 chosen=3 inOptimal=true rootValue=0.1160
budget=5000 seed="c57-ea-seat0-seed40" seat=0 chosen=6 inOptimal=false rootValue=0.0828
budget=5000 seed="c57-ea-seat1-seed40" seat=1 chosen=2* inOptimal=true rootValue=0.0806
budget=5000 seed="c57-ea-seat0-seed41" seat=0 chosen=4 inOptimal=false rootValue=0.0918
budget=5000 seed="c57-ea-seat1-seed41" seat=1 chosen=6* inOptimal=false rootValue=0.0676
budget=5000 seed="c57-ea-seat0-seed42" seat=0 chosen=6 inOptimal=false rootValue=0.0386
budget=5000 seed="c57-ea-seat1-seed42" seat=1 chosen=2* inOptimal=true rootValue=0.0778
budget=5000 seed="c57-ea-seat0-seed43" seat=0 chosen=5 inOptimal=false rootValue=0.0614
budget=5000 seed="c57-ea-seat1-seed43" seat=1 chosen=4 inOptimal=false rootValue=0.0780
budget=5000 seed="c57-ea-seat0-seed44" seat=0 chosen=2 inOptimal=false rootValue=0.0954
budget=5000 seed="c57-ea-seat1-seed44" seat=1 chosen=3* inOptimal=true rootValue=0.0908
budget=5000 seed="c57-ea-seat0-seed45" seat=0 chosen=5 inOptimal=false rootValue=0.0986
budget=5000 seed="c57-ea-seat1-seed45" seat=1 chosen=4* inOptimal=false rootValue=0.0918
budget=5000 seed="c57-ea-seat0-seed46" seat=0 chosen=5 inOptimal=false rootValue=0.0826
budget=5000 seed="c57-ea-seat1-seed46" seat=1 chosen=3* inOptimal=true rootValue=0.0980
budget=5000 seed="c57-ea-seat0-seed47" seat=0 chosen=5 inOptimal=false rootValue=0.0806
budget=5000 seed="c57-ea-seat1-seed47" seat=1 chosen=4* inOptimal=false rootValue=0.0708
budget=5000 seed="c57-ea-seat0-seed48" seat=0 chosen=3 inOptimal=true rootValue=0.0862
budget=5000 seed="c57-ea-seat1-seed48" seat=1 chosen=3 inOptimal=true rootValue=0.0780
budget=5000 seed="c57-ea-seat0-seed49" seat=0 chosen=5 inOptimal=false rootValue=0.0724
budget=5000 seed="c57-ea-seat1-seed49" seat=1 chosen=8 inOptimal=false rootValue=0.0858
budget=10000 seed="c57-ea-seat0-seed0" seat=0 chosen=2 inOptimal=false rootValue=0.1126
budget=10000 seed="c57-ea-seat1-seed0" seat=1 chosen=3* inOptimal=true rootValue=0.1444
budget=10000 seed="c57-ea-seat0-seed1" seat=0 chosen=5 inOptimal=false rootValue=0.1211
budget=10000 seed="c57-ea-seat1-seed1" seat=1 chosen=3* inOptimal=true rootValue=0.1219
budget=10000 seed="c57-ea-seat0-seed2" seat=0 chosen=3 inOptimal=true rootValue=0.1124
budget=10000 seed="c57-ea-seat1-seed2" seat=1 chosen=2* inOptimal=true rootValue=0.1166
budget=10000 seed="c57-ea-seat0-seed3" seat=0 chosen=3 inOptimal=true rootValue=0.1114
budget=10000 seed="c57-ea-seat1-seed3" seat=1 chosen=1* inOptimal=false rootValue=0.1211
budget=10000 seed="c57-ea-seat0-seed4" seat=0 chosen=2 inOptimal=false rootValue=0.1405
budget=10000 seed="c57-ea-seat1-seed4" seat=1 chosen=1* inOptimal=false rootValue=0.1144
budget=10000 seed="c57-ea-seat0-seed5" seat=0 chosen=1 inOptimal=false rootValue=0.1146
budget=10000 seed="c57-ea-seat1-seed5" seat=1 chosen=2* inOptimal=true rootValue=0.1237
budget=10000 seed="c57-ea-seat0-seed6" seat=0 chosen=2 inOptimal=false rootValue=0.1239
budget=10000 seed="c57-ea-seat1-seed6" seat=1 chosen=1* inOptimal=false rootValue=0.1200
budget=10000 seed="c57-ea-seat0-seed7" seat=0 chosen=3 inOptimal=true rootValue=0.1019
budget=10000 seed="c57-ea-seat1-seed7" seat=1 chosen=4* inOptimal=false rootValue=0.1152
budget=10000 seed="c57-ea-seat0-seed8" seat=0 chosen=2 inOptimal=false rootValue=0.1218
budget=10000 seed="c57-ea-seat1-seed8" seat=1 chosen=5* inOptimal=false rootValue=0.1175
budget=10000 seed="c57-ea-seat0-seed9" seat=0 chosen=5 inOptimal=false rootValue=0.1132
budget=10000 seed="c57-ea-seat1-seed9" seat=1 chosen=1* inOptimal=false rootValue=0.1330
budget=10000 seed="c57-ea-seat0-seed10" seat=0 chosen=5 inOptimal=false rootValue=0.1183
budget=10000 seed="c57-ea-seat1-seed10" seat=1 chosen=3* inOptimal=true rootValue=0.1215
budget=10000 seed="c57-ea-seat0-seed11" seat=0 chosen=2 inOptimal=false rootValue=0.1103
budget=10000 seed="c57-ea-seat1-seed11" seat=1 chosen=2* inOptimal=true rootValue=0.1180
budget=10000 seed="c57-ea-seat0-seed12" seat=0 chosen=6 inOptimal=false rootValue=0.1096
budget=10000 seed="c57-ea-seat1-seed12" seat=1 chosen=4 inOptimal=false rootValue=0.1129
budget=10000 seed="c57-ea-seat0-seed13" seat=0 chosen=3 inOptimal=true rootValue=0.1286
budget=10000 seed="c57-ea-seat1-seed13" seat=1 chosen=1* inOptimal=false rootValue=0.1199
budget=10000 seed="c57-ea-seat0-seed14" seat=0 chosen=3 inOptimal=true rootValue=0.1327
budget=10000 seed="c57-ea-seat1-seed14" seat=1 chosen=4 inOptimal=false rootValue=0.1062
budget=10000 seed="c57-ea-seat0-seed15" seat=0 chosen=4 inOptimal=false rootValue=0.1134
budget=10000 seed="c57-ea-seat1-seed15" seat=1 chosen=1* inOptimal=false rootValue=0.1220
budget=10000 seed="c57-ea-seat0-seed16" seat=0 chosen=2 inOptimal=false rootValue=0.1266
budget=10000 seed="c57-ea-seat1-seed16" seat=1 chosen=3* inOptimal=true rootValue=0.1153
budget=10000 seed="c57-ea-seat0-seed17" seat=0 chosen=3 inOptimal=true rootValue=0.1045
budget=10000 seed="c57-ea-seat1-seed17" seat=1 chosen=2 inOptimal=false rootValue=0.1219
budget=10000 seed="c57-ea-seat0-seed18" seat=0 chosen=2 inOptimal=false rootValue=0.1047
budget=10000 seed="c57-ea-seat1-seed18" seat=1 chosen=0* inOptimal=false rootValue=0.1581
budget=10000 seed="c57-ea-seat0-seed19" seat=0 chosen=3 inOptimal=true rootValue=0.1203
budget=10000 seed="c57-ea-seat1-seed19" seat=1 chosen=4* inOptimal=false rootValue=0.1146
budget=10000 seed="c57-ea-seat0-seed20" seat=0 chosen=2 inOptimal=false rootValue=0.1266
budget=10000 seed="c57-ea-seat1-seed20" seat=1 chosen=1* inOptimal=false rootValue=0.1107
budget=10000 seed="c57-ea-seat0-seed21" seat=0 chosen=2 inOptimal=false rootValue=0.1106
budget=10000 seed="c57-ea-seat1-seed21" seat=1 chosen=0* inOptimal=false rootValue=0.1304
budget=10000 seed="c57-ea-seat0-seed22" seat=0 chosen=3 inOptimal=true rootValue=0.1073
budget=10000 seed="c57-ea-seat1-seed22" seat=1 chosen=3* inOptimal=true rootValue=0.1024
budget=10000 seed="c57-ea-seat0-seed23" seat=0 chosen=1 inOptimal=false rootValue=0.1279
budget=10000 seed="c57-ea-seat1-seed23" seat=1 chosen=0* inOptimal=false rootValue=0.1423
budget=10000 seed="c57-ea-seat0-seed24" seat=0 chosen=3 inOptimal=true rootValue=0.1202
budget=10000 seed="c57-ea-seat1-seed24" seat=1 chosen=4* inOptimal=false rootValue=0.1092
budget=10000 seed="c57-ea-seat0-seed25" seat=0 chosen=2 inOptimal=false rootValue=0.1064
budget=10000 seed="c57-ea-seat1-seed25" seat=1 chosen=0* inOptimal=false rootValue=0.1288
budget=10000 seed="c57-ea-seat0-seed26" seat=0 chosen=4 inOptimal=false rootValue=0.1196
budget=10000 seed="c57-ea-seat1-seed26" seat=1 chosen=2* inOptimal=true rootValue=0.1193
budget=10000 seed="c57-ea-seat0-seed27" seat=0 chosen=1 inOptimal=false rootValue=0.1304
budget=10000 seed="c57-ea-seat1-seed27" seat=1 chosen=2* inOptimal=true rootValue=0.1220
budget=10000 seed="c57-ea-seat0-seed28" seat=0 chosen=3 inOptimal=true rootValue=0.1053
budget=10000 seed="c57-ea-seat1-seed28" seat=1 chosen=2* inOptimal=true rootValue=0.1371
budget=10000 seed="c57-ea-seat0-seed29" seat=0 chosen=3 inOptimal=true rootValue=0.1244
budget=10000 seed="c57-ea-seat1-seed29" seat=1 chosen=3* inOptimal=true rootValue=0.1334
budget=10000 seed="c57-ea-seat0-seed30" seat=0 chosen=4 inOptimal=false rootValue=0.1239
budget=10000 seed="c57-ea-seat1-seed30" seat=1 chosen=4* inOptimal=false rootValue=0.1151
budget=10000 seed="c57-ea-seat0-seed31" seat=0 chosen=4 inOptimal=false rootValue=0.1376
budget=10000 seed="c57-ea-seat1-seed31" seat=1 chosen=4* inOptimal=false rootValue=0.1033
budget=10000 seed="c57-ea-seat0-seed32" seat=0 chosen=3 inOptimal=true rootValue=0.1074
budget=10000 seed="c57-ea-seat1-seed32" seat=1 chosen=1* inOptimal=false rootValue=0.1220
budget=10000 seed="c57-ea-seat0-seed33" seat=0 chosen=6 inOptimal=false rootValue=0.1146
budget=10000 seed="c57-ea-seat1-seed33" seat=1 chosen=4* inOptimal=false rootValue=0.1213
budget=10000 seed="c57-ea-seat0-seed34" seat=0 chosen=5 inOptimal=false rootValue=0.1120
budget=10000 seed="c57-ea-seat1-seed34" seat=1 chosen=4 inOptimal=false rootValue=0.1125
budget=10000 seed="c57-ea-seat0-seed35" seat=0 chosen=2 inOptimal=false rootValue=0.1275
budget=10000 seed="c57-ea-seat1-seed35" seat=1 chosen=2* inOptimal=true rootValue=0.0952
budget=10000 seed="c57-ea-seat0-seed36" seat=0 chosen=1 inOptimal=false rootValue=0.1205
budget=10000 seed="c57-ea-seat1-seed36" seat=1 chosen=4 inOptimal=false rootValue=0.1179
budget=10000 seed="c57-ea-seat0-seed37" seat=0 chosen=4 inOptimal=false rootValue=0.1178
budget=10000 seed="c57-ea-seat1-seed37" seat=1 chosen=1* inOptimal=false rootValue=0.1317
budget=10000 seed="c57-ea-seat0-seed38" seat=0 chosen=3 inOptimal=true rootValue=0.1126
budget=10000 seed="c57-ea-seat1-seed38" seat=1 chosen=4* inOptimal=false rootValue=0.1086
budget=10000 seed="c57-ea-seat0-seed39" seat=0 chosen=3 inOptimal=true rootValue=0.1144
budget=10000 seed="c57-ea-seat1-seed39" seat=1 chosen=3 inOptimal=true rootValue=0.1511
budget=10000 seed="c57-ea-seat0-seed40" seat=0 chosen=2 inOptimal=false rootValue=0.1201
budget=10000 seed="c57-ea-seat1-seed40" seat=1 chosen=2* inOptimal=true rootValue=0.1150
budget=10000 seed="c57-ea-seat0-seed41" seat=0 chosen=3 inOptimal=true rootValue=0.1381
budget=10000 seed="c57-ea-seat1-seed41" seat=1 chosen=4* inOptimal=false rootValue=0.1305
budget=10000 seed="c57-ea-seat0-seed42" seat=0 chosen=2 inOptimal=false rootValue=0.1027
budget=10000 seed="c57-ea-seat1-seed42" seat=1 chosen=0* inOptimal=false rootValue=0.1507
budget=10000 seed="c57-ea-seat0-seed43" seat=0 chosen=5 inOptimal=false rootValue=0.1007
budget=10000 seed="c57-ea-seat1-seed43" seat=1 chosen=4 inOptimal=false rootValue=0.1131
budget=10000 seed="c57-ea-seat0-seed44" seat=0 chosen=3 inOptimal=true rootValue=0.1103
budget=10000 seed="c57-ea-seat1-seed44" seat=1 chosen=3* inOptimal=true rootValue=0.1312
budget=10000 seed="c57-ea-seat0-seed45" seat=0 chosen=5 inOptimal=false rootValue=0.1218
budget=10000 seed="c57-ea-seat1-seed45" seat=1 chosen=1* inOptimal=false rootValue=0.1155
budget=10000 seed="c57-ea-seat0-seed46" seat=0 chosen=5 inOptimal=false rootValue=0.1177
budget=10000 seed="c57-ea-seat1-seed46" seat=1 chosen=1* inOptimal=false rootValue=0.1352
budget=10000 seed="c57-ea-seat0-seed47" seat=0 chosen=3 inOptimal=true rootValue=0.1299
budget=10000 seed="c57-ea-seat1-seed47" seat=1 chosen=1* inOptimal=false rootValue=0.1254
budget=10000 seed="c57-ea-seat0-seed48" seat=0 chosen=3 inOptimal=true rootValue=0.1211
budget=10000 seed="c57-ea-seat1-seed48" seat=1 chosen=4* inOptimal=false rootValue=0.1323
budget=10000 seed="c57-ea-seat0-seed49" seat=0 chosen=3 inOptimal=true rootValue=0.1104
budget=10000 seed="c57-ea-seat1-seed49" seat=1 chosen=2* inOptimal=true rootValue=0.1336

==== SUMMARY (rollout-evaluation.md §3's pre-registered per-cell quantities) ====
budget  seat  n    P(chosen∈optimal)   meanChosenAmt  meanRootValue
1000    0     50   0.140               5.000          0.0259
1000    1     50   0.220               4.660          0.0334
2000    0     50   0.220               4.600          0.0439
2000    1     50   0.160               4.680          0.0545
5000    0     50   0.140               3.960          0.0783
5000    1     50   0.220               3.720          0.0815
10000   0     50   0.380               3.080          0.1176
10000   1     50   0.340               2.340          0.1227
