E-A: budgets=[1000,2000,5000,10000] seeds=50 seats=[0,1] rolloutCapPlies=0 at the real initial state (B=8, star=1)
==== seed-string check (budget/rolloutCapPlies must NEVER appear here) ====
  seat=0 seedIndex=0 -> "c57-ea-seat0-seed0" (reused unchanged across every budget in [1000,2000,5000,10000] and any rolloutCapPlies)
  seat=0 seedIndex=1 -> "c57-ea-seat0-seed1" (reused unchanged across every budget in [1000,2000,5000,10000] and any rolloutCapPlies)
  seat=0 seedIndex=2 -> "c57-ea-seat0-seed2" (reused unchanged across every budget in [1000,2000,5000,10000] and any rolloutCapPlies)
  seat=0 seedIndex=3 -> "c57-ea-seat0-seed3" (reused unchanged across every budget in [1000,2000,5000,10000] and any rolloutCapPlies)
  seat=0 seedIndex=4 -> "c57-ea-seat0-seed4" (reused unchanged across every budget in [1000,2000,5000,10000] and any rolloutCapPlies)
  seat=1 seedIndex=0 -> "c57-ea-seat1-seed0" (reused unchanged across every budget in [1000,2000,5000,10000] and any rolloutCapPlies)
  seat=1 seedIndex=1 -> "c57-ea-seat1-seed1" (reused unchanged across every budget in [1000,2000,5000,10000] and any rolloutCapPlies)
  seat=1 seedIndex=2 -> "c57-ea-seat1-seed2" (reused unchanged across every budget in [1000,2000,5000,10000] and any rolloutCapPlies)
  seat=1 seedIndex=3 -> "c57-ea-seat1-seed3" (reused unchanged across every budget in [1000,2000,5000,10000] and any rolloutCapPlies)
  seat=1 seedIndex=4 -> "c57-ea-seat1-seed4" (reused unchanged across every budget in [1000,2000,5000,10000] and any rolloutCapPlies)

solving the exact oracle (B=8, one-time cost)...
  done in 4538ms — exact root value (seat-0 perspective) = 0
  seat 0 optimal bids: {3}
  seat 1 optimal bids: {2*, 3, 3*}

budget=1000 seed="c57-ea-seat0-seed0" seat=0 chosen=3 inOptimal=true rootValue=-0.2381 argmaxDiffers=false oppZeroMass=0.089
budget=1000 seed="c57-ea-seat1-seed0" seat=1 chosen=3* inOptimal=true rootValue=0.1162 argmaxDiffers=false oppZeroMass=0.084
budget=1000 seed="c57-ea-seat0-seed1" seat=0 chosen=3 inOptimal=true rootValue=-0.1967 argmaxDiffers=false oppZeroMass=0.081
budget=1000 seed="c57-ea-seat1-seed1" seat=1 chosen=3* inOptimal=true rootValue=0.1797 argmaxDiffers=false oppZeroMass=0.083
budget=1000 seed="c57-ea-seat0-seed2" seat=0 chosen=3 inOptimal=true rootValue=-0.1532 argmaxDiffers=false oppZeroMass=0.085
budget=1000 seed="c57-ea-seat1-seed2" seat=1 chosen=3* inOptimal=true rootValue=0.1590 argmaxDiffers=false oppZeroMass=0.054
budget=1000 seed="c57-ea-seat0-seed3" seat=0 chosen=3 inOptimal=true rootValue=-0.0097 argmaxDiffers=false oppZeroMass=0.106
budget=1000 seed="c57-ea-seat1-seed3" seat=1 chosen=3* inOptimal=true rootValue=0.2131 argmaxDiffers=false oppZeroMass=0.069
budget=1000 seed="c57-ea-seat0-seed4" seat=0 chosen=3 inOptimal=true rootValue=-0.2248 argmaxDiffers=false oppZeroMass=0.093
budget=1000 seed="c57-ea-seat1-seed4" seat=1 chosen=3* inOptimal=true rootValue=0.1870 argmaxDiffers=false oppZeroMass=0.074
budget=1000 seed="c57-ea-seat0-seed5" seat=0 chosen=3 inOptimal=true rootValue=-0.1759 argmaxDiffers=false oppZeroMass=0.108
budget=1000 seed="c57-ea-seat1-seed5" seat=1 chosen=3* inOptimal=true rootValue=0.1843 argmaxDiffers=false oppZeroMass=0.087
budget=1000 seed="c57-ea-seat0-seed6" seat=0 chosen=3 inOptimal=true rootValue=-0.1548 argmaxDiffers=false oppZeroMass=0.085
budget=1000 seed="c57-ea-seat1-seed6" seat=1 chosen=3* inOptimal=true rootValue=0.2289 argmaxDiffers=false oppZeroMass=0.091
budget=1000 seed="c57-ea-seat0-seed7" seat=0 chosen=3 inOptimal=true rootValue=-0.1665 argmaxDiffers=false oppZeroMass=0.083
budget=1000 seed="c57-ea-seat1-seed7" seat=1 chosen=3* inOptimal=true rootValue=0.2463 argmaxDiffers=false oppZeroMass=0.093
budget=1000 seed="c57-ea-seat0-seed8" seat=0 chosen=3 inOptimal=true rootValue=-0.1439 argmaxDiffers=false oppZeroMass=0.087
budget=1000 seed="c57-ea-seat1-seed8" seat=1 chosen=3* inOptimal=true rootValue=0.2173 argmaxDiffers=false oppZeroMass=0.068
budget=1000 seed="c57-ea-seat0-seed9" seat=0 chosen=3 inOptimal=true rootValue=-0.1813 argmaxDiffers=false oppZeroMass=0.083
budget=1000 seed="c57-ea-seat1-seed9" seat=1 chosen=3* inOptimal=true rootValue=0.1901 argmaxDiffers=false oppZeroMass=0.094
budget=1000 seed="c57-ea-seat0-seed10" seat=0 chosen=3 inOptimal=true rootValue=-0.1362 argmaxDiffers=false oppZeroMass=0.084
budget=1000 seed="c57-ea-seat1-seed10" seat=1 chosen=3* inOptimal=true rootValue=0.1501 argmaxDiffers=false oppZeroMass=0.068
budget=1000 seed="c57-ea-seat0-seed11" seat=0 chosen=3 inOptimal=true rootValue=-0.1980 argmaxDiffers=false oppZeroMass=0.081
budget=1000 seed="c57-ea-seat1-seed11" seat=1 chosen=3* inOptimal=true rootValue=0.1555 argmaxDiffers=false oppZeroMass=0.071
budget=1000 seed="c57-ea-seat0-seed12" seat=0 chosen=3 inOptimal=true rootValue=-0.1810 argmaxDiffers=false oppZeroMass=0.091
budget=1000 seed="c57-ea-seat1-seed12" seat=1 chosen=3* inOptimal=true rootValue=0.2111 argmaxDiffers=false oppZeroMass=0.061
budget=1000 seed="c57-ea-seat0-seed13" seat=0 chosen=3 inOptimal=true rootValue=-0.1945 argmaxDiffers=false oppZeroMass=0.079
budget=1000 seed="c57-ea-seat1-seed13" seat=1 chosen=3* inOptimal=true rootValue=0.1724 argmaxDiffers=false oppZeroMass=0.077
budget=1000 seed="c57-ea-seat0-seed14" seat=0 chosen=3 inOptimal=true rootValue=-0.2355 argmaxDiffers=false oppZeroMass=0.096
budget=1000 seed="c57-ea-seat1-seed14" seat=1 chosen=3* inOptimal=true rootValue=0.2531 argmaxDiffers=false oppZeroMass=0.086
budget=1000 seed="c57-ea-seat0-seed15" seat=0 chosen=3 inOptimal=true rootValue=-0.1878 argmaxDiffers=false oppZeroMass=0.101
budget=1000 seed="c57-ea-seat1-seed15" seat=1 chosen=3* inOptimal=true rootValue=0.2117 argmaxDiffers=false oppZeroMass=0.080
budget=1000 seed="c57-ea-seat0-seed16" seat=0 chosen=3 inOptimal=true rootValue=-0.2254 argmaxDiffers=false oppZeroMass=0.083
budget=1000 seed="c57-ea-seat1-seed16" seat=1 chosen=3* inOptimal=true rootValue=0.1632 argmaxDiffers=false oppZeroMass=0.082
budget=1000 seed="c57-ea-seat0-seed17" seat=0 chosen=3 inOptimal=true rootValue=-0.1497 argmaxDiffers=false oppZeroMass=0.091
budget=1000 seed="c57-ea-seat1-seed17" seat=1 chosen=3* inOptimal=true rootValue=0.1727 argmaxDiffers=false oppZeroMass=0.070
budget=1000 seed="c57-ea-seat0-seed18" seat=0 chosen=3 inOptimal=true rootValue=-0.2013 argmaxDiffers=false oppZeroMass=0.076
budget=1000 seed="c57-ea-seat1-seed18" seat=1 chosen=3* inOptimal=true rootValue=0.1628 argmaxDiffers=false oppZeroMass=0.059
budget=1000 seed="c57-ea-seat0-seed19" seat=0 chosen=3 inOptimal=true rootValue=-0.1507 argmaxDiffers=false oppZeroMass=0.097
budget=1000 seed="c57-ea-seat1-seed19" seat=1 chosen=3* inOptimal=true rootValue=0.1665 argmaxDiffers=false oppZeroMass=0.063
budget=1000 seed="c57-ea-seat0-seed20" seat=0 chosen=3 inOptimal=true rootValue=-0.2336 argmaxDiffers=false oppZeroMass=0.081
budget=1000 seed="c57-ea-seat1-seed20" seat=1 chosen=3* inOptimal=true rootValue=0.2076 argmaxDiffers=false oppZeroMass=0.065
budget=1000 seed="c57-ea-seat0-seed21" seat=0 chosen=3 inOptimal=true rootValue=-0.1808 argmaxDiffers=false oppZeroMass=0.079
budget=1000 seed="c57-ea-seat1-seed21" seat=1 chosen=3* inOptimal=true rootValue=0.2008 argmaxDiffers=false oppZeroMass=0.071
budget=1000 seed="c57-ea-seat0-seed22" seat=0 chosen=3 inOptimal=true rootValue=-0.2447 argmaxDiffers=false oppZeroMass=0.083
budget=1000 seed="c57-ea-seat1-seed22" seat=1 chosen=3* inOptimal=true rootValue=0.1278 argmaxDiffers=false oppZeroMass=0.054
budget=1000 seed="c57-ea-seat0-seed23" seat=0 chosen=3 inOptimal=true rootValue=-0.1234 argmaxDiffers=false oppZeroMass=0.089
budget=1000 seed="c57-ea-seat1-seed23" seat=1 chosen=3* inOptimal=true rootValue=0.1721 argmaxDiffers=false oppZeroMass=0.079
budget=1000 seed="c57-ea-seat0-seed24" seat=0 chosen=3 inOptimal=true rootValue=-0.2064 argmaxDiffers=false oppZeroMass=0.077
budget=1000 seed="c57-ea-seat1-seed24" seat=1 chosen=3* inOptimal=true rootValue=0.1227 argmaxDiffers=false oppZeroMass=0.064
budget=1000 seed="c57-ea-seat0-seed25" seat=0 chosen=3 inOptimal=true rootValue=-0.1278 argmaxDiffers=false oppZeroMass=0.090
budget=1000 seed="c57-ea-seat1-seed25" seat=1 chosen=3* inOptimal=true rootValue=0.1422 argmaxDiffers=false oppZeroMass=0.068
budget=1000 seed="c57-ea-seat0-seed26" seat=0 chosen=3 inOptimal=true rootValue=-0.2184 argmaxDiffers=false oppZeroMass=0.089
budget=1000 seed="c57-ea-seat1-seed26" seat=1 chosen=3* inOptimal=true rootValue=0.1823 argmaxDiffers=false oppZeroMass=0.071
budget=1000 seed="c57-ea-seat0-seed27" seat=0 chosen=3 inOptimal=true rootValue=-0.2012 argmaxDiffers=false oppZeroMass=0.083
budget=1000 seed="c57-ea-seat1-seed27" seat=1 chosen=3* inOptimal=true rootValue=0.2255 argmaxDiffers=false oppZeroMass=0.061
budget=1000 seed="c57-ea-seat0-seed28" seat=0 chosen=3 inOptimal=true rootValue=-0.1699 argmaxDiffers=false oppZeroMass=0.085
budget=1000 seed="c57-ea-seat1-seed28" seat=1 chosen=3* inOptimal=true rootValue=0.2027 argmaxDiffers=false oppZeroMass=0.073
budget=1000 seed="c57-ea-seat0-seed29" seat=0 chosen=3 inOptimal=true rootValue=-0.1561 argmaxDiffers=false oppZeroMass=0.100
budget=1000 seed="c57-ea-seat1-seed29" seat=1 chosen=3* inOptimal=true rootValue=0.1497 argmaxDiffers=false oppZeroMass=0.073
budget=1000 seed="c57-ea-seat0-seed30" seat=0 chosen=3 inOptimal=true rootValue=-0.2610 argmaxDiffers=false oppZeroMass=0.089
budget=1000 seed="c57-ea-seat1-seed30" seat=1 chosen=3* inOptimal=true rootValue=0.1894 argmaxDiffers=false oppZeroMass=0.066
budget=1000 seed="c57-ea-seat0-seed31" seat=0 chosen=3 inOptimal=true rootValue=-0.1743 argmaxDiffers=false oppZeroMass=0.084
budget=1000 seed="c57-ea-seat1-seed31" seat=1 chosen=3* inOptimal=true rootValue=0.2022 argmaxDiffers=false oppZeroMass=0.073
budget=1000 seed="c57-ea-seat0-seed32" seat=0 chosen=3 inOptimal=true rootValue=-0.2064 argmaxDiffers=false oppZeroMass=0.085
budget=1000 seed="c57-ea-seat1-seed32" seat=1 chosen=3* inOptimal=true rootValue=0.1801 argmaxDiffers=false oppZeroMass=0.081
budget=1000 seed="c57-ea-seat0-seed33" seat=0 chosen=3 inOptimal=true rootValue=-0.1931 argmaxDiffers=false oppZeroMass=0.085
budget=1000 seed="c57-ea-seat1-seed33" seat=1 chosen=3* inOptimal=true rootValue=0.2319 argmaxDiffers=false oppZeroMass=0.080
budget=1000 seed="c57-ea-seat0-seed34" seat=0 chosen=3 inOptimal=true rootValue=-0.1975 argmaxDiffers=false oppZeroMass=0.087
budget=1000 seed="c57-ea-seat1-seed34" seat=1 chosen=2* inOptimal=true rootValue=0.0676 argmaxDiffers=false oppZeroMass=0.052
budget=1000 seed="c57-ea-seat0-seed35" seat=0 chosen=3 inOptimal=true rootValue=-0.1301 argmaxDiffers=false oppZeroMass=0.093
budget=1000 seed="c57-ea-seat1-seed35" seat=1 chosen=3* inOptimal=true rootValue=0.2058 argmaxDiffers=false oppZeroMass=0.070
budget=1000 seed="c57-ea-seat0-seed36" seat=0 chosen=3 inOptimal=true rootValue=-0.0834 argmaxDiffers=false oppZeroMass=0.098
budget=1000 seed="c57-ea-seat1-seed36" seat=1 chosen=3* inOptimal=true rootValue=0.2117 argmaxDiffers=false oppZeroMass=0.070
budget=1000 seed="c57-ea-seat0-seed37" seat=0 chosen=3 inOptimal=true rootValue=-0.2172 argmaxDiffers=false oppZeroMass=0.091
budget=1000 seed="c57-ea-seat1-seed37" seat=1 chosen=3* inOptimal=true rootValue=0.1092 argmaxDiffers=false oppZeroMass=0.081
budget=1000 seed="c57-ea-seat0-seed38" seat=0 chosen=3 inOptimal=true rootValue=-0.2093 argmaxDiffers=false oppZeroMass=0.083
budget=1000 seed="c57-ea-seat1-seed38" seat=1 chosen=3* inOptimal=true rootValue=0.1681 argmaxDiffers=false oppZeroMass=0.068
budget=1000 seed="c57-ea-seat0-seed39" seat=0 chosen=3 inOptimal=true rootValue=-0.2311 argmaxDiffers=false oppZeroMass=0.099
budget=1000 seed="c57-ea-seat1-seed39" seat=1 chosen=3* inOptimal=true rootValue=0.1317 argmaxDiffers=false oppZeroMass=0.062
budget=1000 seed="c57-ea-seat0-seed40" seat=0 chosen=3 inOptimal=true rootValue=-0.2146 argmaxDiffers=false oppZeroMass=0.089
budget=1000 seed="c57-ea-seat1-seed40" seat=1 chosen=3* inOptimal=true rootValue=0.1986 argmaxDiffers=false oppZeroMass=0.068
budget=1000 seed="c57-ea-seat0-seed41" seat=0 chosen=3 inOptimal=true rootValue=-0.2276 argmaxDiffers=false oppZeroMass=0.079
budget=1000 seed="c57-ea-seat1-seed41" seat=1 chosen=3* inOptimal=true rootValue=0.1858 argmaxDiffers=false oppZeroMass=0.080
budget=1000 seed="c57-ea-seat0-seed42" seat=0 chosen=3 inOptimal=true rootValue=-0.1843 argmaxDiffers=false oppZeroMass=0.094
budget=1000 seed="c57-ea-seat1-seed42" seat=1 chosen=3* inOptimal=true rootValue=0.1567 argmaxDiffers=false oppZeroMass=0.070
budget=1000 seed="c57-ea-seat0-seed43" seat=0 chosen=3 inOptimal=true rootValue=-0.2322 argmaxDiffers=false oppZeroMass=0.091
budget=1000 seed="c57-ea-seat1-seed43" seat=1 chosen=3* inOptimal=true rootValue=0.1638 argmaxDiffers=false oppZeroMass=0.059
budget=1000 seed="c57-ea-seat0-seed44" seat=0 chosen=3 inOptimal=true rootValue=-0.1776 argmaxDiffers=false oppZeroMass=0.081
budget=1000 seed="c57-ea-seat1-seed44" seat=1 chosen=3* inOptimal=true rootValue=0.2114 argmaxDiffers=false oppZeroMass=0.073
budget=1000 seed="c57-ea-seat0-seed45" seat=0 chosen=3 inOptimal=true rootValue=-0.2252 argmaxDiffers=false oppZeroMass=0.073
budget=1000 seed="c57-ea-seat1-seed45" seat=1 chosen=3* inOptimal=true rootValue=0.1503 argmaxDiffers=false oppZeroMass=0.061
budget=1000 seed="c57-ea-seat0-seed46" seat=0 chosen=3 inOptimal=true rootValue=-0.1931 argmaxDiffers=false oppZeroMass=0.088
budget=1000 seed="c57-ea-seat1-seed46" seat=1 chosen=3* inOptimal=true rootValue=0.1964 argmaxDiffers=false oppZeroMass=0.074
budget=1000 seed="c57-ea-seat0-seed47" seat=0 chosen=3 inOptimal=true rootValue=-0.1316 argmaxDiffers=false oppZeroMass=0.089
budget=1000 seed="c57-ea-seat1-seed47" seat=1 chosen=3* inOptimal=true rootValue=0.1971 argmaxDiffers=false oppZeroMass=0.068
budget=1000 seed="c57-ea-seat0-seed48" seat=0 chosen=3 inOptimal=true rootValue=-0.2091 argmaxDiffers=false oppZeroMass=0.072
budget=1000 seed="c57-ea-seat1-seed48" seat=1 chosen=3* inOptimal=true rootValue=0.1871 argmaxDiffers=false oppZeroMass=0.081
budget=1000 seed="c57-ea-seat0-seed49" seat=0 chosen=3 inOptimal=true rootValue=-0.1383 argmaxDiffers=false oppZeroMass=0.095
budget=1000 seed="c57-ea-seat1-seed49" seat=1 chosen=3* inOptimal=true rootValue=0.2053 argmaxDiffers=false oppZeroMass=0.074
  [budget=1000 complete — 100/400 runs, 2.1s elapsed]
budget=2000 seed="c57-ea-seat0-seed0" seat=0 chosen=4 inOptimal=false rootValue=-0.0142 argmaxDiffers=false oppZeroMass=0.103
budget=2000 seed="c57-ea-seat1-seed0" seat=1 chosen=3* inOptimal=true rootValue=0.0392 argmaxDiffers=false oppZeroMass=0.053
budget=2000 seed="c57-ea-seat0-seed1" seat=0 chosen=4 inOptimal=false rootValue=-0.0656 argmaxDiffers=false oppZeroMass=0.082
budget=2000 seed="c57-ea-seat1-seed1" seat=1 chosen=3* inOptimal=true rootValue=0.0607 argmaxDiffers=false oppZeroMass=0.056
budget=2000 seed="c57-ea-seat0-seed2" seat=0 chosen=4 inOptimal=false rootValue=-0.0453 argmaxDiffers=false oppZeroMass=0.088
budget=2000 seed="c57-ea-seat1-seed2" seat=1 chosen=3* inOptimal=true rootValue=0.0905 argmaxDiffers=false oppZeroMass=0.029
budget=2000 seed="c57-ea-seat0-seed3" seat=0 chosen=4 inOptimal=false rootValue=-0.0621 argmaxDiffers=false oppZeroMass=0.089
budget=2000 seed="c57-ea-seat1-seed3" seat=1 chosen=3* inOptimal=true rootValue=0.0504 argmaxDiffers=false oppZeroMass=0.051
budget=2000 seed="c57-ea-seat0-seed4" seat=0 chosen=4 inOptimal=false rootValue=-0.0780 argmaxDiffers=false oppZeroMass=0.093
budget=2000 seed="c57-ea-seat1-seed4" seat=1 chosen=3* inOptimal=true rootValue=0.0163 argmaxDiffers=false oppZeroMass=0.040
budget=2000 seed="c57-ea-seat0-seed5" seat=0 chosen=4 inOptimal=false rootValue=-0.0472 argmaxDiffers=false oppZeroMass=0.105
budget=2000 seed="c57-ea-seat1-seed5" seat=1 chosen=3* inOptimal=true rootValue=-0.0084 argmaxDiffers=false oppZeroMass=0.049
budget=2000 seed="c57-ea-seat0-seed6" seat=0 chosen=4 inOptimal=false rootValue=-0.0428 argmaxDiffers=false oppZeroMass=0.087
budget=2000 seed="c57-ea-seat1-seed6" seat=1 chosen=3* inOptimal=true rootValue=0.0752 argmaxDiffers=false oppZeroMass=0.049
budget=2000 seed="c57-ea-seat0-seed7" seat=0 chosen=4 inOptimal=false rootValue=-0.0248 argmaxDiffers=false oppZeroMass=0.103
budget=2000 seed="c57-ea-seat1-seed7" seat=1 chosen=3* inOptimal=true rootValue=0.2821 argmaxDiffers=false oppZeroMass=0.067
budget=2000 seed="c57-ea-seat0-seed8" seat=0 chosen=4 inOptimal=false rootValue=-0.0697 argmaxDiffers=false oppZeroMass=0.093
budget=2000 seed="c57-ea-seat1-seed8" seat=1 chosen=3* inOptimal=true rootValue=0.0091 argmaxDiffers=false oppZeroMass=0.035
budget=2000 seed="c57-ea-seat0-seed9" seat=0 chosen=4 inOptimal=false rootValue=-0.0559 argmaxDiffers=false oppZeroMass=0.102
budget=2000 seed="c57-ea-seat1-seed9" seat=1 chosen=3* inOptimal=true rootValue=0.0704 argmaxDiffers=false oppZeroMass=0.056
budget=2000 seed="c57-ea-seat0-seed10" seat=0 chosen=4 inOptimal=false rootValue=0.0212 argmaxDiffers=false oppZeroMass=0.097
budget=2000 seed="c57-ea-seat1-seed10" seat=1 chosen=3* inOptimal=true rootValue=0.0307 argmaxDiffers=false oppZeroMass=0.038
budget=2000 seed="c57-ea-seat0-seed11" seat=0 chosen=4 inOptimal=false rootValue=-0.0106 argmaxDiffers=false oppZeroMass=0.117
budget=2000 seed="c57-ea-seat1-seed11" seat=1 chosen=3* inOptimal=true rootValue=0.0080 argmaxDiffers=false oppZeroMass=0.043
budget=2000 seed="c57-ea-seat0-seed12" seat=0 chosen=4 inOptimal=false rootValue=-0.0318 argmaxDiffers=false oppZeroMass=0.087
budget=2000 seed="c57-ea-seat1-seed12" seat=1 chosen=3* inOptimal=true rootValue=0.0525 argmaxDiffers=false oppZeroMass=0.036
budget=2000 seed="c57-ea-seat0-seed13" seat=0 chosen=4 inOptimal=false rootValue=-0.0208 argmaxDiffers=false oppZeroMass=0.097
budget=2000 seed="c57-ea-seat1-seed13" seat=1 chosen=3* inOptimal=true rootValue=0.0504 argmaxDiffers=false oppZeroMass=0.043
budget=2000 seed="c57-ea-seat0-seed14" seat=0 chosen=3 inOptimal=true rootValue=-0.1164 argmaxDiffers=false oppZeroMass=0.091
budget=2000 seed="c57-ea-seat1-seed14" seat=1 chosen=3* inOptimal=true rootValue=0.1277 argmaxDiffers=false oppZeroMass=0.059
budget=2000 seed="c57-ea-seat0-seed15" seat=0 chosen=4 inOptimal=false rootValue=0.0195 argmaxDiffers=false oppZeroMass=0.114
budget=2000 seed="c57-ea-seat1-seed15" seat=1 chosen=3* inOptimal=true rootValue=0.0393 argmaxDiffers=false oppZeroMass=0.056
budget=2000 seed="c57-ea-seat0-seed16" seat=0 chosen=4 inOptimal=false rootValue=-0.0777 argmaxDiffers=false oppZeroMass=0.089
budget=2000 seed="c57-ea-seat1-seed16" seat=1 chosen=3* inOptimal=true rootValue=0.0215 argmaxDiffers=false oppZeroMass=0.051
budget=2000 seed="c57-ea-seat0-seed17" seat=0 chosen=4 inOptimal=false rootValue=-0.1179 argmaxDiffers=false oppZeroMass=0.089
budget=2000 seed="c57-ea-seat1-seed17" seat=1 chosen=3* inOptimal=true rootValue=0.0521 argmaxDiffers=false oppZeroMass=0.038
budget=2000 seed="c57-ea-seat0-seed18" seat=0 chosen=4 inOptimal=false rootValue=-0.0668 argmaxDiffers=false oppZeroMass=0.086
budget=2000 seed="c57-ea-seat1-seed18" seat=1 chosen=3* inOptimal=true rootValue=0.0500 argmaxDiffers=false oppZeroMass=0.039
budget=2000 seed="c57-ea-seat0-seed19" seat=0 chosen=4 inOptimal=false rootValue=-0.0568 argmaxDiffers=false oppZeroMass=0.097
budget=2000 seed="c57-ea-seat1-seed19" seat=1 chosen=3* inOptimal=true rootValue=0.0318 argmaxDiffers=false oppZeroMass=0.045
budget=2000 seed="c57-ea-seat0-seed20" seat=0 chosen=4 inOptimal=false rootValue=-0.0502 argmaxDiffers=false oppZeroMass=0.098
budget=2000 seed="c57-ea-seat1-seed20" seat=1 chosen=3* inOptimal=true rootValue=0.1086 argmaxDiffers=false oppZeroMass=0.045
budget=2000 seed="c57-ea-seat0-seed21" seat=0 chosen=4 inOptimal=false rootValue=0.0000 argmaxDiffers=false oppZeroMass=0.118
budget=2000 seed="c57-ea-seat1-seed21" seat=1 chosen=3* inOptimal=true rootValue=-0.0146 argmaxDiffers=false oppZeroMass=0.035
budget=2000 seed="c57-ea-seat0-seed22" seat=0 chosen=4 inOptimal=false rootValue=-0.0481 argmaxDiffers=false oppZeroMass=0.096
budget=2000 seed="c57-ea-seat1-seed22" seat=1 chosen=3* inOptimal=true rootValue=0.0957 argmaxDiffers=false oppZeroMass=0.050
budget=2000 seed="c57-ea-seat0-seed23" seat=0 chosen=4 inOptimal=false rootValue=-0.0382 argmaxDiffers=false oppZeroMass=0.093
budget=2000 seed="c57-ea-seat1-seed23" seat=1 chosen=3* inOptimal=true rootValue=-0.0090 argmaxDiffers=false oppZeroMass=0.042
budget=2000 seed="c57-ea-seat0-seed24" seat=0 chosen=3 inOptimal=true rootValue=-0.1995 argmaxDiffers=false oppZeroMass=0.076
budget=2000 seed="c57-ea-seat1-seed24" seat=1 chosen=3* inOptimal=true rootValue=0.1095 argmaxDiffers=false oppZeroMass=0.043
budget=2000 seed="c57-ea-seat0-seed25" seat=0 chosen=4 inOptimal=false rootValue=-0.0435 argmaxDiffers=false oppZeroMass=0.085
budget=2000 seed="c57-ea-seat1-seed25" seat=1 chosen=3* inOptimal=true rootValue=0.0465 argmaxDiffers=false oppZeroMass=0.035
budget=2000 seed="c57-ea-seat0-seed26" seat=0 chosen=4 inOptimal=false rootValue=-0.0282 argmaxDiffers=false oppZeroMass=0.096
budget=2000 seed="c57-ea-seat1-seed26" seat=1 chosen=3* inOptimal=true rootValue=0.0322 argmaxDiffers=false oppZeroMass=0.045
budget=2000 seed="c57-ea-seat0-seed27" seat=0 chosen=3 inOptimal=true rootValue=-0.1063 argmaxDiffers=false oppZeroMass=0.102
budget=2000 seed="c57-ea-seat1-seed27" seat=1 chosen=3* inOptimal=true rootValue=0.0586 argmaxDiffers=false oppZeroMass=0.035
budget=2000 seed="c57-ea-seat0-seed28" seat=0 chosen=4 inOptimal=false rootValue=-0.0378 argmaxDiffers=false oppZeroMass=0.105
budget=2000 seed="c57-ea-seat1-seed28" seat=1 chosen=3* inOptimal=true rootValue=0.0212 argmaxDiffers=false oppZeroMass=0.051
budget=2000 seed="c57-ea-seat0-seed29" seat=0 chosen=4 inOptimal=false rootValue=-0.0436 argmaxDiffers=false oppZeroMass=0.101
budget=2000 seed="c57-ea-seat1-seed29" seat=1 chosen=3* inOptimal=true rootValue=0.0627 argmaxDiffers=false oppZeroMass=0.043
budget=2000 seed="c57-ea-seat0-seed30" seat=0 chosen=3 inOptimal=true rootValue=-0.0906 argmaxDiffers=false oppZeroMass=0.081
budget=2000 seed="c57-ea-seat1-seed30" seat=1 chosen=3* inOptimal=true rootValue=0.2284 argmaxDiffers=false oppZeroMass=0.064
budget=2000 seed="c57-ea-seat0-seed31" seat=0 chosen=4 inOptimal=false rootValue=-0.0664 argmaxDiffers=false oppZeroMass=0.097
budget=2000 seed="c57-ea-seat1-seed31" seat=1 chosen=3* inOptimal=true rootValue=0.0096 argmaxDiffers=false oppZeroMass=0.038
budget=2000 seed="c57-ea-seat0-seed32" seat=0 chosen=4 inOptimal=false rootValue=-0.0091 argmaxDiffers=false oppZeroMass=0.104
budget=2000 seed="c57-ea-seat1-seed32" seat=1 chosen=3* inOptimal=true rootValue=0.0415 argmaxDiffers=false oppZeroMass=0.053
budget=2000 seed="c57-ea-seat0-seed33" seat=0 chosen=4 inOptimal=false rootValue=-0.0261 argmaxDiffers=false oppZeroMass=0.097
budget=2000 seed="c57-ea-seat1-seed33" seat=1 chosen=3* inOptimal=true rootValue=0.1331 argmaxDiffers=false oppZeroMass=0.065
budget=2000 seed="c57-ea-seat0-seed34" seat=0 chosen=4 inOptimal=false rootValue=-0.0074 argmaxDiffers=false oppZeroMass=0.121
budget=2000 seed="c57-ea-seat1-seed34" seat=1 chosen=4 inOptimal=false rootValue=0.0283 argmaxDiffers=false oppZeroMass=0.039
budget=2000 seed="c57-ea-seat0-seed35" seat=0 chosen=4 inOptimal=false rootValue=-0.0664 argmaxDiffers=false oppZeroMass=0.089
budget=2000 seed="c57-ea-seat1-seed35" seat=1 chosen=3* inOptimal=true rootValue=0.0238 argmaxDiffers=false oppZeroMass=0.036
budget=2000 seed="c57-ea-seat0-seed36" seat=0 chosen=4 inOptimal=false rootValue=-0.0593 argmaxDiffers=false oppZeroMass=0.095
budget=2000 seed="c57-ea-seat1-seed36" seat=1 chosen=3* inOptimal=true rootValue=0.1189 argmaxDiffers=false oppZeroMass=0.064
budget=2000 seed="c57-ea-seat0-seed37" seat=0 chosen=4 inOptimal=false rootValue=-0.0350 argmaxDiffers=false oppZeroMass=0.108
budget=2000 seed="c57-ea-seat1-seed37" seat=1 chosen=3* inOptimal=true rootValue=0.0038 argmaxDiffers=false oppZeroMass=0.047
budget=2000 seed="c57-ea-seat0-seed38" seat=0 chosen=4 inOptimal=false rootValue=-0.0870 argmaxDiffers=false oppZeroMass=0.089
budget=2000 seed="c57-ea-seat1-seed38" seat=1 chosen=3* inOptimal=true rootValue=0.0668 argmaxDiffers=false oppZeroMass=0.058
budget=2000 seed="c57-ea-seat0-seed39" seat=0 chosen=4 inOptimal=false rootValue=-0.0685 argmaxDiffers=false oppZeroMass=0.095
budget=2000 seed="c57-ea-seat1-seed39" seat=1 chosen=3* inOptimal=true rootValue=0.1262 argmaxDiffers=false oppZeroMass=0.060
budget=2000 seed="c57-ea-seat0-seed40" seat=0 chosen=4 inOptimal=false rootValue=-0.1012 argmaxDiffers=false oppZeroMass=0.102
budget=2000 seed="c57-ea-seat1-seed40" seat=1 chosen=3* inOptimal=true rootValue=0.1163 argmaxDiffers=false oppZeroMass=0.059
budget=2000 seed="c57-ea-seat0-seed41" seat=0 chosen=3 inOptimal=true rootValue=-0.1442 argmaxDiffers=false oppZeroMass=0.096
budget=2000 seed="c57-ea-seat1-seed41" seat=1 chosen=3* inOptimal=true rootValue=0.0962 argmaxDiffers=false oppZeroMass=0.058
budget=2000 seed="c57-ea-seat0-seed42" seat=0 chosen=4 inOptimal=false rootValue=-0.0559 argmaxDiffers=false oppZeroMass=0.098
budget=2000 seed="c57-ea-seat1-seed42" seat=1 chosen=3* inOptimal=true rootValue=0.1200 argmaxDiffers=false oppZeroMass=0.054
budget=2000 seed="c57-ea-seat0-seed43" seat=0 chosen=4 inOptimal=false rootValue=-0.0976 argmaxDiffers=false oppZeroMass=0.104
budget=2000 seed="c57-ea-seat1-seed43" seat=1 chosen=3* inOptimal=true rootValue=0.0956 argmaxDiffers=false oppZeroMass=0.046
budget=2000 seed="c57-ea-seat0-seed44" seat=0 chosen=4 inOptimal=false rootValue=-0.0607 argmaxDiffers=false oppZeroMass=0.100
budget=2000 seed="c57-ea-seat1-seed44" seat=1 chosen=3* inOptimal=true rootValue=0.1056 argmaxDiffers=false oppZeroMass=0.053
budget=2000 seed="c57-ea-seat0-seed45" seat=0 chosen=3 inOptimal=true rootValue=-0.1774 argmaxDiffers=false oppZeroMass=0.066
budget=2000 seed="c57-ea-seat1-seed45" seat=1 chosen=3* inOptimal=true rootValue=0.0723 argmaxDiffers=false oppZeroMass=0.038
budget=2000 seed="c57-ea-seat0-seed46" seat=0 chosen=4 inOptimal=false rootValue=-0.0376 argmaxDiffers=false oppZeroMass=0.116
budget=2000 seed="c57-ea-seat1-seed46" seat=1 chosen=3* inOptimal=true rootValue=-0.0103 argmaxDiffers=false oppZeroMass=0.037
budget=2000 seed="c57-ea-seat0-seed47" seat=0 chosen=3 inOptimal=true rootValue=-0.0432 argmaxDiffers=false oppZeroMass=0.090
budget=2000 seed="c57-ea-seat1-seed47" seat=1 chosen=3* inOptimal=true rootValue=0.0278 argmaxDiffers=false oppZeroMass=0.048
budget=2000 seed="c57-ea-seat0-seed48" seat=0 chosen=4 inOptimal=false rootValue=-0.0814 argmaxDiffers=false oppZeroMass=0.080
budget=2000 seed="c57-ea-seat1-seed48" seat=1 chosen=3* inOptimal=true rootValue=0.1298 argmaxDiffers=false oppZeroMass=0.060
budget=2000 seed="c57-ea-seat0-seed49" seat=0 chosen=4 inOptimal=false rootValue=-0.0933 argmaxDiffers=false oppZeroMass=0.079
budget=2000 seed="c57-ea-seat1-seed49" seat=1 chosen=3* inOptimal=true rootValue=0.1888 argmaxDiffers=false oppZeroMass=0.073
  [budget=2000 complete — 200/400 runs, 5.3s elapsed]
budget=5000 seed="c57-ea-seat0-seed0" seat=0 chosen=4 inOptimal=false rootValue=-0.0635 argmaxDiffers=false oppZeroMass=0.052
budget=5000 seed="c57-ea-seat1-seed0" seat=1 chosen=5 inOptimal=false rootValue=0.0358 argmaxDiffers=true oppZeroMass=0.029
budget=5000 seed="c57-ea-seat0-seed1" seat=0 chosen=4 inOptimal=false rootValue=-0.0264 argmaxDiffers=false oppZeroMass=0.049
budget=5000 seed="c57-ea-seat1-seed1" seat=1 chosen=3* inOptimal=true rootValue=0.0467 argmaxDiffers=false oppZeroMass=0.022
budget=5000 seed="c57-ea-seat0-seed2" seat=0 chosen=4 inOptimal=false rootValue=-0.0557 argmaxDiffers=false oppZeroMass=0.058
budget=5000 seed="c57-ea-seat1-seed2" seat=1 chosen=4* inOptimal=false rootValue=0.0518 argmaxDiffers=false oppZeroMass=0.029
budget=5000 seed="c57-ea-seat0-seed3" seat=0 chosen=4 inOptimal=false rootValue=-0.0126 argmaxDiffers=false oppZeroMass=0.074
budget=5000 seed="c57-ea-seat1-seed3" seat=1 chosen=4* inOptimal=false rootValue=0.0392 argmaxDiffers=false oppZeroMass=0.042
budget=5000 seed="c57-ea-seat0-seed4" seat=0 chosen=4 inOptimal=false rootValue=-0.0180 argmaxDiffers=false oppZeroMass=0.062
budget=5000 seed="c57-ea-seat1-seed4" seat=1 chosen=5 inOptimal=false rootValue=0.0431 argmaxDiffers=false oppZeroMass=0.031
budget=5000 seed="c57-ea-seat0-seed5" seat=0 chosen=4 inOptimal=false rootValue=-0.0502 argmaxDiffers=false oppZeroMass=0.056
budget=5000 seed="c57-ea-seat1-seed5" seat=1 chosen=5 inOptimal=false rootValue=0.0522 argmaxDiffers=false oppZeroMass=0.035
budget=5000 seed="c57-ea-seat0-seed6" seat=0 chosen=4 inOptimal=false rootValue=-0.0476 argmaxDiffers=false oppZeroMass=0.043
budget=5000 seed="c57-ea-seat1-seed6" seat=1 chosen=3* inOptimal=true rootValue=0.0376 argmaxDiffers=false oppZeroMass=0.019
budget=5000 seed="c57-ea-seat0-seed7" seat=0 chosen=4 inOptimal=false rootValue=-0.0190 argmaxDiffers=false oppZeroMass=0.061
budget=5000 seed="c57-ea-seat1-seed7" seat=1 chosen=3* inOptimal=true rootValue=0.0510 argmaxDiffers=true oppZeroMass=0.027
budget=5000 seed="c57-ea-seat0-seed8" seat=0 chosen=4 inOptimal=false rootValue=-0.0316 argmaxDiffers=false oppZeroMass=0.061
budget=5000 seed="c57-ea-seat1-seed8" seat=1 chosen=5 inOptimal=false rootValue=0.0631 argmaxDiffers=false oppZeroMass=0.033
budget=5000 seed="c57-ea-seat0-seed9" seat=0 chosen=4 inOptimal=false rootValue=-0.0318 argmaxDiffers=false oppZeroMass=0.067
budget=5000 seed="c57-ea-seat1-seed9" seat=1 chosen=5 inOptimal=false rootValue=0.0270 argmaxDiffers=true oppZeroMass=0.022
budget=5000 seed="c57-ea-seat0-seed10" seat=0 chosen=4 inOptimal=false rootValue=-0.0402 argmaxDiffers=false oppZeroMass=0.045
budget=5000 seed="c57-ea-seat1-seed10" seat=1 chosen=5* inOptimal=false rootValue=0.0608 argmaxDiffers=true oppZeroMass=0.030
budget=5000 seed="c57-ea-seat0-seed11" seat=0 chosen=4 inOptimal=false rootValue=-0.0506 argmaxDiffers=false oppZeroMass=0.059
budget=5000 seed="c57-ea-seat1-seed11" seat=1 chosen=4* inOptimal=false rootValue=0.0765 argmaxDiffers=false oppZeroMass=0.050
budget=5000 seed="c57-ea-seat0-seed12" seat=0 chosen=4 inOptimal=false rootValue=-0.0280 argmaxDiffers=false oppZeroMass=0.064
budget=5000 seed="c57-ea-seat1-seed12" seat=1 chosen=5 inOptimal=false rootValue=0.0615 argmaxDiffers=false oppZeroMass=0.036
budget=5000 seed="c57-ea-seat0-seed13" seat=0 chosen=4 inOptimal=false rootValue=-0.0488 argmaxDiffers=false oppZeroMass=0.051
budget=5000 seed="c57-ea-seat1-seed13" seat=1 chosen=5 inOptimal=false rootValue=0.0309 argmaxDiffers=true oppZeroMass=0.023
budget=5000 seed="c57-ea-seat0-seed14" seat=0 chosen=4 inOptimal=false rootValue=-0.0559 argmaxDiffers=false oppZeroMass=0.058
budget=5000 seed="c57-ea-seat1-seed14" seat=1 chosen=3* inOptimal=true rootValue=-0.0168 argmaxDiffers=false oppZeroMass=0.024
budget=5000 seed="c57-ea-seat0-seed15" seat=0 chosen=4 inOptimal=false rootValue=-0.0355 argmaxDiffers=false oppZeroMass=0.057
budget=5000 seed="c57-ea-seat1-seed15" seat=1 chosen=3* inOptimal=true rootValue=0.0259 argmaxDiffers=false oppZeroMass=0.022
budget=5000 seed="c57-ea-seat0-seed16" seat=0 chosen=4 inOptimal=false rootValue=-0.0331 argmaxDiffers=false oppZeroMass=0.066
budget=5000 seed="c57-ea-seat1-seed16" seat=1 chosen=5 inOptimal=false rootValue=0.0475 argmaxDiffers=false oppZeroMass=0.041
budget=5000 seed="c57-ea-seat0-seed17" seat=0 chosen=4 inOptimal=false rootValue=-0.0246 argmaxDiffers=false oppZeroMass=0.060
budget=5000 seed="c57-ea-seat1-seed17" seat=1 chosen=5 inOptimal=false rootValue=0.0669 argmaxDiffers=false oppZeroMass=0.029
budget=5000 seed="c57-ea-seat0-seed18" seat=0 chosen=4 inOptimal=false rootValue=-0.0084 argmaxDiffers=false oppZeroMass=0.058
budget=5000 seed="c57-ea-seat1-seed18" seat=1 chosen=3* inOptimal=true rootValue=0.0568 argmaxDiffers=false oppZeroMass=0.026
budget=5000 seed="c57-ea-seat0-seed19" seat=0 chosen=4 inOptimal=false rootValue=-0.0499 argmaxDiffers=false oppZeroMass=0.052
budget=5000 seed="c57-ea-seat1-seed19" seat=1 chosen=5 inOptimal=false rootValue=0.0739 argmaxDiffers=false oppZeroMass=0.036
budget=5000 seed="c57-ea-seat0-seed20" seat=0 chosen=4 inOptimal=false rootValue=-0.0541 argmaxDiffers=false oppZeroMass=0.060
budget=5000 seed="c57-ea-seat1-seed20" seat=1 chosen=3* inOptimal=true rootValue=0.0652 argmaxDiffers=false oppZeroMass=0.018
budget=5000 seed="c57-ea-seat0-seed21" seat=0 chosen=4 inOptimal=false rootValue=-0.0508 argmaxDiffers=false oppZeroMass=0.056
budget=5000 seed="c57-ea-seat1-seed21" seat=1 chosen=5* inOptimal=false rootValue=0.0422 argmaxDiffers=false oppZeroMass=0.022
budget=5000 seed="c57-ea-seat0-seed22" seat=0 chosen=4 inOptimal=false rootValue=-0.0583 argmaxDiffers=false oppZeroMass=0.057
budget=5000 seed="c57-ea-seat1-seed22" seat=1 chosen=4* inOptimal=false rootValue=0.0545 argmaxDiffers=false oppZeroMass=0.033
budget=5000 seed="c57-ea-seat0-seed23" seat=0 chosen=4 inOptimal=false rootValue=-0.0251 argmaxDiffers=false oppZeroMass=0.072
budget=5000 seed="c57-ea-seat1-seed23" seat=1 chosen=5 inOptimal=false rootValue=0.0626 argmaxDiffers=false oppZeroMass=0.027
budget=5000 seed="c57-ea-seat0-seed24" seat=0 chosen=4 inOptimal=false rootValue=-0.0973 argmaxDiffers=false oppZeroMass=0.056
budget=5000 seed="c57-ea-seat1-seed24" seat=1 chosen=4* inOptimal=false rootValue=0.0195 argmaxDiffers=false oppZeroMass=0.019
budget=5000 seed="c57-ea-seat0-seed25" seat=0 chosen=4 inOptimal=false rootValue=-0.0403 argmaxDiffers=false oppZeroMass=0.047
budget=5000 seed="c57-ea-seat1-seed25" seat=1 chosen=5 inOptimal=false rootValue=0.0606 argmaxDiffers=true oppZeroMass=0.037
budget=5000 seed="c57-ea-seat0-seed26" seat=0 chosen=4 inOptimal=false rootValue=-0.0437 argmaxDiffers=false oppZeroMass=0.050
budget=5000 seed="c57-ea-seat1-seed26" seat=1 chosen=5 inOptimal=false rootValue=0.0725 argmaxDiffers=false oppZeroMass=0.043
budget=5000 seed="c57-ea-seat0-seed27" seat=0 chosen=4 inOptimal=false rootValue=-0.0426 argmaxDiffers=false oppZeroMass=0.078
budget=5000 seed="c57-ea-seat1-seed27" seat=1 chosen=3* inOptimal=true rootValue=0.0264 argmaxDiffers=false oppZeroMass=0.014
budget=5000 seed="c57-ea-seat0-seed28" seat=0 chosen=4 inOptimal=false rootValue=-0.0445 argmaxDiffers=false oppZeroMass=0.066
budget=5000 seed="c57-ea-seat1-seed28" seat=1 chosen=5* inOptimal=false rootValue=0.0465 argmaxDiffers=false oppZeroMass=0.048
budget=5000 seed="c57-ea-seat0-seed29" seat=0 chosen=4 inOptimal=false rootValue=-0.0435 argmaxDiffers=false oppZeroMass=0.066
budget=5000 seed="c57-ea-seat1-seed29" seat=1 chosen=4* inOptimal=false rootValue=0.0235 argmaxDiffers=true oppZeroMass=0.017
budget=5000 seed="c57-ea-seat0-seed30" seat=0 chosen=4 inOptimal=false rootValue=-0.0320 argmaxDiffers=false oppZeroMass=0.051
budget=5000 seed="c57-ea-seat1-seed30" seat=1 chosen=3* inOptimal=true rootValue=0.0631 argmaxDiffers=true oppZeroMass=0.025
budget=5000 seed="c57-ea-seat0-seed31" seat=0 chosen=4 inOptimal=false rootValue=-0.0412 argmaxDiffers=false oppZeroMass=0.053
budget=5000 seed="c57-ea-seat1-seed31" seat=1 chosen=5 inOptimal=false rootValue=0.0127 argmaxDiffers=false oppZeroMass=0.032
budget=5000 seed="c57-ea-seat0-seed32" seat=0 chosen=4 inOptimal=false rootValue=-0.0596 argmaxDiffers=false oppZeroMass=0.060
budget=5000 seed="c57-ea-seat1-seed32" seat=1 chosen=5 inOptimal=false rootValue=0.0498 argmaxDiffers=false oppZeroMass=0.035
budget=5000 seed="c57-ea-seat0-seed33" seat=0 chosen=4 inOptimal=false rootValue=-0.0267 argmaxDiffers=false oppZeroMass=0.051
budget=5000 seed="c57-ea-seat1-seed33" seat=1 chosen=4* inOptimal=false rootValue=0.0321 argmaxDiffers=false oppZeroMass=0.026
budget=5000 seed="c57-ea-seat0-seed34" seat=0 chosen=4 inOptimal=false rootValue=-0.0615 argmaxDiffers=false oppZeroMass=0.056
budget=5000 seed="c57-ea-seat1-seed34" seat=1 chosen=4* inOptimal=false rootValue=0.0253 argmaxDiffers=false oppZeroMass=0.021
budget=5000 seed="c57-ea-seat0-seed35" seat=0 chosen=4 inOptimal=false rootValue=-0.0610 argmaxDiffers=false oppZeroMass=0.056
budget=5000 seed="c57-ea-seat1-seed35" seat=1 chosen=5 inOptimal=false rootValue=0.0512 argmaxDiffers=false oppZeroMass=0.033
budget=5000 seed="c57-ea-seat0-seed36" seat=0 chosen=4 inOptimal=false rootValue=-0.0169 argmaxDiffers=false oppZeroMass=0.065
budget=5000 seed="c57-ea-seat1-seed36" seat=1 chosen=3* inOptimal=true rootValue=0.0566 argmaxDiffers=false oppZeroMass=0.025
budget=5000 seed="c57-ea-seat0-seed37" seat=0 chosen=4 inOptimal=false rootValue=-0.0297 argmaxDiffers=false oppZeroMass=0.060
budget=5000 seed="c57-ea-seat1-seed37" seat=1 chosen=5 inOptimal=false rootValue=0.0344 argmaxDiffers=false oppZeroMass=0.031
budget=5000 seed="c57-ea-seat0-seed38" seat=0 chosen=4 inOptimal=false rootValue=-0.0475 argmaxDiffers=false oppZeroMass=0.059
budget=5000 seed="c57-ea-seat1-seed38" seat=1 chosen=3* inOptimal=true rootValue=0.0226 argmaxDiffers=false oppZeroMass=0.026
budget=5000 seed="c57-ea-seat0-seed39" seat=0 chosen=4 inOptimal=false rootValue=-0.0448 argmaxDiffers=false oppZeroMass=0.053
budget=5000 seed="c57-ea-seat1-seed39" seat=1 chosen=3* inOptimal=true rootValue=0.0336 argmaxDiffers=false oppZeroMass=0.024
budget=5000 seed="c57-ea-seat0-seed40" seat=0 chosen=4 inOptimal=false rootValue=-0.0495 argmaxDiffers=false oppZeroMass=0.051
budget=5000 seed="c57-ea-seat1-seed40" seat=1 chosen=3* inOptimal=true rootValue=0.0559 argmaxDiffers=false oppZeroMass=0.023
budget=5000 seed="c57-ea-seat0-seed41" seat=0 chosen=4 inOptimal=false rootValue=-0.0666 argmaxDiffers=false oppZeroMass=0.056
budget=5000 seed="c57-ea-seat1-seed41" seat=1 chosen=3* inOptimal=true rootValue=0.0405 argmaxDiffers=false oppZeroMass=0.023
budget=5000 seed="c57-ea-seat0-seed42" seat=0 chosen=4 inOptimal=false rootValue=-0.0637 argmaxDiffers=false oppZeroMass=0.052
budget=5000 seed="c57-ea-seat1-seed42" seat=1 chosen=4* inOptimal=false rootValue=0.0295 argmaxDiffers=true oppZeroMass=0.022
budget=5000 seed="c57-ea-seat0-seed43" seat=0 chosen=4 inOptimal=false rootValue=-0.0503 argmaxDiffers=false oppZeroMass=0.059
budget=5000 seed="c57-ea-seat1-seed43" seat=1 chosen=4* inOptimal=false rootValue=0.0479 argmaxDiffers=false oppZeroMass=0.029
budget=5000 seed="c57-ea-seat0-seed44" seat=0 chosen=4 inOptimal=false rootValue=-0.0237 argmaxDiffers=false oppZeroMass=0.057
budget=5000 seed="c57-ea-seat1-seed44" seat=1 chosen=3* inOptimal=true rootValue=0.0702 argmaxDiffers=false oppZeroMass=0.031
budget=5000 seed="c57-ea-seat0-seed45" seat=0 chosen=4 inOptimal=false rootValue=-0.0437 argmaxDiffers=false oppZeroMass=0.061
budget=5000 seed="c57-ea-seat1-seed45" seat=1 chosen=3* inOptimal=true rootValue=0.0475 argmaxDiffers=false oppZeroMass=0.026
budget=5000 seed="c57-ea-seat0-seed46" seat=0 chosen=4 inOptimal=false rootValue=-0.0319 argmaxDiffers=false oppZeroMass=0.062
budget=5000 seed="c57-ea-seat1-seed46" seat=1 chosen=4* inOptimal=false rootValue=0.0182 argmaxDiffers=false oppZeroMass=0.035
budget=5000 seed="c57-ea-seat0-seed47" seat=0 chosen=4 inOptimal=false rootValue=-0.0421 argmaxDiffers=false oppZeroMass=0.051
budget=5000 seed="c57-ea-seat1-seed47" seat=1 chosen=5 inOptimal=false rootValue=0.0427 argmaxDiffers=false oppZeroMass=0.032
budget=5000 seed="c57-ea-seat0-seed48" seat=0 chosen=4 inOptimal=false rootValue=-0.0602 argmaxDiffers=false oppZeroMass=0.045
budget=5000 seed="c57-ea-seat1-seed48" seat=1 chosen=4* inOptimal=false rootValue=0.0571 argmaxDiffers=false oppZeroMass=0.024
budget=5000 seed="c57-ea-seat0-seed49" seat=0 chosen=4 inOptimal=false rootValue=-0.0541 argmaxDiffers=false oppZeroMass=0.051
budget=5000 seed="c57-ea-seat1-seed49" seat=1 chosen=3* inOptimal=true rootValue=0.0529 argmaxDiffers=false oppZeroMass=0.029
  [budget=5000 complete — 300/400 runs, 13.1s elapsed]
budget=10000 seed="c57-ea-seat0-seed0" seat=0 chosen=4 inOptimal=false rootValue=-0.0359 argmaxDiffers=false oppZeroMass=0.035
budget=10000 seed="c57-ea-seat1-seed0" seat=1 chosen=5* inOptimal=false rootValue=-0.0037 argmaxDiffers=false oppZeroMass=0.019
budget=10000 seed="c57-ea-seat0-seed1" seat=0 chosen=4 inOptimal=false rootValue=-0.0043 argmaxDiffers=false oppZeroMass=0.056
budget=10000 seed="c57-ea-seat1-seed1" seat=1 chosen=3* inOptimal=true rootValue=0.0123 argmaxDiffers=true oppZeroMass=0.021
budget=10000 seed="c57-ea-seat0-seed2" seat=0 chosen=4 inOptimal=false rootValue=-0.0254 argmaxDiffers=false oppZeroMass=0.037
budget=10000 seed="c57-ea-seat1-seed2" seat=1 chosen=4* inOptimal=false rootValue=0.0280 argmaxDiffers=true oppZeroMass=0.020
budget=10000 seed="c57-ea-seat0-seed3" seat=0 chosen=4 inOptimal=false rootValue=-0.0165 argmaxDiffers=false oppZeroMass=0.041
budget=10000 seed="c57-ea-seat1-seed3" seat=1 chosen=5* inOptimal=false rootValue=-0.0134 argmaxDiffers=false oppZeroMass=0.029
budget=10000 seed="c57-ea-seat0-seed4" seat=0 chosen=4 inOptimal=false rootValue=-0.0057 argmaxDiffers=false oppZeroMass=0.054
budget=10000 seed="c57-ea-seat1-seed4" seat=1 chosen=5* inOptimal=false rootValue=-0.0008 argmaxDiffers=false oppZeroMass=0.021
budget=10000 seed="c57-ea-seat0-seed5" seat=0 chosen=4 inOptimal=false rootValue=-0.0182 argmaxDiffers=false oppZeroMass=0.077
budget=10000 seed="c57-ea-seat1-seed5" seat=1 chosen=5 inOptimal=false rootValue=-0.0121 argmaxDiffers=false oppZeroMass=0.018
budget=10000 seed="c57-ea-seat0-seed6" seat=0 chosen=4 inOptimal=false rootValue=-0.0117 argmaxDiffers=false oppZeroMass=0.033
budget=10000 seed="c57-ea-seat1-seed6" seat=1 chosen=3* inOptimal=true rootValue=0.0494 argmaxDiffers=false oppZeroMass=0.015
budget=10000 seed="c57-ea-seat0-seed7" seat=0 chosen=4 inOptimal=false rootValue=-0.0108 argmaxDiffers=false oppZeroMass=0.039
budget=10000 seed="c57-ea-seat1-seed7" seat=1 chosen=3* inOptimal=true rootValue=0.0418 argmaxDiffers=false oppZeroMass=0.013
budget=10000 seed="c57-ea-seat0-seed8" seat=0 chosen=4 inOptimal=false rootValue=-0.0104 argmaxDiffers=false oppZeroMass=0.051
budget=10000 seed="c57-ea-seat1-seed8" seat=1 chosen=5 inOptimal=false rootValue=0.0111 argmaxDiffers=false oppZeroMass=0.021
budget=10000 seed="c57-ea-seat0-seed9" seat=0 chosen=4 inOptimal=false rootValue=-0.0031 argmaxDiffers=false oppZeroMass=0.058
budget=10000 seed="c57-ea-seat1-seed9" seat=1 chosen=3* inOptimal=true rootValue=-0.0161 argmaxDiffers=true oppZeroMass=0.014
budget=10000 seed="c57-ea-seat0-seed10" seat=0 chosen=4 inOptimal=false rootValue=-0.0024 argmaxDiffers=false oppZeroMass=0.045
budget=10000 seed="c57-ea-seat1-seed10" seat=1 chosen=3* inOptimal=true rootValue=0.0157 argmaxDiffers=true oppZeroMass=0.021
budget=10000 seed="c57-ea-seat0-seed11" seat=0 chosen=5 inOptimal=false rootValue=-0.0562 argmaxDiffers=false oppZeroMass=0.061
budget=10000 seed="c57-ea-seat1-seed11" seat=1 chosen=5 inOptimal=false rootValue=-0.0113 argmaxDiffers=false oppZeroMass=0.025
budget=10000 seed="c57-ea-seat0-seed12" seat=0 chosen=4 inOptimal=false rootValue=-0.0258 argmaxDiffers=false oppZeroMass=0.042
budget=10000 seed="c57-ea-seat1-seed12" seat=1 chosen=5* inOptimal=false rootValue=0.0131 argmaxDiffers=false oppZeroMass=0.021
budget=10000 seed="c57-ea-seat0-seed13" seat=0 chosen=4 inOptimal=false rootValue=-0.0006 argmaxDiffers=false oppZeroMass=0.033
budget=10000 seed="c57-ea-seat1-seed13" seat=1 chosen=5* inOptimal=false rootValue=0.0115 argmaxDiffers=false oppZeroMass=0.016
budget=10000 seed="c57-ea-seat0-seed14" seat=0 chosen=4 inOptimal=false rootValue=-0.0479 argmaxDiffers=false oppZeroMass=0.033
budget=10000 seed="c57-ea-seat1-seed14" seat=1 chosen=3* inOptimal=true rootValue=0.0225 argmaxDiffers=false oppZeroMass=0.018
budget=10000 seed="c57-ea-seat0-seed15" seat=0 chosen=4 inOptimal=false rootValue=-0.0266 argmaxDiffers=false oppZeroMass=0.049
budget=10000 seed="c57-ea-seat1-seed15" seat=1 chosen=3* inOptimal=true rootValue=0.0063 argmaxDiffers=false oppZeroMass=0.030
budget=10000 seed="c57-ea-seat0-seed16" seat=0 chosen=4 inOptimal=false rootValue=-0.0139 argmaxDiffers=false oppZeroMass=0.049
budget=10000 seed="c57-ea-seat1-seed16" seat=1 chosen=5* inOptimal=false rootValue=0.0185 argmaxDiffers=false oppZeroMass=0.031
budget=10000 seed="c57-ea-seat0-seed17" seat=0 chosen=4 inOptimal=false rootValue=0.0039 argmaxDiffers=false oppZeroMass=0.040
budget=10000 seed="c57-ea-seat1-seed17" seat=1 chosen=5 inOptimal=false rootValue=0.0178 argmaxDiffers=false oppZeroMass=0.025
budget=10000 seed="c57-ea-seat0-seed18" seat=0 chosen=4 inOptimal=false rootValue=-0.0456 argmaxDiffers=false oppZeroMass=0.031
budget=10000 seed="c57-ea-seat1-seed18" seat=1 chosen=3* inOptimal=true rootValue=0.0206 argmaxDiffers=true oppZeroMass=0.014
budget=10000 seed="c57-ea-seat0-seed19" seat=0 chosen=4 inOptimal=false rootValue=-0.0119 argmaxDiffers=false oppZeroMass=0.055
budget=10000 seed="c57-ea-seat1-seed19" seat=1 chosen=5 inOptimal=false rootValue=0.0235 argmaxDiffers=false oppZeroMass=0.022
budget=10000 seed="c57-ea-seat0-seed20" seat=0 chosen=4 inOptimal=false rootValue=-0.0226 argmaxDiffers=false oppZeroMass=0.037
budget=10000 seed="c57-ea-seat1-seed20" seat=1 chosen=3* inOptimal=true rootValue=0.0399 argmaxDiffers=false oppZeroMass=0.018
budget=10000 seed="c57-ea-seat0-seed21" seat=0 chosen=4 inOptimal=false rootValue=0.0189 argmaxDiffers=false oppZeroMass=0.045
budget=10000 seed="c57-ea-seat1-seed21" seat=1 chosen=5 inOptimal=false rootValue=0.0228 argmaxDiffers=false oppZeroMass=0.016
budget=10000 seed="c57-ea-seat0-seed22" seat=0 chosen=4 inOptimal=false rootValue=-0.0282 argmaxDiffers=false oppZeroMass=0.034
budget=10000 seed="c57-ea-seat1-seed22" seat=1 chosen=5* inOptimal=false rootValue=0.0168 argmaxDiffers=false oppZeroMass=0.022
budget=10000 seed="c57-ea-seat0-seed23" seat=0 chosen=4 inOptimal=false rootValue=0.0018 argmaxDiffers=false oppZeroMass=0.042
budget=10000 seed="c57-ea-seat1-seed23" seat=1 chosen=5* inOptimal=false rootValue=0.0121 argmaxDiffers=false oppZeroMass=0.026
budget=10000 seed="c57-ea-seat0-seed24" seat=0 chosen=5 inOptimal=false rootValue=-0.0625 argmaxDiffers=false oppZeroMass=0.068
budget=10000 seed="c57-ea-seat1-seed24" seat=1 chosen=4* inOptimal=false rootValue=-0.0021 argmaxDiffers=true oppZeroMass=0.013
budget=10000 seed="c57-ea-seat0-seed25" seat=0 chosen=4 inOptimal=false rootValue=0.0306 argmaxDiffers=false oppZeroMass=0.034
budget=10000 seed="c57-ea-seat1-seed25" seat=1 chosen=5 inOptimal=false rootValue=0.0040 argmaxDiffers=false oppZeroMass=0.018
budget=10000 seed="c57-ea-seat0-seed26" seat=0 chosen=4 inOptimal=false rootValue=-0.0062 argmaxDiffers=false oppZeroMass=0.036
budget=10000 seed="c57-ea-seat1-seed26" seat=1 chosen=5 inOptimal=false rootValue=-0.0049 argmaxDiffers=false oppZeroMass=0.021
budget=10000 seed="c57-ea-seat0-seed27" seat=0 chosen=4 inOptimal=false rootValue=-0.0606 argmaxDiffers=false oppZeroMass=0.053
budget=10000 seed="c57-ea-seat1-seed27" seat=1 chosen=3* inOptimal=true rootValue=0.0002 argmaxDiffers=true oppZeroMass=0.010
budget=10000 seed="c57-ea-seat0-seed28" seat=0 chosen=4 inOptimal=false rootValue=-0.0003 argmaxDiffers=false oppZeroMass=0.071
budget=10000 seed="c57-ea-seat1-seed28" seat=1 chosen=5 inOptimal=false rootValue=0.0275 argmaxDiffers=false oppZeroMass=0.036
budget=10000 seed="c57-ea-seat0-seed29" seat=0 chosen=4 inOptimal=false rootValue=0.0038 argmaxDiffers=false oppZeroMass=0.042
budget=10000 seed="c57-ea-seat1-seed29" seat=1 chosen=3* inOptimal=true rootValue=0.0139 argmaxDiffers=true oppZeroMass=0.018
budget=10000 seed="c57-ea-seat0-seed30" seat=0 chosen=4 inOptimal=false rootValue=-0.0401 argmaxDiffers=false oppZeroMass=0.051
budget=10000 seed="c57-ea-seat1-seed30" seat=1 chosen=3* inOptimal=true rootValue=0.0121 argmaxDiffers=false oppZeroMass=0.013
budget=10000 seed="c57-ea-seat0-seed31" seat=0 chosen=4 inOptimal=false rootValue=-0.0084 argmaxDiffers=false oppZeroMass=0.035
budget=10000 seed="c57-ea-seat1-seed31" seat=1 chosen=3* inOptimal=true rootValue=0.0028 argmaxDiffers=true oppZeroMass=0.022
budget=10000 seed="c57-ea-seat0-seed32" seat=0 chosen=4 inOptimal=false rootValue=-0.0030 argmaxDiffers=false oppZeroMass=0.051
budget=10000 seed="c57-ea-seat1-seed32" seat=1 chosen=5* inOptimal=false rootValue=0.0028 argmaxDiffers=false oppZeroMass=0.024
budget=10000 seed="c57-ea-seat0-seed33" seat=0 chosen=4 inOptimal=false rootValue=0.0157 argmaxDiffers=false oppZeroMass=0.039
budget=10000 seed="c57-ea-seat1-seed33" seat=1 chosen=3* inOptimal=true rootValue=0.0079 argmaxDiffers=false oppZeroMass=0.013
budget=10000 seed="c57-ea-seat0-seed34" seat=0 chosen=4 inOptimal=false rootValue=-0.0152 argmaxDiffers=false oppZeroMass=0.036
budget=10000 seed="c57-ea-seat1-seed34" seat=1 chosen=5* inOptimal=false rootValue=-0.0012 argmaxDiffers=false oppZeroMass=0.018
budget=10000 seed="c57-ea-seat0-seed35" seat=0 chosen=4 inOptimal=false rootValue=0.0157 argmaxDiffers=false oppZeroMass=0.038
budget=10000 seed="c57-ea-seat1-seed35" seat=1 chosen=3* inOptimal=true rootValue=0.0271 argmaxDiffers=true oppZeroMass=0.026
budget=10000 seed="c57-ea-seat0-seed36" seat=0 chosen=4 inOptimal=false rootValue=-0.0094 argmaxDiffers=false oppZeroMass=0.038
budget=10000 seed="c57-ea-seat1-seed36" seat=1 chosen=3* inOptimal=true rootValue=0.0262 argmaxDiffers=false oppZeroMass=0.013
budget=10000 seed="c57-ea-seat0-seed37" seat=0 chosen=4 inOptimal=false rootValue=0.0246 argmaxDiffers=false oppZeroMass=0.039
budget=10000 seed="c57-ea-seat1-seed37" seat=1 chosen=5 inOptimal=false rootValue=-0.0266 argmaxDiffers=false oppZeroMass=0.016
budget=10000 seed="c57-ea-seat0-seed38" seat=0 chosen=4 inOptimal=false rootValue=0.0074 argmaxDiffers=false oppZeroMass=0.037
budget=10000 seed="c57-ea-seat1-seed38" seat=1 chosen=3* inOptimal=true rootValue=0.0453 argmaxDiffers=false oppZeroMass=0.019
budget=10000 seed="c57-ea-seat0-seed39" seat=0 chosen=4 inOptimal=false rootValue=-0.0268 argmaxDiffers=false oppZeroMass=0.030
budget=10000 seed="c57-ea-seat1-seed39" seat=1 chosen=3* inOptimal=true rootValue=0.0207 argmaxDiffers=false oppZeroMass=0.018
budget=10000 seed="c57-ea-seat0-seed40" seat=0 chosen=4 inOptimal=false rootValue=-0.0495 argmaxDiffers=false oppZeroMass=0.028
budget=10000 seed="c57-ea-seat1-seed40" seat=1 chosen=3* inOptimal=true rootValue=0.0245 argmaxDiffers=true oppZeroMass=0.020
budget=10000 seed="c57-ea-seat0-seed41" seat=0 chosen=4 inOptimal=false rootValue=-0.0275 argmaxDiffers=false oppZeroMass=0.035
budget=10000 seed="c57-ea-seat1-seed41" seat=1 chosen=3* inOptimal=true rootValue=0.0173 argmaxDiffers=true oppZeroMass=0.017
budget=10000 seed="c57-ea-seat0-seed42" seat=0 chosen=4 inOptimal=false rootValue=-0.0393 argmaxDiffers=false oppZeroMass=0.041
budget=10000 seed="c57-ea-seat1-seed42" seat=1 chosen=5* inOptimal=false rootValue=-0.0093 argmaxDiffers=false oppZeroMass=0.016
budget=10000 seed="c57-ea-seat0-seed43" seat=0 chosen=4 inOptimal=false rootValue=-0.0291 argmaxDiffers=false oppZeroMass=0.037
budget=10000 seed="c57-ea-seat1-seed43" seat=1 chosen=5* inOptimal=false rootValue=0.0047 argmaxDiffers=false oppZeroMass=0.018
budget=10000 seed="c57-ea-seat0-seed44" seat=0 chosen=4 inOptimal=false rootValue=-0.0068 argmaxDiffers=false oppZeroMass=0.038
budget=10000 seed="c57-ea-seat1-seed44" seat=1 chosen=3* inOptimal=true rootValue=0.0473 argmaxDiffers=true oppZeroMass=0.025
budget=10000 seed="c57-ea-seat0-seed45" seat=0 chosen=4 inOptimal=false rootValue=-0.0267 argmaxDiffers=false oppZeroMass=0.037
budget=10000 seed="c57-ea-seat1-seed45" seat=1 chosen=3* inOptimal=true rootValue=0.0423 argmaxDiffers=false oppZeroMass=0.021
budget=10000 seed="c57-ea-seat0-seed46" seat=0 chosen=4 inOptimal=false rootValue=-0.0453 argmaxDiffers=false oppZeroMass=0.049
budget=10000 seed="c57-ea-seat1-seed46" seat=1 chosen=5 inOptimal=false rootValue=0.0254 argmaxDiffers=false oppZeroMass=0.077
budget=10000 seed="c57-ea-seat0-seed47" seat=0 chosen=4 inOptimal=false rootValue=0.0009 argmaxDiffers=false oppZeroMass=0.036
budget=10000 seed="c57-ea-seat1-seed47" seat=1 chosen=5 inOptimal=false rootValue=-0.0148 argmaxDiffers=false oppZeroMass=0.016
budget=10000 seed="c57-ea-seat0-seed48" seat=0 chosen=4 inOptimal=false rootValue=-0.0440 argmaxDiffers=false oppZeroMass=0.033
budget=10000 seed="c57-ea-seat1-seed48" seat=1 chosen=3* inOptimal=true rootValue=0.0383 argmaxDiffers=false oppZeroMass=0.016
budget=10000 seed="c57-ea-seat0-seed49" seat=0 chosen=4 inOptimal=false rootValue=-0.0609 argmaxDiffers=false oppZeroMass=0.055
budget=10000 seed="c57-ea-seat1-seed49" seat=1 chosen=3* inOptimal=true rootValue=0.0501 argmaxDiffers=false oppZeroMass=0.019
  [budget=10000 complete — 400/400 runs, 29.5s elapsed]

==== SUMMARY (plan §2's pre-registered per-cell quantities) ====
budget  seat  n    P(chosen∈optimal)   meanChosenAmt  meanRootValue   P(argmaxDiffers)   meanOppZeroMass
1000    0     50   1.000               3.000          -0.1841         0.000              0.088
1000    1     50   1.000               2.980          0.1805          0.000              0.072
2000    0     50   0.140               3.860          -0.0594         0.000              0.096
2000    1     50   0.980               3.020          0.0677          0.000              0.048
5000    0     50   0.000               4.000          -0.0428         0.000              0.057
5000    1     50   0.340               4.080          0.0450          0.180              0.029
10000   0     50   0.000               4.040          -0.0172         0.000              0.043
10000   1     50   0.480               4.000          0.0142          0.260              0.021
E-A complete. Read this ONLY against the plan's pre-registered interpretation table (docs/plans/sim-search-residue.md §2) — do not improvise a new interpretation.
EXIT:0
