E-A: budgets=[1000,2000,5000,10000,20000] seeds=50 seats=[0,1] at the real initial state (B=8, star=1)
==== seed-string check (budget must NEVER appear here) ====
  seat=0 seedIndex=0 -> "c57-ea-seat0-seed0" (reused unchanged across every budget in [1000,2000,5000,10000,20000])
  seat=0 seedIndex=1 -> "c57-ea-seat0-seed1" (reused unchanged across every budget in [1000,2000,5000,10000,20000])
  seat=0 seedIndex=2 -> "c57-ea-seat0-seed2" (reused unchanged across every budget in [1000,2000,5000,10000,20000])
  seat=0 seedIndex=3 -> "c57-ea-seat0-seed3" (reused unchanged across every budget in [1000,2000,5000,10000,20000])
  seat=0 seedIndex=4 -> "c57-ea-seat0-seed4" (reused unchanged across every budget in [1000,2000,5000,10000,20000])
  seat=1 seedIndex=0 -> "c57-ea-seat1-seed0" (reused unchanged across every budget in [1000,2000,5000,10000,20000])
  seat=1 seedIndex=1 -> "c57-ea-seat1-seed1" (reused unchanged across every budget in [1000,2000,5000,10000,20000])
  seat=1 seedIndex=2 -> "c57-ea-seat1-seed2" (reused unchanged across every budget in [1000,2000,5000,10000,20000])
  seat=1 seedIndex=3 -> "c57-ea-seat1-seed3" (reused unchanged across every budget in [1000,2000,5000,10000,20000])
  seat=1 seedIndex=4 -> "c57-ea-seat1-seed4" (reused unchanged across every budget in [1000,2000,5000,10000,20000])

solving the exact oracle (B=8, one-time cost)...
  done in 4568ms — exact root value (seat-0 perspective) = 0
  seat 0 optimal bids: {3}
  seat 1 optimal bids: {2*, 3, 3*}

budget=1000 seed="c57-ea-seat0-seed0" seat=0 chosen=4 inOptimal=false rootValue=0.0040 argmaxDiffers=false oppZeroMass=0.077
budget=1000 seed="c57-ea-seat1-seed0" seat=1 chosen=4* inOptimal=false rootValue=-0.0270 argmaxDiffers=false oppZeroMass=0.058
budget=1000 seed="c57-ea-seat0-seed1" seat=0 chosen=6 inOptimal=false rootValue=-0.0040 argmaxDiffers=false oppZeroMass=0.083
budget=1000 seed="c57-ea-seat1-seed1" seat=1 chosen=6 inOptimal=false rootValue=-0.0180 argmaxDiffers=false oppZeroMass=0.019
budget=1000 seed="c57-ea-seat0-seed2" seat=0 chosen=6 inOptimal=false rootValue=0.0230 argmaxDiffers=false oppZeroMass=0.072
budget=1000 seed="c57-ea-seat1-seed2" seat=1 chosen=5 inOptimal=false rootValue=-0.0320 argmaxDiffers=false oppZeroMass=0.083
budget=1000 seed="c57-ea-seat0-seed3" seat=0 chosen=4 inOptimal=false rootValue=-0.0300 argmaxDiffers=false oppZeroMass=0.041
budget=1000 seed="c57-ea-seat1-seed3" seat=1 chosen=8 inOptimal=false rootValue=0.0180 argmaxDiffers=false oppZeroMass=0.056
budget=1000 seed="c57-ea-seat0-seed4" seat=0 chosen=4 inOptimal=false rootValue=0.0330 argmaxDiffers=false oppZeroMass=0.083
budget=1000 seed="c57-ea-seat1-seed4" seat=1 chosen=8 inOptimal=false rootValue=0.0670 argmaxDiffers=false oppZeroMass=0.040
budget=1000 seed="c57-ea-seat0-seed5" seat=0 chosen=5 inOptimal=false rootValue=0.0160 argmaxDiffers=false oppZeroMass=0.079
budget=1000 seed="c57-ea-seat1-seed5" seat=1 chosen=7* inOptimal=false rootValue=0.0030 argmaxDiffers=false oppZeroMass=0.063
budget=1000 seed="c57-ea-seat0-seed6" seat=0 chosen=6 inOptimal=false rootValue=-0.0540 argmaxDiffers=false oppZeroMass=0.059
budget=1000 seed="c57-ea-seat1-seed6" seat=1 chosen=7 inOptimal=false rootValue=0.0960 argmaxDiffers=false oppZeroMass=0.060
budget=1000 seed="c57-ea-seat0-seed7" seat=0 chosen=5 inOptimal=false rootValue=0.0290 argmaxDiffers=false oppZeroMass=0.063
budget=1000 seed="c57-ea-seat1-seed7" seat=1 chosen=5 inOptimal=false rootValue=-0.0080 argmaxDiffers=false oppZeroMass=0.077
budget=1000 seed="c57-ea-seat0-seed8" seat=0 chosen=6 inOptimal=false rootValue=0.0540 argmaxDiffers=false oppZeroMass=0.066
budget=1000 seed="c57-ea-seat1-seed8" seat=1 chosen=6* inOptimal=false rootValue=0.0640 argmaxDiffers=true oppZeroMass=0.086
budget=1000 seed="c57-ea-seat0-seed9" seat=0 chosen=8 inOptimal=false rootValue=0.0180 argmaxDiffers=false oppZeroMass=0.099
budget=1000 seed="c57-ea-seat1-seed9" seat=1 chosen=8 inOptimal=false rootValue=0.0480 argmaxDiffers=false oppZeroMass=0.018
budget=1000 seed="c57-ea-seat0-seed10" seat=0 chosen=6 inOptimal=false rootValue=-0.0540 argmaxDiffers=false oppZeroMass=0.058
budget=1000 seed="c57-ea-seat1-seed10" seat=1 chosen=6* inOptimal=false rootValue=0.0160 argmaxDiffers=false oppZeroMass=0.071
budget=1000 seed="c57-ea-seat0-seed11" seat=0 chosen=4 inOptimal=false rootValue=-0.0440 argmaxDiffers=false oppZeroMass=0.131
budget=1000 seed="c57-ea-seat1-seed11" seat=1 chosen=5 inOptimal=false rootValue=0.0210 argmaxDiffers=true oppZeroMass=0.036
budget=1000 seed="c57-ea-seat0-seed12" seat=0 chosen=8 inOptimal=false rootValue=0.0340 argmaxDiffers=false oppZeroMass=0.107
budget=1000 seed="c57-ea-seat1-seed12" seat=1 chosen=5* inOptimal=false rootValue=-0.0520 argmaxDiffers=false oppZeroMass=0.070
budget=1000 seed="c57-ea-seat0-seed13" seat=0 chosen=8 inOptimal=false rootValue=0.0050 argmaxDiffers=false oppZeroMass=0.051
budget=1000 seed="c57-ea-seat1-seed13" seat=1 chosen=6 inOptimal=false rootValue=-0.0260 argmaxDiffers=false oppZeroMass=0.055
budget=1000 seed="c57-ea-seat0-seed14" seat=0 chosen=6 inOptimal=false rootValue=-0.0360 argmaxDiffers=false oppZeroMass=0.062
budget=1000 seed="c57-ea-seat1-seed14" seat=1 chosen=8 inOptimal=false rootValue=-0.0050 argmaxDiffers=true oppZeroMass=0.055
budget=1000 seed="c57-ea-seat0-seed15" seat=0 chosen=7 inOptimal=false rootValue=0.0000 argmaxDiffers=false oppZeroMass=0.045
budget=1000 seed="c57-ea-seat1-seed15" seat=1 chosen=6* inOptimal=false rootValue=-0.0580 argmaxDiffers=true oppZeroMass=0.110
budget=1000 seed="c57-ea-seat0-seed16" seat=0 chosen=6 inOptimal=false rootValue=-0.0160 argmaxDiffers=false oppZeroMass=0.043
budget=1000 seed="c57-ea-seat1-seed16" seat=1 chosen=6* inOptimal=false rootValue=-0.0060 argmaxDiffers=true oppZeroMass=0.062
budget=1000 seed="c57-ea-seat0-seed17" seat=0 chosen=5 inOptimal=false rootValue=-0.0040 argmaxDiffers=false oppZeroMass=0.086
budget=1000 seed="c57-ea-seat1-seed17" seat=1 chosen=7* inOptimal=false rootValue=-0.0220 argmaxDiffers=true oppZeroMass=0.039
budget=1000 seed="c57-ea-seat0-seed18" seat=0 chosen=8 inOptimal=false rootValue=-0.0200 argmaxDiffers=false oppZeroMass=0.047
budget=1000 seed="c57-ea-seat1-seed18" seat=1 chosen=5 inOptimal=false rootValue=-0.0040 argmaxDiffers=true oppZeroMass=0.102
budget=1000 seed="c57-ea-seat0-seed19" seat=0 chosen=5 inOptimal=false rootValue=0.0420 argmaxDiffers=false oppZeroMass=0.101
budget=1000 seed="c57-ea-seat1-seed19" seat=1 chosen=6* inOptimal=false rootValue=0.0110 argmaxDiffers=true oppZeroMass=0.120
budget=1000 seed="c57-ea-seat0-seed20" seat=0 chosen=5 inOptimal=false rootValue=-0.0180 argmaxDiffers=false oppZeroMass=0.067
budget=1000 seed="c57-ea-seat1-seed20" seat=1 chosen=7* inOptimal=false rootValue=0.0220 argmaxDiffers=false oppZeroMass=0.095
budget=1000 seed="c57-ea-seat0-seed21" seat=0 chosen=7 inOptimal=false rootValue=0.0430 argmaxDiffers=false oppZeroMass=0.070
budget=1000 seed="c57-ea-seat1-seed21" seat=1 chosen=7* inOptimal=false rootValue=-0.0270 argmaxDiffers=false oppZeroMass=0.045
budget=1000 seed="c57-ea-seat0-seed22" seat=0 chosen=6 inOptimal=false rootValue=-0.0270 argmaxDiffers=false oppZeroMass=0.079
budget=1000 seed="c57-ea-seat1-seed22" seat=1 chosen=6* inOptimal=false rootValue=-0.0160 argmaxDiffers=false oppZeroMass=0.046
budget=1000 seed="c57-ea-seat0-seed23" seat=0 chosen=6 inOptimal=false rootValue=-0.0270 argmaxDiffers=false oppZeroMass=0.051
budget=1000 seed="c57-ea-seat1-seed23" seat=1 chosen=5* inOptimal=false rootValue=0.0000 argmaxDiffers=false oppZeroMass=0.043
budget=1000 seed="c57-ea-seat0-seed24" seat=0 chosen=3 inOptimal=true rootValue=-0.0760 argmaxDiffers=false oppZeroMass=0.071
budget=1000 seed="c57-ea-seat1-seed24" seat=1 chosen=3* inOptimal=true rootValue=-0.0010 argmaxDiffers=false oppZeroMass=0.018
budget=1000 seed="c57-ea-seat0-seed25" seat=0 chosen=4 inOptimal=false rootValue=0.0240 argmaxDiffers=false oppZeroMass=0.043
budget=1000 seed="c57-ea-seat1-seed25" seat=1 chosen=6* inOptimal=false rootValue=-0.0190 argmaxDiffers=false oppZeroMass=0.029
budget=1000 seed="c57-ea-seat0-seed26" seat=0 chosen=7 inOptimal=false rootValue=-0.0010 argmaxDiffers=false oppZeroMass=0.093
budget=1000 seed="c57-ea-seat1-seed26" seat=1 chosen=5 inOptimal=false rootValue=-0.0160 argmaxDiffers=false oppZeroMass=0.023
budget=1000 seed="c57-ea-seat0-seed27" seat=0 chosen=7 inOptimal=false rootValue=-0.0260 argmaxDiffers=false oppZeroMass=0.072
budget=1000 seed="c57-ea-seat1-seed27" seat=1 chosen=5 inOptimal=false rootValue=-0.0520 argmaxDiffers=false oppZeroMass=0.053
budget=1000 seed="c57-ea-seat0-seed28" seat=0 chosen=2 inOptimal=false rootValue=0.0370 argmaxDiffers=false oppZeroMass=0.064
budget=1000 seed="c57-ea-seat1-seed28" seat=1 chosen=6* inOptimal=false rootValue=0.0260 argmaxDiffers=false oppZeroMass=0.025
budget=1000 seed="c57-ea-seat0-seed29" seat=0 chosen=6 inOptimal=false rootValue=-0.0100 argmaxDiffers=false oppZeroMass=0.061
budget=1000 seed="c57-ea-seat1-seed29" seat=1 chosen=6* inOptimal=false rootValue=0.0060 argmaxDiffers=false oppZeroMass=0.054
budget=1000 seed="c57-ea-seat0-seed30" seat=0 chosen=5 inOptimal=false rootValue=-0.0810 argmaxDiffers=false oppZeroMass=0.057
budget=1000 seed="c57-ea-seat1-seed30" seat=1 chosen=6* inOptimal=false rootValue=0.0320 argmaxDiffers=true oppZeroMass=0.023
budget=1000 seed="c57-ea-seat0-seed31" seat=0 chosen=8 inOptimal=false rootValue=-0.0120 argmaxDiffers=false oppZeroMass=0.083
budget=1000 seed="c57-ea-seat1-seed31" seat=1 chosen=6 inOptimal=false rootValue=0.0110 argmaxDiffers=false oppZeroMass=0.058
budget=1000 seed="c57-ea-seat0-seed32" seat=0 chosen=8 inOptimal=false rootValue=0.0200 argmaxDiffers=false oppZeroMass=0.058
budget=1000 seed="c57-ea-seat1-seed32" seat=1 chosen=6* inOptimal=false rootValue=-0.0240 argmaxDiffers=true oppZeroMass=0.060
budget=1000 seed="c57-ea-seat0-seed33" seat=0 chosen=8 inOptimal=false rootValue=0.0280 argmaxDiffers=false oppZeroMass=0.063
budget=1000 seed="c57-ea-seat1-seed33" seat=1 chosen=5* inOptimal=false rootValue=0.0200 argmaxDiffers=false oppZeroMass=0.074
budget=1000 seed="c57-ea-seat0-seed34" seat=0 chosen=8 inOptimal=false rootValue=-0.0500 argmaxDiffers=false oppZeroMass=0.022
budget=1000 seed="c57-ea-seat1-seed34" seat=1 chosen=8* inOptimal=false rootValue=0.0160 argmaxDiffers=false oppZeroMass=0.025
budget=1000 seed="c57-ea-seat0-seed35" seat=0 chosen=7 inOptimal=false rootValue=0.0380 argmaxDiffers=false oppZeroMass=0.073
budget=1000 seed="c57-ea-seat1-seed35" seat=1 chosen=7* inOptimal=false rootValue=-0.0390 argmaxDiffers=true oppZeroMass=0.050
budget=1000 seed="c57-ea-seat0-seed36" seat=0 chosen=5 inOptimal=false rootValue=0.0490 argmaxDiffers=false oppZeroMass=0.039
budget=1000 seed="c57-ea-seat1-seed36" seat=1 chosen=6* inOptimal=false rootValue=-0.0740 argmaxDiffers=false oppZeroMass=0.019
budget=1000 seed="c57-ea-seat0-seed37" seat=0 chosen=8 inOptimal=false rootValue=0.0270 argmaxDiffers=false oppZeroMass=0.061
budget=1000 seed="c57-ea-seat1-seed37" seat=1 chosen=3 inOptimal=true rootValue=-0.0140 argmaxDiffers=true oppZeroMass=0.034
budget=1000 seed="c57-ea-seat0-seed38" seat=0 chosen=5 inOptimal=false rootValue=0.0610 argmaxDiffers=false oppZeroMass=0.050
budget=1000 seed="c57-ea-seat1-seed38" seat=1 chosen=6* inOptimal=false rootValue=0.0130 argmaxDiffers=false oppZeroMass=0.060
budget=1000 seed="c57-ea-seat0-seed39" seat=0 chosen=6 inOptimal=false rootValue=-0.0140 argmaxDiffers=false oppZeroMass=0.031
budget=1000 seed="c57-ea-seat1-seed39" seat=1 chosen=6* inOptimal=false rootValue=0.0080 argmaxDiffers=false oppZeroMass=0.018
budget=1000 seed="c57-ea-seat0-seed40" seat=0 chosen=5 inOptimal=false rootValue=0.0580 argmaxDiffers=false oppZeroMass=0.087
budget=1000 seed="c57-ea-seat1-seed40" seat=1 chosen=2* inOptimal=true rootValue=0.0120 argmaxDiffers=true oppZeroMass=0.086
budget=1000 seed="c57-ea-seat0-seed41" seat=0 chosen=4 inOptimal=false rootValue=-0.0030 argmaxDiffers=false oppZeroMass=0.077
budget=1000 seed="c57-ea-seat1-seed41" seat=1 chosen=6 inOptimal=false rootValue=-0.0100 argmaxDiffers=false oppZeroMass=0.019
budget=1000 seed="c57-ea-seat0-seed42" seat=0 chosen=5 inOptimal=false rootValue=0.0480 argmaxDiffers=false oppZeroMass=0.082
budget=1000 seed="c57-ea-seat1-seed42" seat=1 chosen=5* inOptimal=false rootValue=-0.0330 argmaxDiffers=false oppZeroMass=0.024
budget=1000 seed="c57-ea-seat0-seed43" seat=0 chosen=5 inOptimal=false rootValue=0.0080 argmaxDiffers=false oppZeroMass=0.063
budget=1000 seed="c57-ea-seat1-seed43" seat=1 chosen=4* inOptimal=false rootValue=0.0160 argmaxDiffers=true oppZeroMass=0.064
budget=1000 seed="c57-ea-seat0-seed44" seat=0 chosen=4 inOptimal=false rootValue=-0.0310 argmaxDiffers=false oppZeroMass=0.036
budget=1000 seed="c57-ea-seat1-seed44" seat=1 chosen=5* inOptimal=false rootValue=0.0150 argmaxDiffers=true oppZeroMass=0.054
budget=1000 seed="c57-ea-seat0-seed45" seat=0 chosen=6 inOptimal=false rootValue=-0.0050 argmaxDiffers=false oppZeroMass=0.042
budget=1000 seed="c57-ea-seat1-seed45" seat=1 chosen=4 inOptimal=false rootValue=-0.0210 argmaxDiffers=false oppZeroMass=0.068
budget=1000 seed="c57-ea-seat0-seed46" seat=0 chosen=7 inOptimal=false rootValue=-0.0090 argmaxDiffers=false oppZeroMass=0.037
budget=1000 seed="c57-ea-seat1-seed46" seat=1 chosen=4 inOptimal=false rootValue=-0.0290 argmaxDiffers=true oppZeroMass=0.030
budget=1000 seed="c57-ea-seat0-seed47" seat=0 chosen=3 inOptimal=true rootValue=0.0170 argmaxDiffers=false oppZeroMass=0.069
budget=1000 seed="c57-ea-seat1-seed47" seat=1 chosen=8* inOptimal=false rootValue=0.0220 argmaxDiffers=true oppZeroMass=0.041
budget=1000 seed="c57-ea-seat0-seed48" seat=0 chosen=7 inOptimal=false rootValue=0.0020 argmaxDiffers=false oppZeroMass=0.113
budget=1000 seed="c57-ea-seat1-seed48" seat=1 chosen=3 inOptimal=true rootValue=0.0070 argmaxDiffers=false oppZeroMass=0.071
budget=1000 seed="c57-ea-seat0-seed49" seat=0 chosen=6 inOptimal=false rootValue=0.0170 argmaxDiffers=false oppZeroMass=0.083
budget=1000 seed="c57-ea-seat1-seed49" seat=1 chosen=7* inOptimal=false rootValue=0.0060 argmaxDiffers=true oppZeroMass=0.044
  [budget=1000 complete — 100/500 runs, 2.8s elapsed]
budget=2000 seed="c57-ea-seat0-seed0" seat=0 chosen=7 inOptimal=false rootValue=-0.0145 argmaxDiffers=false oppZeroMass=0.063
budget=2000 seed="c57-ea-seat1-seed0" seat=1 chosen=4* inOptimal=false rootValue=-0.0685 argmaxDiffers=false oppZeroMass=0.034
budget=2000 seed="c57-ea-seat0-seed1" seat=0 chosen=6 inOptimal=false rootValue=-0.0205 argmaxDiffers=false oppZeroMass=0.077
budget=2000 seed="c57-ea-seat1-seed1" seat=1 chosen=6 inOptimal=false rootValue=-0.0095 argmaxDiffers=false oppZeroMass=0.031
budget=2000 seed="c57-ea-seat0-seed2" seat=0 chosen=6 inOptimal=false rootValue=0.0155 argmaxDiffers=false oppZeroMass=0.048
budget=2000 seed="c57-ea-seat1-seed2" seat=1 chosen=6* inOptimal=false rootValue=-0.0530 argmaxDiffers=true oppZeroMass=0.048
budget=2000 seed="c57-ea-seat0-seed3" seat=0 chosen=6 inOptimal=false rootValue=0.0010 argmaxDiffers=false oppZeroMass=0.038
budget=2000 seed="c57-ea-seat1-seed3" seat=1 chosen=8 inOptimal=false rootValue=0.0170 argmaxDiffers=false oppZeroMass=0.044
budget=2000 seed="c57-ea-seat0-seed4" seat=0 chosen=4 inOptimal=false rootValue=0.0195 argmaxDiffers=false oppZeroMass=0.052
budget=2000 seed="c57-ea-seat1-seed4" seat=1 chosen=8 inOptimal=false rootValue=0.0335 argmaxDiffers=false oppZeroMass=0.022
budget=2000 seed="c57-ea-seat0-seed5" seat=0 chosen=6 inOptimal=false rootValue=0.0065 argmaxDiffers=false oppZeroMass=0.065
budget=2000 seed="c57-ea-seat1-seed5" seat=1 chosen=7* inOptimal=false rootValue=0.0170 argmaxDiffers=false oppZeroMass=0.041
budget=2000 seed="c57-ea-seat0-seed6" seat=0 chosen=6 inOptimal=false rootValue=0.0050 argmaxDiffers=false oppZeroMass=0.062
budget=2000 seed="c57-ea-seat1-seed6" seat=1 chosen=7 inOptimal=false rootValue=0.0495 argmaxDiffers=false oppZeroMass=0.048
budget=2000 seed="c57-ea-seat0-seed7" seat=0 chosen=5 inOptimal=false rootValue=0.0220 argmaxDiffers=false oppZeroMass=0.068
budget=2000 seed="c57-ea-seat1-seed7" seat=1 chosen=5 inOptimal=false rootValue=-0.0095 argmaxDiffers=true oppZeroMass=0.063
budget=2000 seed="c57-ea-seat0-seed8" seat=0 chosen=6 inOptimal=false rootValue=0.0535 argmaxDiffers=false oppZeroMass=0.060
budget=2000 seed="c57-ea-seat1-seed8" seat=1 chosen=7* inOptimal=false rootValue=0.0230 argmaxDiffers=true oppZeroMass=0.052
budget=2000 seed="c57-ea-seat0-seed9" seat=0 chosen=8 inOptimal=false rootValue=0.0045 argmaxDiffers=false oppZeroMass=0.075
budget=2000 seed="c57-ea-seat1-seed9" seat=1 chosen=8 inOptimal=false rootValue=-0.0020 argmaxDiffers=false oppZeroMass=0.010
budget=2000 seed="c57-ea-seat0-seed10" seat=0 chosen=6 inOptimal=false rootValue=-0.0410 argmaxDiffers=false oppZeroMass=0.045
budget=2000 seed="c57-ea-seat1-seed10" seat=1 chosen=6* inOptimal=false rootValue=-0.0215 argmaxDiffers=false oppZeroMass=0.039
budget=2000 seed="c57-ea-seat0-seed11" seat=0 chosen=7 inOptimal=false rootValue=0.0010 argmaxDiffers=false oppZeroMass=0.104
budget=2000 seed="c57-ea-seat1-seed11" seat=1 chosen=8 inOptimal=false rootValue=0.0035 argmaxDiffers=false oppZeroMass=0.028
budget=2000 seed="c57-ea-seat0-seed12" seat=0 chosen=6 inOptimal=false rootValue=0.0330 argmaxDiffers=false oppZeroMass=0.114
budget=2000 seed="c57-ea-seat1-seed12" seat=1 chosen=6* inOptimal=false rootValue=-0.0300 argmaxDiffers=false oppZeroMass=0.058
budget=2000 seed="c57-ea-seat0-seed13" seat=0 chosen=8 inOptimal=false rootValue=-0.0175 argmaxDiffers=false oppZeroMass=0.045
budget=2000 seed="c57-ea-seat1-seed13" seat=1 chosen=8 inOptimal=false rootValue=-0.0085 argmaxDiffers=false oppZeroMass=0.057
budget=2000 seed="c57-ea-seat0-seed14" seat=0 chosen=7 inOptimal=false rootValue=-0.0160 argmaxDiffers=false oppZeroMass=0.052
budget=2000 seed="c57-ea-seat1-seed14" seat=1 chosen=8* inOptimal=false rootValue=0.0195 argmaxDiffers=false oppZeroMass=0.068
budget=2000 seed="c57-ea-seat0-seed15" seat=0 chosen=8 inOptimal=false rootValue=-0.0005 argmaxDiffers=false oppZeroMass=0.034
budget=2000 seed="c57-ea-seat1-seed15" seat=1 chosen=5 inOptimal=false rootValue=-0.0290 argmaxDiffers=true oppZeroMass=0.083
budget=2000 seed="c57-ea-seat0-seed16" seat=0 chosen=8 inOptimal=false rootValue=-0.0185 argmaxDiffers=false oppZeroMass=0.054
budget=2000 seed="c57-ea-seat1-seed16" seat=1 chosen=7 inOptimal=false rootValue=-0.0285 argmaxDiffers=false oppZeroMass=0.053
budget=2000 seed="c57-ea-seat0-seed17" seat=0 chosen=5 inOptimal=false rootValue=0.0185 argmaxDiffers=false oppZeroMass=0.071
budget=2000 seed="c57-ea-seat1-seed17" seat=1 chosen=8* inOptimal=false rootValue=-0.0030 argmaxDiffers=true oppZeroMass=0.042
budget=2000 seed="c57-ea-seat0-seed18" seat=0 chosen=5 inOptimal=false rootValue=-0.0170 argmaxDiffers=false oppZeroMass=0.032
budget=2000 seed="c57-ea-seat1-seed18" seat=1 chosen=4* inOptimal=false rootValue=-0.0230 argmaxDiffers=true oppZeroMass=0.062
budget=2000 seed="c57-ea-seat0-seed19" seat=0 chosen=5 inOptimal=false rootValue=0.0270 argmaxDiffers=false oppZeroMass=0.093
budget=2000 seed="c57-ea-seat1-seed19" seat=1 chosen=8 inOptimal=false rootValue=-0.0135 argmaxDiffers=false oppZeroMass=0.077
budget=2000 seed="c57-ea-seat0-seed20" seat=0 chosen=6 inOptimal=false rootValue=-0.0115 argmaxDiffers=false oppZeroMass=0.061
budget=2000 seed="c57-ea-seat1-seed20" seat=1 chosen=7* inOptimal=false rootValue=0.0525 argmaxDiffers=false oppZeroMass=0.066
budget=2000 seed="c57-ea-seat0-seed21" seat=0 chosen=7 inOptimal=false rootValue=0.0560 argmaxDiffers=false oppZeroMass=0.071
budget=2000 seed="c57-ea-seat1-seed21" seat=1 chosen=8* inOptimal=false rootValue=0.0085 argmaxDiffers=false oppZeroMass=0.059
budget=2000 seed="c57-ea-seat0-seed22" seat=0 chosen=6 inOptimal=false rootValue=-0.0185 argmaxDiffers=false oppZeroMass=0.050
budget=2000 seed="c57-ea-seat1-seed22" seat=1 chosen=6* inOptimal=false rootValue=-0.0040 argmaxDiffers=false oppZeroMass=0.041
budget=2000 seed="c57-ea-seat0-seed23" seat=0 chosen=6 inOptimal=false rootValue=-0.0165 argmaxDiffers=false oppZeroMass=0.050
budget=2000 seed="c57-ea-seat1-seed23" seat=1 chosen=5* inOptimal=false rootValue=0.0375 argmaxDiffers=false oppZeroMass=0.051
budget=2000 seed="c57-ea-seat0-seed24" seat=0 chosen=8 inOptimal=false rootValue=-0.0465 argmaxDiffers=false oppZeroMass=0.059
budget=2000 seed="c57-ea-seat1-seed24" seat=1 chosen=5* inOptimal=false rootValue=-0.0045 argmaxDiffers=true oppZeroMass=0.011
budget=2000 seed="c57-ea-seat0-seed25" seat=0 chosen=6 inOptimal=false rootValue=0.0440 argmaxDiffers=false oppZeroMass=0.084
budget=2000 seed="c57-ea-seat1-seed25" seat=1 chosen=8* inOptimal=false rootValue=0.0100 argmaxDiffers=false oppZeroMass=0.022
budget=2000 seed="c57-ea-seat0-seed26" seat=0 chosen=5 inOptimal=false rootValue=0.0210 argmaxDiffers=false oppZeroMass=0.067
budget=2000 seed="c57-ea-seat1-seed26" seat=1 chosen=8* inOptimal=false rootValue=-0.0090 argmaxDiffers=true oppZeroMass=0.032
budget=2000 seed="c57-ea-seat0-seed27" seat=0 chosen=7 inOptimal=false rootValue=-0.0115 argmaxDiffers=false oppZeroMass=0.051
budget=2000 seed="c57-ea-seat1-seed27" seat=1 chosen=6 inOptimal=false rootValue=-0.0040 argmaxDiffers=false oppZeroMass=0.058
budget=2000 seed="c57-ea-seat0-seed28" seat=0 chosen=8 inOptimal=false rootValue=0.0030 argmaxDiffers=false oppZeroMass=0.040
budget=2000 seed="c57-ea-seat1-seed28" seat=1 chosen=6* inOptimal=false rootValue=0.0100 argmaxDiffers=false oppZeroMass=0.036
budget=2000 seed="c57-ea-seat0-seed29" seat=0 chosen=3 inOptimal=true rootValue=-0.0120 argmaxDiffers=false oppZeroMass=0.065
budget=2000 seed="c57-ea-seat1-seed29" seat=1 chosen=6* inOptimal=false rootValue=-0.0245 argmaxDiffers=false oppZeroMass=0.040
budget=2000 seed="c57-ea-seat0-seed30" seat=0 chosen=6 inOptimal=false rootValue=-0.0320 argmaxDiffers=false oppZeroMass=0.041
budget=2000 seed="c57-ea-seat1-seed30" seat=1 chosen=6* inOptimal=false rootValue=0.0165 argmaxDiffers=false oppZeroMass=0.053
budget=2000 seed="c57-ea-seat0-seed31" seat=0 chosen=8 inOptimal=false rootValue=-0.0045 argmaxDiffers=false oppZeroMass=0.068
budget=2000 seed="c57-ea-seat1-seed31" seat=1 chosen=6* inOptimal=false rootValue=-0.0080 argmaxDiffers=false oppZeroMass=0.035
budget=2000 seed="c57-ea-seat0-seed32" seat=0 chosen=8 inOptimal=false rootValue=0.0400 argmaxDiffers=false oppZeroMass=0.061
budget=2000 seed="c57-ea-seat1-seed32" seat=1 chosen=7 inOptimal=false rootValue=-0.0025 argmaxDiffers=false oppZeroMass=0.090
budget=2000 seed="c57-ea-seat0-seed33" seat=0 chosen=6 inOptimal=false rootValue=0.0100 argmaxDiffers=false oppZeroMass=0.050
budget=2000 seed="c57-ea-seat1-seed33" seat=1 chosen=8* inOptimal=false rootValue=0.0020 argmaxDiffers=false oppZeroMass=0.044
budget=2000 seed="c57-ea-seat0-seed34" seat=0 chosen=6 inOptimal=false rootValue=-0.0290 argmaxDiffers=false oppZeroMass=0.025
budget=2000 seed="c57-ea-seat1-seed34" seat=1 chosen=6* inOptimal=false rootValue=0.0215 argmaxDiffers=false oppZeroMass=0.024
budget=2000 seed="c57-ea-seat0-seed35" seat=0 chosen=7 inOptimal=false rootValue=0.0310 argmaxDiffers=false oppZeroMass=0.081
budget=2000 seed="c57-ea-seat1-seed35" seat=1 chosen=7* inOptimal=false rootValue=-0.0510 argmaxDiffers=true oppZeroMass=0.029
budget=2000 seed="c57-ea-seat0-seed36" seat=0 chosen=5 inOptimal=false rootValue=0.0335 argmaxDiffers=false oppZeroMass=0.048
budget=2000 seed="c57-ea-seat1-seed36" seat=1 chosen=8* inOptimal=false rootValue=-0.0475 argmaxDiffers=true oppZeroMass=0.019
budget=2000 seed="c57-ea-seat0-seed37" seat=0 chosen=8 inOptimal=false rootValue=-0.0100 argmaxDiffers=false oppZeroMass=0.054
budget=2000 seed="c57-ea-seat1-seed37" seat=1 chosen=5* inOptimal=false rootValue=-0.0440 argmaxDiffers=false oppZeroMass=0.018
budget=2000 seed="c57-ea-seat0-seed38" seat=0 chosen=3 inOptimal=true rootValue=0.0405 argmaxDiffers=false oppZeroMass=0.050
budget=2000 seed="c57-ea-seat1-seed38" seat=1 chosen=6 inOptimal=false rootValue=0.0080 argmaxDiffers=false oppZeroMass=0.045
budget=2000 seed="c57-ea-seat0-seed39" seat=0 chosen=8 inOptimal=false rootValue=0.0125 argmaxDiffers=false oppZeroMass=0.049
budget=2000 seed="c57-ea-seat1-seed39" seat=1 chosen=7* inOptimal=false rootValue=-0.0010 argmaxDiffers=true oppZeroMass=0.009
budget=2000 seed="c57-ea-seat0-seed40" seat=0 chosen=6 inOptimal=false rootValue=0.0355 argmaxDiffers=false oppZeroMass=0.059
budget=2000 seed="c57-ea-seat1-seed40" seat=1 chosen=6* inOptimal=false rootValue=-0.0135 argmaxDiffers=false oppZeroMass=0.048
budget=2000 seed="c57-ea-seat0-seed41" seat=0 chosen=8 inOptimal=false rootValue=0.0070 argmaxDiffers=false oppZeroMass=0.068
budget=2000 seed="c57-ea-seat1-seed41" seat=1 chosen=6* inOptimal=false rootValue=0.0145 argmaxDiffers=false oppZeroMass=0.021
budget=2000 seed="c57-ea-seat0-seed42" seat=0 chosen=6 inOptimal=false rootValue=0.0355 argmaxDiffers=false oppZeroMass=0.077
budget=2000 seed="c57-ea-seat1-seed42" seat=1 chosen=5* inOptimal=false rootValue=-0.0295 argmaxDiffers=false oppZeroMass=0.015
budget=2000 seed="c57-ea-seat0-seed43" seat=0 chosen=5 inOptimal=false rootValue=0.0000 argmaxDiffers=false oppZeroMass=0.069
budget=2000 seed="c57-ea-seat1-seed43" seat=1 chosen=4* inOptimal=false rootValue=0.0045 argmaxDiffers=true oppZeroMass=0.050
budget=2000 seed="c57-ea-seat0-seed44" seat=0 chosen=4 inOptimal=false rootValue=-0.0170 argmaxDiffers=false oppZeroMass=0.045
budget=2000 seed="c57-ea-seat1-seed44" seat=1 chosen=6* inOptimal=false rootValue=-0.0255 argmaxDiffers=false oppZeroMass=0.031
budget=2000 seed="c57-ea-seat0-seed45" seat=0 chosen=6 inOptimal=false rootValue=-0.0005 argmaxDiffers=false oppZeroMass=0.043
budget=2000 seed="c57-ea-seat1-seed45" seat=1 chosen=6* inOptimal=false rootValue=-0.0015 argmaxDiffers=false oppZeroMass=0.045
budget=2000 seed="c57-ea-seat0-seed46" seat=0 chosen=7 inOptimal=false rootValue=0.0125 argmaxDiffers=false oppZeroMass=0.027
budget=2000 seed="c57-ea-seat1-seed46" seat=1 chosen=6 inOptimal=false rootValue=0.0005 argmaxDiffers=false oppZeroMass=0.022
budget=2000 seed="c57-ea-seat0-seed47" seat=0 chosen=6 inOptimal=false rootValue=0.0145 argmaxDiffers=false oppZeroMass=0.081
budget=2000 seed="c57-ea-seat1-seed47" seat=1 chosen=8* inOptimal=false rootValue=0.0165 argmaxDiffers=false oppZeroMass=0.052
budget=2000 seed="c57-ea-seat0-seed48" seat=0 chosen=7 inOptimal=false rootValue=0.0360 argmaxDiffers=false oppZeroMass=0.112
budget=2000 seed="c57-ea-seat1-seed48" seat=1 chosen=6* inOptimal=false rootValue=-0.0040 argmaxDiffers=false oppZeroMass=0.051
budget=2000 seed="c57-ea-seat0-seed49" seat=0 chosen=6 inOptimal=false rootValue=0.0115 argmaxDiffers=false oppZeroMass=0.055
budget=2000 seed="c57-ea-seat1-seed49" seat=1 chosen=7* inOptimal=false rootValue=0.0210 argmaxDiffers=false oppZeroMass=0.042
  [budget=2000 complete — 200/500 runs, 7.7s elapsed]
budget=5000 seed="c57-ea-seat0-seed0" seat=0 chosen=6 inOptimal=false rootValue=-0.0072 argmaxDiffers=false oppZeroMass=0.052
budget=5000 seed="c57-ea-seat1-seed0" seat=1 chosen=8* inOptimal=false rootValue=-0.0024 argmaxDiffers=false oppZeroMass=0.023
budget=5000 seed="c57-ea-seat0-seed1" seat=0 chosen=6 inOptimal=false rootValue=-0.0324 argmaxDiffers=false oppZeroMass=0.074
budget=5000 seed="c57-ea-seat1-seed1" seat=1 chosen=7* inOptimal=false rootValue=-0.0086 argmaxDiffers=false oppZeroMass=0.046
budget=5000 seed="c57-ea-seat0-seed2" seat=0 chosen=8 inOptimal=false rootValue=0.0198 argmaxDiffers=false oppZeroMass=0.043
budget=5000 seed="c57-ea-seat1-seed2" seat=1 chosen=7 inOptimal=false rootValue=0.0046 argmaxDiffers=false oppZeroMass=0.061
budget=5000 seed="c57-ea-seat0-seed3" seat=0 chosen=6 inOptimal=false rootValue=-0.0032 argmaxDiffers=false oppZeroMass=0.030
budget=5000 seed="c57-ea-seat1-seed3" seat=1 chosen=8 inOptimal=false rootValue=0.0240 argmaxDiffers=false oppZeroMass=0.048
budget=5000 seed="c57-ea-seat0-seed4" seat=0 chosen=7 inOptimal=false rootValue=0.0114 argmaxDiffers=false oppZeroMass=0.041
budget=5000 seed="c57-ea-seat1-seed4" seat=1 chosen=6* inOptimal=false rootValue=0.0408 argmaxDiffers=false oppZeroMass=0.050
budget=5000 seed="c57-ea-seat0-seed5" seat=0 chosen=8 inOptimal=false rootValue=0.0018 argmaxDiffers=false oppZeroMass=0.051
budget=5000 seed="c57-ea-seat1-seed5" seat=1 chosen=7* inOptimal=false rootValue=-0.0052 argmaxDiffers=false oppZeroMass=0.024
budget=5000 seed="c57-ea-seat0-seed6" seat=0 chosen=7 inOptimal=false rootValue=0.0252 argmaxDiffers=false oppZeroMass=0.066
budget=5000 seed="c57-ea-seat1-seed6" seat=1 chosen=7* inOptimal=false rootValue=0.0428 argmaxDiffers=false oppZeroMass=0.064
budget=5000 seed="c57-ea-seat0-seed7" seat=0 chosen=6 inOptimal=false rootValue=-0.0048 argmaxDiffers=false oppZeroMass=0.051
budget=5000 seed="c57-ea-seat1-seed7" seat=1 chosen=6 inOptimal=false rootValue=-0.0094 argmaxDiffers=false oppZeroMass=0.050
budget=5000 seed="c57-ea-seat0-seed8" seat=0 chosen=6 inOptimal=false rootValue=-0.0226 argmaxDiffers=false oppZeroMass=0.044
budget=5000 seed="c57-ea-seat1-seed8" seat=1 chosen=5* inOptimal=false rootValue=0.0020 argmaxDiffers=false oppZeroMass=0.044
budget=5000 seed="c57-ea-seat0-seed9" seat=0 chosen=8 inOptimal=false rootValue=0.0148 argmaxDiffers=false oppZeroMass=0.063
budget=5000 seed="c57-ea-seat1-seed9" seat=1 chosen=8* inOptimal=false rootValue=0.0128 argmaxDiffers=false oppZeroMass=0.017
budget=5000 seed="c57-ea-seat0-seed10" seat=0 chosen=7 inOptimal=false rootValue=-0.0050 argmaxDiffers=false oppZeroMass=0.061
budget=5000 seed="c57-ea-seat1-seed10" seat=1 chosen=7* inOptimal=false rootValue=-0.0054 argmaxDiffers=true oppZeroMass=0.024
budget=5000 seed="c57-ea-seat0-seed11" seat=0 chosen=8 inOptimal=false rootValue=-0.0172 argmaxDiffers=false oppZeroMass=0.072
budget=5000 seed="c57-ea-seat1-seed11" seat=1 chosen=8* inOptimal=false rootValue=-0.0076 argmaxDiffers=true oppZeroMass=0.019
budget=5000 seed="c57-ea-seat0-seed12" seat=0 chosen=6 inOptimal=false rootValue=0.0360 argmaxDiffers=false oppZeroMass=0.072
budget=5000 seed="c57-ea-seat1-seed12" seat=1 chosen=5* inOptimal=false rootValue=-0.0072 argmaxDiffers=true oppZeroMass=0.048
budget=5000 seed="c57-ea-seat0-seed13" seat=0 chosen=8 inOptimal=false rootValue=-0.0164 argmaxDiffers=false oppZeroMass=0.026
budget=5000 seed="c57-ea-seat1-seed13" seat=1 chosen=8* inOptimal=false rootValue=-0.0016 argmaxDiffers=false oppZeroMass=0.054
budget=5000 seed="c57-ea-seat0-seed14" seat=0 chosen=8 inOptimal=false rootValue=0.0126 argmaxDiffers=false oppZeroMass=0.048
budget=5000 seed="c57-ea-seat1-seed14" seat=1 chosen=8* inOptimal=false rootValue=0.0018 argmaxDiffers=false oppZeroMass=0.038
budget=5000 seed="c57-ea-seat0-seed15" seat=0 chosen=8 inOptimal=false rootValue=-0.0110 argmaxDiffers=false oppZeroMass=0.043
budget=5000 seed="c57-ea-seat1-seed15" seat=1 chosen=6* inOptimal=false rootValue=-0.0190 argmaxDiffers=false oppZeroMass=0.077
budget=5000 seed="c57-ea-seat0-seed16" seat=0 chosen=6 inOptimal=false rootValue=-0.0182 argmaxDiffers=false oppZeroMass=0.043
budget=5000 seed="c57-ea-seat1-seed16" seat=1 chosen=7* inOptimal=false rootValue=-0.0194 argmaxDiffers=false oppZeroMass=0.030
budget=5000 seed="c57-ea-seat0-seed17" seat=0 chosen=5 inOptimal=false rootValue=-0.0178 argmaxDiffers=false oppZeroMass=0.049
budget=5000 seed="c57-ea-seat1-seed17" seat=1 chosen=6* inOptimal=false rootValue=0.0058 argmaxDiffers=true oppZeroMass=0.029
budget=5000 seed="c57-ea-seat0-seed18" seat=0 chosen=6 inOptimal=false rootValue=-0.0170 argmaxDiffers=false oppZeroMass=0.033
budget=5000 seed="c57-ea-seat1-seed18" seat=1 chosen=8 inOptimal=false rootValue=-0.0178 argmaxDiffers=false oppZeroMass=0.050
budget=5000 seed="c57-ea-seat0-seed19" seat=0 chosen=5 inOptimal=false rootValue=-0.0006 argmaxDiffers=false oppZeroMass=0.074
budget=5000 seed="c57-ea-seat1-seed19" seat=1 chosen=6* inOptimal=false rootValue=-0.0264 argmaxDiffers=true oppZeroMass=0.043
budget=5000 seed="c57-ea-seat0-seed20" seat=0 chosen=8 inOptimal=false rootValue=-0.0076 argmaxDiffers=false oppZeroMass=0.053
budget=5000 seed="c57-ea-seat1-seed20" seat=1 chosen=7* inOptimal=false rootValue=0.0238 argmaxDiffers=false oppZeroMass=0.067
budget=5000 seed="c57-ea-seat0-seed21" seat=0 chosen=8 inOptimal=false rootValue=0.0490 argmaxDiffers=false oppZeroMass=0.052
budget=5000 seed="c57-ea-seat1-seed21" seat=1 chosen=7* inOptimal=false rootValue=0.0206 argmaxDiffers=false oppZeroMass=0.039
budget=5000 seed="c57-ea-seat0-seed22" seat=0 chosen=7 inOptimal=false rootValue=0.0112 argmaxDiffers=false oppZeroMass=0.051
budget=5000 seed="c57-ea-seat1-seed22" seat=1 chosen=6* inOptimal=false rootValue=0.0062 argmaxDiffers=false oppZeroMass=0.023
budget=5000 seed="c57-ea-seat0-seed23" seat=0 chosen=8 inOptimal=false rootValue=-0.0160 argmaxDiffers=false oppZeroMass=0.037
budget=5000 seed="c57-ea-seat1-seed23" seat=1 chosen=5* inOptimal=false rootValue=0.0084 argmaxDiffers=false oppZeroMass=0.025
budget=5000 seed="c57-ea-seat0-seed24" seat=0 chosen=8 inOptimal=false rootValue=-0.0102 argmaxDiffers=false oppZeroMass=0.041
budget=5000 seed="c57-ea-seat1-seed24" seat=1 chosen=7* inOptimal=false rootValue=0.0044 argmaxDiffers=true oppZeroMass=0.009
budget=5000 seed="c57-ea-seat0-seed25" seat=0 chosen=8 inOptimal=false rootValue=-0.0082 argmaxDiffers=false oppZeroMass=0.066
budget=5000 seed="c57-ea-seat1-seed25" seat=1 chosen=8* inOptimal=false rootValue=0.0168 argmaxDiffers=false oppZeroMass=0.045
budget=5000 seed="c57-ea-seat0-seed26" seat=0 chosen=4 inOptimal=false rootValue=0.0020 argmaxDiffers=false oppZeroMass=0.056
budget=5000 seed="c57-ea-seat1-seed26" seat=1 chosen=6* inOptimal=false rootValue=-0.0118 argmaxDiffers=false oppZeroMass=0.016
budget=5000 seed="c57-ea-seat0-seed27" seat=0 chosen=7 inOptimal=false rootValue=-0.0152 argmaxDiffers=false oppZeroMass=0.038
budget=5000 seed="c57-ea-seat1-seed27" seat=1 chosen=6* inOptimal=false rootValue=-0.0456 argmaxDiffers=false oppZeroMass=0.029
budget=5000 seed="c57-ea-seat0-seed28" seat=0 chosen=8 inOptimal=false rootValue=-0.0080 argmaxDiffers=false oppZeroMass=0.027
budget=5000 seed="c57-ea-seat1-seed28" seat=1 chosen=6* inOptimal=false rootValue=0.0104 argmaxDiffers=false oppZeroMass=0.028
budget=5000 seed="c57-ea-seat0-seed29" seat=0 chosen=7 inOptimal=false rootValue=-0.0030 argmaxDiffers=false oppZeroMass=0.044
budget=5000 seed="c57-ea-seat1-seed29" seat=1 chosen=6* inOptimal=false rootValue=-0.0220 argmaxDiffers=false oppZeroMass=0.022
budget=5000 seed="c57-ea-seat0-seed30" seat=0 chosen=8 inOptimal=false rootValue=0.0096 argmaxDiffers=false oppZeroMass=0.055
budget=5000 seed="c57-ea-seat1-seed30" seat=1 chosen=6* inOptimal=false rootValue=0.0008 argmaxDiffers=false oppZeroMass=0.040
budget=5000 seed="c57-ea-seat0-seed31" seat=0 chosen=8 inOptimal=false rootValue=-0.0224 argmaxDiffers=false oppZeroMass=0.057
budget=5000 seed="c57-ea-seat1-seed31" seat=1 chosen=7* inOptimal=false rootValue=-0.0156 argmaxDiffers=true oppZeroMass=0.023
budget=5000 seed="c57-ea-seat0-seed32" seat=0 chosen=8 inOptimal=false rootValue=0.0174 argmaxDiffers=false oppZeroMass=0.060
budget=5000 seed="c57-ea-seat1-seed32" seat=1 chosen=7* inOptimal=false rootValue=-0.0126 argmaxDiffers=false oppZeroMass=0.057
budget=5000 seed="c57-ea-seat0-seed33" seat=0 chosen=6 inOptimal=false rootValue=0.0138 argmaxDiffers=false oppZeroMass=0.047
budget=5000 seed="c57-ea-seat1-seed33" seat=1 chosen=7* inOptimal=false rootValue=-0.0086 argmaxDiffers=false oppZeroMass=0.023
budget=5000 seed="c57-ea-seat0-seed34" seat=0 chosen=7 inOptimal=false rootValue=0.0000 argmaxDiffers=false oppZeroMass=0.025
budget=5000 seed="c57-ea-seat1-seed34" seat=1 chosen=6* inOptimal=false rootValue=-0.0090 argmaxDiffers=true oppZeroMass=0.015
budget=5000 seed="c57-ea-seat0-seed35" seat=0 chosen=7 inOptimal=false rootValue=0.0164 argmaxDiffers=false oppZeroMass=0.060
budget=5000 seed="c57-ea-seat1-seed35" seat=1 chosen=7* inOptimal=false rootValue=-0.0198 argmaxDiffers=false oppZeroMass=0.019
budget=5000 seed="c57-ea-seat0-seed36" seat=0 chosen=7 inOptimal=false rootValue=0.0032 argmaxDiffers=false oppZeroMass=0.025
budget=5000 seed="c57-ea-seat1-seed36" seat=1 chosen=8* inOptimal=false rootValue=0.0034 argmaxDiffers=false oppZeroMass=0.029
budget=5000 seed="c57-ea-seat0-seed37" seat=0 chosen=7 inOptimal=false rootValue=-0.0024 argmaxDiffers=false oppZeroMass=0.060
budget=5000 seed="c57-ea-seat1-seed37" seat=1 chosen=8* inOptimal=false rootValue=-0.0174 argmaxDiffers=false oppZeroMass=0.013
budget=5000 seed="c57-ea-seat0-seed38" seat=0 chosen=6 inOptimal=false rootValue=0.0208 argmaxDiffers=false oppZeroMass=0.055
budget=5000 seed="c57-ea-seat1-seed38" seat=1 chosen=7* inOptimal=false rootValue=0.0120 argmaxDiffers=true oppZeroMass=0.037
budget=5000 seed="c57-ea-seat0-seed39" seat=0 chosen=6 inOptimal=false rootValue=0.0026 argmaxDiffers=false oppZeroMass=0.031
budget=5000 seed="c57-ea-seat1-seed39" seat=1 chosen=6* inOptimal=false rootValue=-0.0164 argmaxDiffers=false oppZeroMass=0.004
budget=5000 seed="c57-ea-seat0-seed40" seat=0 chosen=6 inOptimal=false rootValue=0.0056 argmaxDiffers=false oppZeroMass=0.035
budget=5000 seed="c57-ea-seat1-seed40" seat=1 chosen=6 inOptimal=false rootValue=-0.0146 argmaxDiffers=false oppZeroMass=0.032
budget=5000 seed="c57-ea-seat0-seed41" seat=0 chosen=8 inOptimal=false rootValue=0.0202 argmaxDiffers=false oppZeroMass=0.045
budget=5000 seed="c57-ea-seat1-seed41" seat=1 chosen=7* inOptimal=false rootValue=0.0236 argmaxDiffers=true oppZeroMass=0.025
budget=5000 seed="c57-ea-seat0-seed42" seat=0 chosen=6 inOptimal=false rootValue=0.0372 argmaxDiffers=false oppZeroMass=0.082
budget=5000 seed="c57-ea-seat1-seed42" seat=1 chosen=7* inOptimal=false rootValue=-0.0040 argmaxDiffers=false oppZeroMass=0.015
budget=5000 seed="c57-ea-seat0-seed43" seat=0 chosen=6 inOptimal=false rootValue=0.0004 argmaxDiffers=false oppZeroMass=0.060
budget=5000 seed="c57-ea-seat1-seed43" seat=1 chosen=7* inOptimal=false rootValue=-0.0048 argmaxDiffers=false oppZeroMass=0.026
budget=5000 seed="c57-ea-seat0-seed44" seat=0 chosen=6 inOptimal=false rootValue=0.0082 argmaxDiffers=false oppZeroMass=0.036
budget=5000 seed="c57-ea-seat1-seed44" seat=1 chosen=7* inOptimal=false rootValue=-0.0178 argmaxDiffers=false oppZeroMass=0.016
budget=5000 seed="c57-ea-seat0-seed45" seat=0 chosen=7 inOptimal=false rootValue=0.0130 argmaxDiffers=false oppZeroMass=0.027
budget=5000 seed="c57-ea-seat1-seed45" seat=1 chosen=6* inOptimal=false rootValue=-0.0128 argmaxDiffers=true oppZeroMass=0.033
budget=5000 seed="c57-ea-seat0-seed46" seat=0 chosen=7 inOptimal=false rootValue=0.0090 argmaxDiffers=false oppZeroMass=0.042
budget=5000 seed="c57-ea-seat1-seed46" seat=1 chosen=3* inOptimal=true rootValue=0.0008 argmaxDiffers=true oppZeroMass=0.016
budget=5000 seed="c57-ea-seat0-seed47" seat=0 chosen=6 inOptimal=false rootValue=0.0010 argmaxDiffers=false oppZeroMass=0.059
budget=5000 seed="c57-ea-seat1-seed47" seat=1 chosen=8* inOptimal=false rootValue=0.0070 argmaxDiffers=false oppZeroMass=0.035
budget=5000 seed="c57-ea-seat0-seed48" seat=0 chosen=7 inOptimal=false rootValue=0.0082 argmaxDiffers=false oppZeroMass=0.073
budget=5000 seed="c57-ea-seat1-seed48" seat=1 chosen=6* inOptimal=false rootValue=0.0096 argmaxDiffers=false oppZeroMass=0.040
budget=5000 seed="c57-ea-seat0-seed49" seat=0 chosen=6 inOptimal=false rootValue=0.0006 argmaxDiffers=false oppZeroMass=0.036
budget=5000 seed="c57-ea-seat1-seed49" seat=1 chosen=7* inOptimal=false rootValue=0.0054 argmaxDiffers=false oppZeroMass=0.036
  [budget=5000 complete — 300/500 runs, 19.3s elapsed]
budget=10000 seed="c57-ea-seat0-seed0" seat=0 chosen=7 inOptimal=false rootValue=-0.0065 argmaxDiffers=false oppZeroMass=0.045
budget=10000 seed="c57-ea-seat1-seed0" seat=1 chosen=8* inOptimal=false rootValue=-0.0112 argmaxDiffers=false oppZeroMass=0.014
budget=10000 seed="c57-ea-seat0-seed1" seat=0 chosen=7 inOptimal=false rootValue=-0.0438 argmaxDiffers=false oppZeroMass=0.055
budget=10000 seed="c57-ea-seat1-seed1" seat=1 chosen=7* inOptimal=false rootValue=-0.0039 argmaxDiffers=false oppZeroMass=0.047
budget=10000 seed="c57-ea-seat0-seed2" seat=0 chosen=8 inOptimal=false rootValue=0.0008 argmaxDiffers=false oppZeroMass=0.034
budget=10000 seed="c57-ea-seat1-seed2" seat=1 chosen=7 inOptimal=false rootValue=-0.0094 argmaxDiffers=false oppZeroMass=0.035
budget=10000 seed="c57-ea-seat0-seed3" seat=0 chosen=6 inOptimal=false rootValue=-0.0110 argmaxDiffers=false oppZeroMass=0.026
budget=10000 seed="c57-ea-seat1-seed3" seat=1 chosen=7* inOptimal=false rootValue=0.0191 argmaxDiffers=false oppZeroMass=0.032
budget=10000 seed="c57-ea-seat0-seed4" seat=0 chosen=8 inOptimal=false rootValue=0.0064 argmaxDiffers=false oppZeroMass=0.036
budget=10000 seed="c57-ea-seat1-seed4" seat=1 chosen=6* inOptimal=false rootValue=0.0203 argmaxDiffers=false oppZeroMass=0.029
budget=10000 seed="c57-ea-seat0-seed5" seat=0 chosen=8 inOptimal=false rootValue=-0.0040 argmaxDiffers=false oppZeroMass=0.046
budget=10000 seed="c57-ea-seat1-seed5" seat=1 chosen=8* inOptimal=false rootValue=0.0089 argmaxDiffers=true oppZeroMass=0.020
budget=10000 seed="c57-ea-seat0-seed6" seat=0 chosen=6 inOptimal=false rootValue=0.0089 argmaxDiffers=false oppZeroMass=0.049
budget=10000 seed="c57-ea-seat1-seed6" seat=1 chosen=7* inOptimal=false rootValue=0.0284 argmaxDiffers=false oppZeroMass=0.037
budget=10000 seed="c57-ea-seat0-seed7" seat=0 chosen=6 inOptimal=false rootValue=0.0014 argmaxDiffers=false oppZeroMass=0.053
budget=10000 seed="c57-ea-seat1-seed7" seat=1 chosen=7* inOptimal=false rootValue=0.0103 argmaxDiffers=false oppZeroMass=0.031
budget=10000 seed="c57-ea-seat0-seed8" seat=0 chosen=8 inOptimal=false rootValue=-0.0069 argmaxDiffers=false oppZeroMass=0.047
budget=10000 seed="c57-ea-seat1-seed8" seat=1 chosen=7* inOptimal=false rootValue=-0.0155 argmaxDiffers=true oppZeroMass=0.041
budget=10000 seed="c57-ea-seat0-seed9" seat=0 chosen=7 inOptimal=false rootValue=-0.0078 argmaxDiffers=false oppZeroMass=0.043
budget=10000 seed="c57-ea-seat1-seed9" seat=1 chosen=7* inOptimal=false rootValue=0.0171 argmaxDiffers=true oppZeroMass=0.011
budget=10000 seed="c57-ea-seat0-seed10" seat=0 chosen=7 inOptimal=false rootValue=-0.0021 argmaxDiffers=false oppZeroMass=0.052
budget=10000 seed="c57-ea-seat1-seed10" seat=1 chosen=7* inOptimal=false rootValue=0.0108 argmaxDiffers=false oppZeroMass=0.019
budget=10000 seed="c57-ea-seat0-seed11" seat=0 chosen=8 inOptimal=false rootValue=0.0012 argmaxDiffers=false oppZeroMass=0.045
budget=10000 seed="c57-ea-seat1-seed11" seat=1 chosen=8* inOptimal=false rootValue=0.0007 argmaxDiffers=false oppZeroMass=0.013
budget=10000 seed="c57-ea-seat0-seed12" seat=0 chosen=6 inOptimal=false rootValue=0.0207 argmaxDiffers=false oppZeroMass=0.057
budget=10000 seed="c57-ea-seat1-seed12" seat=1 chosen=5* inOptimal=false rootValue=-0.0103 argmaxDiffers=true oppZeroMass=0.034
budget=10000 seed="c57-ea-seat0-seed13" seat=0 chosen=8 inOptimal=false rootValue=-0.0089 argmaxDiffers=false oppZeroMass=0.032
budget=10000 seed="c57-ea-seat1-seed13" seat=1 chosen=8* inOptimal=false rootValue=-0.0026 argmaxDiffers=false oppZeroMass=0.030
budget=10000 seed="c57-ea-seat0-seed14" seat=0 chosen=8 inOptimal=false rootValue=0.0063 argmaxDiffers=false oppZeroMass=0.043
budget=10000 seed="c57-ea-seat1-seed14" seat=1 chosen=8* inOptimal=false rootValue=-0.0056 argmaxDiffers=false oppZeroMass=0.028
budget=10000 seed="c57-ea-seat0-seed15" seat=0 chosen=8 inOptimal=false rootValue=-0.0150 argmaxDiffers=false oppZeroMass=0.027
budget=10000 seed="c57-ea-seat1-seed15" seat=1 chosen=7* inOptimal=false rootValue=0.0000 argmaxDiffers=false oppZeroMass=0.049
budget=10000 seed="c57-ea-seat0-seed16" seat=0 chosen=7 inOptimal=false rootValue=-0.0038 argmaxDiffers=false oppZeroMass=0.035
budget=10000 seed="c57-ea-seat1-seed16" seat=1 chosen=7* inOptimal=false rootValue=-0.0036 argmaxDiffers=false oppZeroMass=0.017
budget=10000 seed="c57-ea-seat0-seed17" seat=0 chosen=7 inOptimal=false rootValue=-0.0220 argmaxDiffers=false oppZeroMass=0.035
budget=10000 seed="c57-ea-seat1-seed17" seat=1 chosen=7* inOptimal=false rootValue=0.0010 argmaxDiffers=false oppZeroMass=0.022
budget=10000 seed="c57-ea-seat0-seed18" seat=0 chosen=7 inOptimal=false rootValue=0.0077 argmaxDiffers=false oppZeroMass=0.032
budget=10000 seed="c57-ea-seat1-seed18" seat=1 chosen=8 inOptimal=false rootValue=-0.0297 argmaxDiffers=false oppZeroMass=0.035
budget=10000 seed="c57-ea-seat0-seed19" seat=0 chosen=8 inOptimal=false rootValue=-0.0004 argmaxDiffers=false oppZeroMass=0.068
budget=10000 seed="c57-ea-seat1-seed19" seat=1 chosen=7* inOptimal=false rootValue=-0.0173 argmaxDiffers=false oppZeroMass=0.026
budget=10000 seed="c57-ea-seat0-seed20" seat=0 chosen=7 inOptimal=false rootValue=-0.0073 argmaxDiffers=false oppZeroMass=0.040
budget=10000 seed="c57-ea-seat1-seed20" seat=1 chosen=7* inOptimal=false rootValue=0.0241 argmaxDiffers=false oppZeroMass=0.061
budget=10000 seed="c57-ea-seat0-seed21" seat=0 chosen=8 inOptimal=false rootValue=0.0236 argmaxDiffers=false oppZeroMass=0.033
budget=10000 seed="c57-ea-seat1-seed21" seat=1 chosen=7* inOptimal=false rootValue=0.0104 argmaxDiffers=false oppZeroMass=0.036
budget=10000 seed="c57-ea-seat0-seed22" seat=0 chosen=7 inOptimal=false rootValue=0.0083 argmaxDiffers=false oppZeroMass=0.052
budget=10000 seed="c57-ea-seat1-seed22" seat=1 chosen=7* inOptimal=false rootValue=0.0057 argmaxDiffers=false oppZeroMass=0.015
budget=10000 seed="c57-ea-seat0-seed23" seat=0 chosen=8 inOptimal=false rootValue=-0.0095 argmaxDiffers=false oppZeroMass=0.051
budget=10000 seed="c57-ea-seat1-seed23" seat=1 chosen=8* inOptimal=false rootValue=-0.0024 argmaxDiffers=false oppZeroMass=0.049
budget=10000 seed="c57-ea-seat0-seed24" seat=0 chosen=8 inOptimal=false rootValue=-0.0122 argmaxDiffers=false oppZeroMass=0.031
budget=10000 seed="c57-ea-seat1-seed24" seat=1 chosen=7* inOptimal=false rootValue=0.0160 argmaxDiffers=false oppZeroMass=0.006
budget=10000 seed="c57-ea-seat0-seed25" seat=0 chosen=8 inOptimal=false rootValue=-0.0139 argmaxDiffers=false oppZeroMass=0.041
budget=10000 seed="c57-ea-seat1-seed25" seat=1 chosen=8* inOptimal=false rootValue=-0.0068 argmaxDiffers=false oppZeroMass=0.027
budget=10000 seed="c57-ea-seat0-seed26" seat=0 chosen=8 inOptimal=false rootValue=0.0018 argmaxDiffers=false oppZeroMass=0.045
budget=10000 seed="c57-ea-seat1-seed26" seat=1 chosen=6* inOptimal=false rootValue=0.0223 argmaxDiffers=false oppZeroMass=0.009
budget=10000 seed="c57-ea-seat0-seed27" seat=0 chosen=7 inOptimal=false rootValue=-0.0038 argmaxDiffers=false oppZeroMass=0.043
budget=10000 seed="c57-ea-seat1-seed27" seat=1 chosen=8* inOptimal=false rootValue=-0.0311 argmaxDiffers=false oppZeroMass=0.026
budget=10000 seed="c57-ea-seat0-seed28" seat=0 chosen=8 inOptimal=false rootValue=0.0081 argmaxDiffers=false oppZeroMass=0.030
budget=10000 seed="c57-ea-seat1-seed28" seat=1 chosen=7* inOptimal=false rootValue=0.0068 argmaxDiffers=false oppZeroMass=0.021
budget=10000 seed="c57-ea-seat0-seed29" seat=0 chosen=7 inOptimal=false rootValue=0.0132 argmaxDiffers=false oppZeroMass=0.042
budget=10000 seed="c57-ea-seat1-seed29" seat=1 chosen=7* inOptimal=false rootValue=0.0097 argmaxDiffers=false oppZeroMass=0.018
budget=10000 seed="c57-ea-seat0-seed30" seat=0 chosen=8 inOptimal=false rootValue=0.0073 argmaxDiffers=false oppZeroMass=0.055
budget=10000 seed="c57-ea-seat1-seed30" seat=1 chosen=7* inOptimal=false rootValue=-0.0127 argmaxDiffers=false oppZeroMass=0.023
budget=10000 seed="c57-ea-seat0-seed31" seat=0 chosen=7 inOptimal=false rootValue=-0.0004 argmaxDiffers=false oppZeroMass=0.052
budget=10000 seed="c57-ea-seat1-seed31" seat=1 chosen=7* inOptimal=false rootValue=-0.0226 argmaxDiffers=false oppZeroMass=0.019
budget=10000 seed="c57-ea-seat0-seed32" seat=0 chosen=8 inOptimal=false rootValue=0.0231 argmaxDiffers=false oppZeroMass=0.045
budget=10000 seed="c57-ea-seat1-seed32" seat=1 chosen=7* inOptimal=false rootValue=0.0010 argmaxDiffers=false oppZeroMass=0.051
budget=10000 seed="c57-ea-seat0-seed33" seat=0 chosen=6 inOptimal=false rootValue=0.0083 argmaxDiffers=false oppZeroMass=0.032
budget=10000 seed="c57-ea-seat1-seed33" seat=1 chosen=7* inOptimal=false rootValue=-0.0111 argmaxDiffers=false oppZeroMass=0.014
budget=10000 seed="c57-ea-seat0-seed34" seat=0 chosen=6 inOptimal=false rootValue=0.0108 argmaxDiffers=false oppZeroMass=0.040
budget=10000 seed="c57-ea-seat1-seed34" seat=1 chosen=7* inOptimal=false rootValue=-0.0162 argmaxDiffers=false oppZeroMass=0.012
budget=10000 seed="c57-ea-seat0-seed35" seat=0 chosen=7 inOptimal=false rootValue=0.0183 argmaxDiffers=false oppZeroMass=0.055
budget=10000 seed="c57-ea-seat1-seed35" seat=1 chosen=7* inOptimal=false rootValue=-0.0051 argmaxDiffers=false oppZeroMass=0.012
budget=10000 seed="c57-ea-seat0-seed36" seat=0 chosen=7 inOptimal=false rootValue=0.0120 argmaxDiffers=false oppZeroMass=0.048
budget=10000 seed="c57-ea-seat1-seed36" seat=1 chosen=8* inOptimal=false rootValue=-0.0214 argmaxDiffers=false oppZeroMass=0.018
budget=10000 seed="c57-ea-seat0-seed37" seat=0 chosen=7 inOptimal=false rootValue=0.0091 argmaxDiffers=false oppZeroMass=0.046
budget=10000 seed="c57-ea-seat1-seed37" seat=1 chosen=8 inOptimal=false rootValue=-0.0253 argmaxDiffers=false oppZeroMass=0.017
budget=10000 seed="c57-ea-seat0-seed38" seat=0 chosen=7 inOptimal=false rootValue=-0.0153 argmaxDiffers=false oppZeroMass=0.032
budget=10000 seed="c57-ea-seat1-seed38" seat=1 chosen=7* inOptimal=false rootValue=-0.0063 argmaxDiffers=true oppZeroMass=0.038
budget=10000 seed="c57-ea-seat0-seed39" seat=0 chosen=8 inOptimal=false rootValue=0.0060 argmaxDiffers=false oppZeroMass=0.027
budget=10000 seed="c57-ea-seat1-seed39" seat=1 chosen=6* inOptimal=false rootValue=-0.0117 argmaxDiffers=false oppZeroMass=0.017
budget=10000 seed="c57-ea-seat0-seed40" seat=0 chosen=7 inOptimal=false rootValue=0.0006 argmaxDiffers=false oppZeroMass=0.039
budget=10000 seed="c57-ea-seat1-seed40" seat=1 chosen=7* inOptimal=false rootValue=-0.0019 argmaxDiffers=false oppZeroMass=0.043
budget=10000 seed="c57-ea-seat0-seed41" seat=0 chosen=8 inOptimal=false rootValue=0.0204 argmaxDiffers=false oppZeroMass=0.029
budget=10000 seed="c57-ea-seat1-seed41" seat=1 chosen=7* inOptimal=false rootValue=0.0086 argmaxDiffers=false oppZeroMass=0.018
budget=10000 seed="c57-ea-seat0-seed42" seat=0 chosen=6 inOptimal=false rootValue=0.0012 argmaxDiffers=false oppZeroMass=0.060
budget=10000 seed="c57-ea-seat1-seed42" seat=1 chosen=7* inOptimal=false rootValue=0.0010 argmaxDiffers=false oppZeroMass=0.009
budget=10000 seed="c57-ea-seat0-seed43" seat=0 chosen=7 inOptimal=false rootValue=-0.0034 argmaxDiffers=false oppZeroMass=0.055
budget=10000 seed="c57-ea-seat1-seed43" seat=1 chosen=7* inOptimal=false rootValue=-0.0147 argmaxDiffers=false oppZeroMass=0.031
budget=10000 seed="c57-ea-seat0-seed44" seat=0 chosen=7 inOptimal=false rootValue=0.0072 argmaxDiffers=false oppZeroMass=0.067
budget=10000 seed="c57-ea-seat1-seed44" seat=1 chosen=7* inOptimal=false rootValue=-0.0055 argmaxDiffers=false oppZeroMass=0.023
budget=10000 seed="c57-ea-seat0-seed45" seat=0 chosen=8 inOptimal=false rootValue=0.0087 argmaxDiffers=false oppZeroMass=0.020
budget=10000 seed="c57-ea-seat1-seed45" seat=1 chosen=7* inOptimal=false rootValue=0.0064 argmaxDiffers=false oppZeroMass=0.018
budget=10000 seed="c57-ea-seat0-seed46" seat=0 chosen=8 inOptimal=false rootValue=0.0142 argmaxDiffers=false oppZeroMass=0.029
budget=10000 seed="c57-ea-seat1-seed46" seat=1 chosen=7* inOptimal=false rootValue=-0.0102 argmaxDiffers=false oppZeroMass=0.008
budget=10000 seed="c57-ea-seat0-seed47" seat=0 chosen=6 inOptimal=false rootValue=-0.0222 argmaxDiffers=false oppZeroMass=0.038
budget=10000 seed="c57-ea-seat1-seed47" seat=1 chosen=8* inOptimal=false rootValue=0.0094 argmaxDiffers=false oppZeroMass=0.028
budget=10000 seed="c57-ea-seat0-seed48" seat=0 chosen=7 inOptimal=false rootValue=-0.0091 argmaxDiffers=false oppZeroMass=0.054
budget=10000 seed="c57-ea-seat1-seed48" seat=1 chosen=7* inOptimal=false rootValue=0.0188 argmaxDiffers=true oppZeroMass=0.039
budget=10000 seed="c57-ea-seat0-seed49" seat=0 chosen=8 inOptimal=false rootValue=0.0176 argmaxDiffers=false oppZeroMass=0.034
budget=10000 seed="c57-ea-seat1-seed49" seat=1 chosen=7* inOptimal=false rootValue=-0.0005 argmaxDiffers=false oppZeroMass=0.034
  [budget=10000 complete — 400/500 runs, 42.8s elapsed]
budget=20000 seed="c57-ea-seat0-seed0" seat=0 chosen=8 inOptimal=false rootValue=-0.0184 argmaxDiffers=false oppZeroMass=0.035
budget=20000 seed="c57-ea-seat1-seed0" seat=1 chosen=7* inOptimal=false rootValue=0.0052 argmaxDiffers=false oppZeroMass=0.020
budget=20000 seed="c57-ea-seat0-seed1" seat=0 chosen=7 inOptimal=false rootValue=-0.0238 argmaxDiffers=false oppZeroMass=0.062
budget=20000 seed="c57-ea-seat1-seed1" seat=1 chosen=7* inOptimal=false rootValue=0.0134 argmaxDiffers=false oppZeroMass=0.028
budget=20000 seed="c57-ea-seat0-seed2" seat=0 chosen=8 inOptimal=false rootValue=0.0028 argmaxDiffers=false oppZeroMass=0.035
budget=20000 seed="c57-ea-seat1-seed2" seat=1 chosen=7* inOptimal=false rootValue=-0.0011 argmaxDiffers=false oppZeroMass=0.032
budget=20000 seed="c57-ea-seat0-seed3" seat=0 chosen=8 inOptimal=false rootValue=-0.0191 argmaxDiffers=false oppZeroMass=0.030
budget=20000 seed="c57-ea-seat1-seed3" seat=1 chosen=7* inOptimal=false rootValue=0.0044 argmaxDiffers=false oppZeroMass=0.020
budget=20000 seed="c57-ea-seat0-seed4" seat=0 chosen=8 inOptimal=false rootValue=-0.0098 argmaxDiffers=false oppZeroMass=0.023
budget=20000 seed="c57-ea-seat1-seed4" seat=1 chosen=7* inOptimal=false rootValue=0.0098 argmaxDiffers=false oppZeroMass=0.015
budget=20000 seed="c57-ea-seat0-seed5" seat=0 chosen=8 inOptimal=false rootValue=-0.0106 argmaxDiffers=false oppZeroMass=0.030
budget=20000 seed="c57-ea-seat1-seed5" seat=1 chosen=7* inOptimal=false rootValue=0.0034 argmaxDiffers=false oppZeroMass=0.014
budget=20000 seed="c57-ea-seat0-seed6" seat=0 chosen=7 inOptimal=false rootValue=0.0064 argmaxDiffers=false oppZeroMass=0.044
budget=20000 seed="c57-ea-seat1-seed6" seat=1 chosen=7* inOptimal=false rootValue=-0.0019 argmaxDiffers=false oppZeroMass=0.019
budget=20000 seed="c57-ea-seat0-seed7" seat=0 chosen=6 inOptimal=false rootValue=-0.0126 argmaxDiffers=false oppZeroMass=0.034
budget=20000 seed="c57-ea-seat1-seed7" seat=1 chosen=7* inOptimal=false rootValue=0.0013 argmaxDiffers=false oppZeroMass=0.020
budget=20000 seed="c57-ea-seat0-seed8" seat=0 chosen=8 inOptimal=false rootValue=-0.0059 argmaxDiffers=false oppZeroMass=0.035
budget=20000 seed="c57-ea-seat1-seed8" seat=1 chosen=7* inOptimal=false rootValue=-0.0076 argmaxDiffers=false oppZeroMass=0.025
budget=20000 seed="c57-ea-seat0-seed9" seat=0 chosen=8 inOptimal=false rootValue=-0.0141 argmaxDiffers=false oppZeroMass=0.027
budget=20000 seed="c57-ea-seat1-seed9" seat=1 chosen=7* inOptimal=false rootValue=0.0076 argmaxDiffers=false oppZeroMass=0.008
budget=20000 seed="c57-ea-seat0-seed10" seat=0 chosen=7 inOptimal=false rootValue=-0.0034 argmaxDiffers=false oppZeroMass=0.043
budget=20000 seed="c57-ea-seat1-seed10" seat=1 chosen=7* inOptimal=false rootValue=0.0040 argmaxDiffers=false oppZeroMass=0.016
budget=20000 seed="c57-ea-seat0-seed11" seat=0 chosen=8 inOptimal=false rootValue=0.0004 argmaxDiffers=false oppZeroMass=0.047
budget=20000 seed="c57-ea-seat1-seed11" seat=1 chosen=8* inOptimal=false rootValue=-0.0014 argmaxDiffers=false oppZeroMass=0.009
budget=20000 seed="c57-ea-seat0-seed12" seat=0 chosen=6 inOptimal=false rootValue=0.0175 argmaxDiffers=false oppZeroMass=0.045
budget=20000 seed="c57-ea-seat1-seed12" seat=1 chosen=8* inOptimal=false rootValue=-0.0024 argmaxDiffers=false oppZeroMass=0.037
budget=20000 seed="c57-ea-seat0-seed13" seat=0 chosen=8 inOptimal=false rootValue=0.0029 argmaxDiffers=false oppZeroMass=0.037
budget=20000 seed="c57-ea-seat1-seed13" seat=1 chosen=8* inOptimal=false rootValue=0.0046 argmaxDiffers=false oppZeroMass=0.021
budget=20000 seed="c57-ea-seat0-seed14" seat=0 chosen=8 inOptimal=false rootValue=-0.0019 argmaxDiffers=false oppZeroMass=0.038
budget=20000 seed="c57-ea-seat1-seed14" seat=1 chosen=8* inOptimal=false rootValue=0.0004 argmaxDiffers=false oppZeroMass=0.021
budget=20000 seed="c57-ea-seat0-seed15" seat=0 chosen=7 inOptimal=false rootValue=-0.0075 argmaxDiffers=false oppZeroMass=0.032
budget=20000 seed="c57-ea-seat1-seed15" seat=1 chosen=7* inOptimal=false rootValue=0.0169 argmaxDiffers=false oppZeroMass=0.044
budget=20000 seed="c57-ea-seat0-seed16" seat=0 chosen=7 inOptimal=false rootValue=-0.0001 argmaxDiffers=false oppZeroMass=0.027
budget=20000 seed="c57-ea-seat1-seed16" seat=1 chosen=7* inOptimal=false rootValue=0.0036 argmaxDiffers=false oppZeroMass=0.018
budget=20000 seed="c57-ea-seat0-seed17" seat=0 chosen=7 inOptimal=false rootValue=-0.0221 argmaxDiffers=false oppZeroMass=0.037
budget=20000 seed="c57-ea-seat1-seed17" seat=1 chosen=7* inOptimal=false rootValue=-0.0014 argmaxDiffers=false oppZeroMass=0.013
budget=20000 seed="c57-ea-seat0-seed18" seat=0 chosen=7 inOptimal=false rootValue=-0.0062 argmaxDiffers=false oppZeroMass=0.036
budget=20000 seed="c57-ea-seat1-seed18" seat=1 chosen=7* inOptimal=false rootValue=0.0042 argmaxDiffers=false oppZeroMass=0.028
budget=20000 seed="c57-ea-seat0-seed19" seat=0 chosen=7 inOptimal=false rootValue=0.0101 argmaxDiffers=false oppZeroMass=0.063
budget=20000 seed="c57-ea-seat1-seed19" seat=1 chosen=7* inOptimal=false rootValue=0.0028 argmaxDiffers=false oppZeroMass=0.033
budget=20000 seed="c57-ea-seat0-seed20" seat=0 chosen=7 inOptimal=false rootValue=-0.0116 argmaxDiffers=false oppZeroMass=0.025
budget=20000 seed="c57-ea-seat1-seed20" seat=1 chosen=7* inOptimal=false rootValue=0.0143 argmaxDiffers=false oppZeroMass=0.038
budget=20000 seed="c57-ea-seat0-seed21" seat=0 chosen=8 inOptimal=false rootValue=0.0261 argmaxDiffers=false oppZeroMass=0.026
budget=20000 seed="c57-ea-seat1-seed21" seat=1 chosen=7* inOptimal=false rootValue=-0.0010 argmaxDiffers=false oppZeroMass=0.023
budget=20000 seed="c57-ea-seat0-seed22" seat=0 chosen=8 inOptimal=false rootValue=0.0027 argmaxDiffers=false oppZeroMass=0.044
budget=20000 seed="c57-ea-seat1-seed22" seat=1 chosen=7* inOptimal=false rootValue=0.0005 argmaxDiffers=false oppZeroMass=0.009
budget=20000 seed="c57-ea-seat0-seed23" seat=0 chosen=8 inOptimal=false rootValue=-0.0129 argmaxDiffers=false oppZeroMass=0.054
budget=20000 seed="c57-ea-seat1-seed23" seat=1 chosen=7* inOptimal=false rootValue=-0.0089 argmaxDiffers=true oppZeroMass=0.026
budget=20000 seed="c57-ea-seat0-seed24" seat=0 chosen=7 inOptimal=false rootValue=-0.0055 argmaxDiffers=false oppZeroMass=0.025
budget=20000 seed="c57-ea-seat1-seed24" seat=1 chosen=7* inOptimal=false rootValue=-0.0003 argmaxDiffers=false oppZeroMass=0.013
budget=20000 seed="c57-ea-seat0-seed25" seat=0 chosen=8 inOptimal=false rootValue=-0.0050 argmaxDiffers=false oppZeroMass=0.037
budget=20000 seed="c57-ea-seat1-seed25" seat=1 chosen=7* inOptimal=false rootValue=-0.0181 argmaxDiffers=false oppZeroMass=0.016
budget=20000 seed="c57-ea-seat0-seed26" seat=0 chosen=8 inOptimal=false rootValue=0.0011 argmaxDiffers=false oppZeroMass=0.042
budget=20000 seed="c57-ea-seat1-seed26" seat=1 chosen=6* inOptimal=false rootValue=0.0135 argmaxDiffers=false oppZeroMass=0.005
budget=20000 seed="c57-ea-seat0-seed27" seat=0 chosen=7 inOptimal=false rootValue=0.0073 argmaxDiffers=false oppZeroMass=0.034
budget=20000 seed="c57-ea-seat1-seed27" seat=1 chosen=7* inOptimal=false rootValue=-0.0135 argmaxDiffers=false oppZeroMass=0.020
budget=20000 seed="c57-ea-seat0-seed28" seat=0 chosen=8 inOptimal=false rootValue=0.0098 argmaxDiffers=false oppZeroMass=0.033
budget=20000 seed="c57-ea-seat1-seed28" seat=1 chosen=6* inOptimal=false rootValue=0.0059 argmaxDiffers=true oppZeroMass=0.022
budget=20000 seed="c57-ea-seat0-seed29" seat=0 chosen=7 inOptimal=false rootValue=-0.0095 argmaxDiffers=false oppZeroMass=0.028
budget=20000 seed="c57-ea-seat1-seed29" seat=1 chosen=7* inOptimal=false rootValue=0.0175 argmaxDiffers=false oppZeroMass=0.032
budget=20000 seed="c57-ea-seat0-seed30" seat=0 chosen=8 inOptimal=false rootValue=0.0013 argmaxDiffers=false oppZeroMass=0.051
budget=20000 seed="c57-ea-seat1-seed30" seat=1 chosen=7* inOptimal=false rootValue=-0.0184 argmaxDiffers=false oppZeroMass=0.014
budget=20000 seed="c57-ea-seat0-seed31" seat=0 chosen=8 inOptimal=false rootValue=-0.0005 argmaxDiffers=false oppZeroMass=0.046
budget=20000 seed="c57-ea-seat1-seed31" seat=1 chosen=7* inOptimal=false rootValue=0.0008 argmaxDiffers=false oppZeroMass=0.013
budget=20000 seed="c57-ea-seat0-seed32" seat=0 chosen=7 inOptimal=false rootValue=0.0121 argmaxDiffers=false oppZeroMass=0.036
budget=20000 seed="c57-ea-seat1-seed32" seat=1 chosen=7* inOptimal=false rootValue=-0.0075 argmaxDiffers=false oppZeroMass=0.033
budget=20000 seed="c57-ea-seat0-seed33" seat=0 chosen=8 inOptimal=false rootValue=0.0005 argmaxDiffers=false oppZeroMass=0.050
budget=20000 seed="c57-ea-seat1-seed33" seat=1 chosen=7* inOptimal=false rootValue=-0.0054 argmaxDiffers=false oppZeroMass=0.011
budget=20000 seed="c57-ea-seat0-seed34" seat=0 chosen=6 inOptimal=false rootValue=0.0106 argmaxDiffers=false oppZeroMass=0.034
budget=20000 seed="c57-ea-seat1-seed34" seat=1 chosen=6* inOptimal=false rootValue=-0.0070 argmaxDiffers=false oppZeroMass=0.010
budget=20000 seed="c57-ea-seat0-seed35" seat=0 chosen=7 inOptimal=false rootValue=0.0040 argmaxDiffers=false oppZeroMass=0.032
budget=20000 seed="c57-ea-seat1-seed35" seat=1 chosen=7* inOptimal=false rootValue=-0.0037 argmaxDiffers=false oppZeroMass=0.011
budget=20000 seed="c57-ea-seat0-seed36" seat=0 chosen=7 inOptimal=false rootValue=0.0069 argmaxDiffers=false oppZeroMass=0.042
budget=20000 seed="c57-ea-seat1-seed36" seat=1 chosen=7* inOptimal=false rootValue=0.0014 argmaxDiffers=true oppZeroMass=0.023
budget=20000 seed="c57-ea-seat0-seed37" seat=0 chosen=7 inOptimal=false rootValue=0.0140 argmaxDiffers=false oppZeroMass=0.048
budget=20000 seed="c57-ea-seat1-seed37" seat=1 chosen=7* inOptimal=false rootValue=-0.0173 argmaxDiffers=false oppZeroMass=0.019
budget=20000 seed="c57-ea-seat0-seed38" seat=0 chosen=8 inOptimal=false rootValue=-0.0170 argmaxDiffers=false oppZeroMass=0.021
budget=20000 seed="c57-ea-seat1-seed38" seat=1 chosen=7* inOptimal=false rootValue=-0.0071 argmaxDiffers=false oppZeroMass=0.028
budget=20000 seed="c57-ea-seat0-seed39" seat=0 chosen=8 inOptimal=false rootValue=0.0050 argmaxDiffers=false oppZeroMass=0.029
budget=20000 seed="c57-ea-seat1-seed39" seat=1 chosen=6* inOptimal=false rootValue=-0.0076 argmaxDiffers=true oppZeroMass=0.014
budget=20000 seed="c57-ea-seat0-seed40" seat=0 chosen=7 inOptimal=false rootValue=0.0059 argmaxDiffers=false oppZeroMass=0.045
budget=20000 seed="c57-ea-seat1-seed40" seat=1 chosen=7* inOptimal=false rootValue=-0.0004 argmaxDiffers=false oppZeroMass=0.029
budget=20000 seed="c57-ea-seat0-seed41" seat=0 chosen=8 inOptimal=false rootValue=0.0115 argmaxDiffers=false oppZeroMass=0.032
budget=20000 seed="c57-ea-seat1-seed41" seat=1 chosen=7* inOptimal=false rootValue=-0.0004 argmaxDiffers=false oppZeroMass=0.012
budget=20000 seed="c57-ea-seat0-seed42" seat=0 chosen=8 inOptimal=false rootValue=-0.0110 argmaxDiffers=false oppZeroMass=0.038
budget=20000 seed="c57-ea-seat1-seed42" seat=1 chosen=7* inOptimal=false rootValue=-0.0163 argmaxDiffers=false oppZeroMass=0.005
budget=20000 seed="c57-ea-seat0-seed43" seat=0 chosen=7 inOptimal=false rootValue=0.0027 argmaxDiffers=false oppZeroMass=0.038
budget=20000 seed="c57-ea-seat1-seed43" seat=1 chosen=7* inOptimal=false rootValue=-0.0088 argmaxDiffers=true oppZeroMass=0.023
budget=20000 seed="c57-ea-seat0-seed44" seat=0 chosen=7 inOptimal=false rootValue=0.0207 argmaxDiffers=false oppZeroMass=0.058
budget=20000 seed="c57-ea-seat1-seed44" seat=1 chosen=7* inOptimal=false rootValue=-0.0039 argmaxDiffers=false oppZeroMass=0.018
budget=20000 seed="c57-ea-seat0-seed45" seat=0 chosen=7 inOptimal=false rootValue=0.0120 argmaxDiffers=false oppZeroMass=0.042
budget=20000 seed="c57-ea-seat1-seed45" seat=1 chosen=7* inOptimal=false rootValue=0.0036 argmaxDiffers=false oppZeroMass=0.021
budget=20000 seed="c57-ea-seat0-seed46" seat=0 chosen=8 inOptimal=false rootValue=-0.0044 argmaxDiffers=false oppZeroMass=0.030
budget=20000 seed="c57-ea-seat1-seed46" seat=1 chosen=7* inOptimal=false rootValue=-0.0087 argmaxDiffers=false oppZeroMass=0.010
budget=20000 seed="c57-ea-seat0-seed47" seat=0 chosen=8 inOptimal=false rootValue=-0.0029 argmaxDiffers=false oppZeroMass=0.039
budget=20000 seed="c57-ea-seat1-seed47" seat=1 chosen=8* inOptimal=false rootValue=-0.0137 argmaxDiffers=false oppZeroMass=0.015
budget=20000 seed="c57-ea-seat0-seed48" seat=0 chosen=7 inOptimal=false rootValue=-0.0021 argmaxDiffers=false oppZeroMass=0.042
budget=20000 seed="c57-ea-seat1-seed48" seat=1 chosen=7* inOptimal=false rootValue=-0.0036 argmaxDiffers=true oppZeroMass=0.022
budget=20000 seed="c57-ea-seat0-seed49" seat=0 chosen=8 inOptimal=false rootValue=0.0112 argmaxDiffers=false oppZeroMass=0.033
budget=20000 seed="c57-ea-seat1-seed49" seat=1 chosen=7* inOptimal=false rootValue=-0.0046 argmaxDiffers=false oppZeroMass=0.025
  [budget=20000 complete — 500/500 runs, 96.6s elapsed]

==== SUMMARY (plan §2's pre-registered per-cell quantities) ====
budget  seat  n    P(chosen∈optimal)   meanChosenAmt  meanRootValue   P(argmaxDiffers)   meanOppZeroMass
1000    0     50   0.040               5.800          0.0017          0.000              0.067
1000    1     50   0.080               5.740          -0.0011         0.360              0.053
2000    0     50   0.040               6.260          0.0059          0.000              0.060
2000    1     50   0.000               6.500          -0.0037         0.240              0.042
5000    0     50   0.000               6.860          0.0021          0.000              0.049
5000    1     50   0.020               6.700          -0.0015         0.240              0.033
10000   0     50   0.000               7.280          0.0009          0.000              0.043
10000   1     50   0.000               7.140          -0.0012         0.120              0.026
20000   0     50   0.000               7.460          -0.0007         0.000              0.038
20000   1     50   0.000               7.020          -0.0011         0.120              0.020
E-A complete. Read this ONLY against the plan's pre-registered interpretation table (docs/plans/sim-search-residue.md §2) — do not improvise a new interpretation.
