=== Bid-Tac-Toe B3v2 post-fix budget sweep ===
docs/plans/bid-tac-toe-budget-sweep.md — PRE-REGISTERED, thresholds/ladder/seeds fixed.
seed="b3v2-postfix-sweep" games=300 seedCount=10 (30 games/seed) ladder=[800, 1000, 1200, 1400, 1600, 2000, 2500, 3000, 5000, 10000]
SWEEP_MANIFEST deviations from shipped manifest:
  1. every tier: leafEvaluation=true (already true upstream, commit e4b7a0f — set here defensively)
  2. standard tier budget: 1500 -> 300 (sweep-only; ruthless-vs-standard is n/a for this proven-draw game regardless)

Seed-string check (per-seed derivation, budget must NEVER appear):
  seed index 0 -> "b3v2-postfix-sweep:seed0" (identical across every candidate budget)
  seed index 1 -> "b3v2-postfix-sweep:seed1" (identical across every candidate budget)
  seed index 2 -> "b3v2-postfix-sweep:seed2" (identical across every candidate budget)
  seed index 3 -> "b3v2-postfix-sweep:seed3" (identical across every candidate budget)
  seed index 4 -> "b3v2-postfix-sweep:seed4" (identical across every candidate budget)
  seed index 5 -> "b3v2-postfix-sweep:seed5" (identical across every candidate budget)
  seed index 6 -> "b3v2-postfix-sweep:seed6" (identical across every candidate budget)
  seed index 7 -> "b3v2-postfix-sweep:seed7" (identical across every candidate budget)
  seed index 8 -> "b3v2-postfix-sweep:seed8" (identical across every candidate budget)
  seed index 9 -> "b3v2-postfix-sweep:seed9" (identical across every candidate budget)

Running candidates: [1000]

--- rollouts=1000 ---
  solved-value-reached:  unattained — self-play has never reached the proven "draw" (21.3% observed, floor 90%) — no manifest.solvedValue.attainmentBaseline declared, so there is no history to regress from; this describes search adequacy for this tree, not a regression (platform-corrections.md C57) [seeds=10, seed-to-seed SD=14.3pp, SE=4.5pp]
  strong-vs-random:      pass — 97.7% (min 90.0%) [seeds=10, seed-to-seed SD=2.7pp, SE=0.9pp]
  STAGE A QUALIFIES: false
  (descriptive, never selected on:)
  first-player-win-rate: pass — 54.0% (band [35%, 65%]) [seeds=10, seed-to-seed SD=14.2pp, SE=4.5pp] — solvedValue relief withheld: self-play reached the proven "draw" only 21.3% of the time (floor 90%, see solved-value-reached)
  draw-rate:             pass — 21.3% (max 60.0%) [seeds=10, seed-to-seed SD=14.3pp, SE=4.5pp] — solvedValue relief withheld: self-play reached the proven draw only 21.3% of the time (floor 90%, see solved-value-reached)
  ruthless-vs-standard:  n/a — manifest.ciGateBudget.twoPlayerCiRollouts is active for this CI-suite run — "ruthless" is measured at 1000 rollouts vs "standard"'s shipped 300 — the override has changed the very quantity under comparison, so this gate cannot measure its claim at suite "ci" (C26). Nightly measures it at the real shipped budgets, where it means something.
  mean-plies:            pass — mean 12.5 plies, 0 cap hits across all matchups [seeds=10, seed-to-seed SD=1.01 plies, SE=0.32 plies]

Total sweep wall-clock: 58.8s

=== STAGE A QUALIFIERS (mechanical: solved-value-reached AND strong-vs-random, both pass, no provisional) ===
NONE — no budget qualifies in Stage A.
