fadeout|fo-c1|ply=0|p=0|move={"cell":6}|rootValue=-0.06|rollouts=100
fadeout|fo-c1|ply=1|p=1|move={"cell":4}|rootValue=-0.14|rollouts=100
fadeout|fo-c1|ply=2|p=0|move={"cell":8}|rootValue=0.06|rollouts=100
fadeout|fo-c1|ply=3|p=1|move={"cell":7}|rootValue=0.04|rollouts=100
fadeout|fo-c1|ply=4|p=0|move={"cell":1}|rootValue=-0.22|rollouts=100
fadeout|fo-c1|ply=5|p=1|move={"cell":2}|rootValue=0.08|rollouts=100
fadeout|fo-c1|ply=6|p=0|move={"cell":0}|rootValue=-0.06|rollouts=100
fadeout|fo-c1|ply=7|p=1|move={"cell":3}|rootValue=-0.06|rollouts=100
fadeout|fo-c1|ply=8|p=0|move={"cell":4}|rootValue=0.02|rollouts=100
fadeout|fo-c1|ply=9|p=1|move={"cell":8}|rootValue=-0.08|rollouts=100
fadeout|fo-c1|ply=10|p=0|move={"cell":1}|rootValue=-0.16|rollouts=100
fadeout|fo-c1|ply=11|p=1|move={"cell":7}|rootValue=-0.3|rollouts=100
fadeout|fo-c1|ply=12|p=0|move={"cell":6}|rootValue=-0.12|rollouts=100
fadeout|fo-c1|ply=13|p=1|move={"cell":2}|rootValue=-0.04|rollouts=100
fadeout|fo-c1|ply=14|p=0|move={"cell":3}|rootValue=0.16|rollouts=100
fadeout|fo-c1|ply=15|p=1|move={"cell":0}|rootValue=0.18|rollouts=100
fadeout|fo-c1|ply=16|p=0|move={"cell":1}|rootValue=-0.34|rollouts=100
fadeout|fo-c1|ply=17|p=1|move={"cell":4}|rootValue=0.18|rollouts=100
fadeout|fo-c1|ply=18|p=0|move={"cell":8}|rootValue=-0.18|rollouts=100
fadeout|fo-c1|ply=19|p=1|move={"cell":5}|rootValue=0.18|rollouts=100
fadeout|fo-c1|ply=20|p=0|move={"cell":3}|rootValue=-0.32|rollouts=100
fadeout|fo-c1|ply=21|p=1|move={"cell":6}|rootValue=0.12|rollouts=100
fadeout|fo-c1|ply=22|p=0|move={"cell":2}|rootValue=-0.1|rollouts=100
fadeout|fo-c1|ply=23|p=1|move={"cell":7}|rootValue=-0.1|rollouts=100
fadeout|fo-c1|ply=24|p=0|move={"cell":8}|rootValue=0.16|rollouts=100
fadeout|fo-c1|ply=25|p=1|move={"cell":5}|rootValue=-0.52|rollouts=100
fadeout|fo-c1|ply=26|p=0|move={"cell":4}|rootValue=0.3|rollouts=100
fadeout|fo-c1|ply=27|p=1|move={"cell":0}|rootValue=-0.48|rollouts=100
fadeout|fo-c1|ply=28|p=0|move={"cell":1}|rootValue=0.02|rollouts=100
fadeout|fo-c1|ply=29|p=1|move={"cell":7}|rootValue=-0.16|rollouts=100
fadeout|fo-c1|ply=30|p=0|move={"cell":6}|rootValue=0.14|rollouts=100
fadeout|fo-c1|ply=31|p=1|move={"cell":2}|rootValue=-0.1|rollouts=100
fadeout|fo-c1|ply=32|p=0|move={"cell":5}|rootValue=-0.02|rollouts=100
fadeout|fo-c1|ply=33|p=1|move={"cell":0}|rootValue=0.04|rollouts=100
fadeout|fo-c1|ply=34|p=0|move={"cell":1}|rootValue=-0.46|rollouts=100
fadeout|fo-c1|ply=35|p=1|move={"cell":3}|rootValue=0.22|rollouts=100
fadeout|fo-c1|ply=36|p=0|move={"cell":6}|rootValue=-0.32|rollouts=100
fadeout|fo-c1|ply=37|p=1|move={"cell":4}|rootValue=0.22|rollouts=100
fadeout|fo-c1|ply=38|p=0|move={"cell":5}|rootValue=-0.32|rollouts=100
fadeout|fo-c1|ply=39|p=1|move={"cell":7}|rootValue=0|rollouts=100
fadeout|fo-c1|ply=40|p=0|move={"cell":1}|rootValue=-0.26|rollouts=100
fadeout|fo-c1|ply=41|p=1|move={"cell":8}|rootValue=0.06|rollouts=100
fadeout|fo-c1|ply=42|p=0|move={"cell":6}|rootValue=-0.3|rollouts=100
fadeout|fo-c1|ply=43|p=1|move={"cell":0}|rootValue=0.26|rollouts=100
fadeout|fo-c1|ply=44|p=0|move={"cell":4}|rootValue=0.02|rollouts=100
fadeout|fo-c1|ply=45|p=1|move={"cell":2}|rootValue=-0.3|rollouts=100
fadeout|fo-c1|ply=46|p=0|move={"cell":1}|rootValue=-0.02|rollouts=100
fadeout|fo-c1|ply=47|p=1|move={"cell":7}|rootValue=-0.16|rollouts=100
fadeout|fo-c1|ply=48|p=0|move={"cell":8}|rootValue=0.12|rollouts=100
fadeout|fo-c1|ply=49|p=1|move={"cell":0}|rootValue=0.22|rollouts=100
fadeout|fo-c1|ply=50|p=0|move={"cell":4}|rootValue=0.08|rollouts=100
fadeout|fo-c1|ply=51|p=1|move={"cell":2}|rootValue=0.12|rollouts=100
fadeout|fo-c1|ply=52|p=0|move={"cell":1}|rootValue=-0.08|rollouts=100
fadeout|fo-c1|ply=53|p=1|move={"cell":7}|rootValue=-0.24|rollouts=100
fadeout|fo-c1|ply=54|p=0|move={"cell":8}|rootValue=0.12|rollouts=100
fadeout|fo-c1|ply=55|p=1|move={"cell":5}|rootValue=0.08|rollouts=100
fadeout|fo-c1|ply=56|p=0|move={"cell":4}|rootValue=0.36|rollouts=100
fadeout|fo-c1|ply=57|p=1|move={"cell":0}|rootValue=-0.46|rollouts=100
fadeout|fo-c1|ply=58|p=0|move={"cell":6}|rootValue=0.2|rollouts=100
fadeout|fo-c1|ply=59|p=1|move={"cell":2}|rootValue=0.02|rollouts=100
fadeout|fo-c1|ply=60|p=0|move={"cell":1}|rootValue=-0.46|rollouts=100
fadeout|fo-c1|ply=61|p=1|move={"cell":5}|rootValue=-0.04|rollouts=100
fadeout|fo-c1|ply=62|p=0|move={"cell":8}|rootValue=-0.45|rollouts=100
fadeout|fo-c1|ply=63|p=1|move={"cell":4}|rootValue=0.16|rollouts=100
fadeout|fo-c1|ply=64|p=0|move={"cell":3}|rootValue=-0.36|rollouts=100
fadeout|fo-c1|ply=65|p=1|move={"cell":2}|rootValue=0.3|rollouts=100
fadeout|fo-c1|ply=66|p=0|move={"cell":6}|rootValue=-0.32|rollouts=100
fadeout|fo-c1|ply=67|p=1|move={"cell":0}|rootValue=0.26|rollouts=100
fadeout|fo-c1|ply=68|p=0|move={"cell":1}|rootValue=-0.38|rollouts=100
fadeout|fo-c1|ply=69|p=1|move={"cell":8}|rootValue=0.24|rollouts=100
fadeout|fo-c1|ply=70|p=0|move={"cell":4}|rootValue=0.34|rollouts=100
fadeout|fo-c1|ply=71|p=1|move={"cell":7}|rootValue=-0.04|rollouts=100
fadeout|fo-c1|ply=72|p=0|move={"cell":6}|rootValue=-0.06|rollouts=100
fadeout|fo-c1|ply=73|p=1|move={"cell":2}|rootValue=-0.16|rollouts=100
fadeout|fo-c1|ply=74|p=0|move={"cell":0}|rootValue=0.32|rollouts=100
fadeout|fo-c1|ply=75|p=1|move={"cell":3}|rootValue=-0.48|rollouts=100
fadeout|fo-c1|ply=76|p=0|move={"cell":4}|rootValue=0.28|rollouts=100
fadeout|fo-c1|ply=77|p=1|move={"cell":8}|rootValue=-0.06|rollouts=100
fadeout|fo-c1|ply=78|p=0|move={"cell":6}|rootValue=0.11|rollouts=100
fadeout|fo-c1|ply=79|p=1|move={"cell":2}|rootValue=0.12|rollouts=100
fadeout|fo-c1|ply=80|p=0|move={"cell":5}|rootValue=-0.32|rollouts=100
fadeout|fo-c1|ply=81|p=1|move={"cell":0}|rootValue=0|rollouts=100
fadeout|fo-c1|ply=82|p=0|move={"cell":1}|rootValue=-0.26|rollouts=100
fadeout|fo-c1|ply=83|p=1|move={"cell":4}|rootValue=0.16|rollouts=100
fadeout|fo-c1|ply=84|p=0|move={"cell":8}|rootValue=-0.2|rollouts=100
fadeout|fo-c1|ply=85|p=1|move={"cell":2}|rootValue=-0.04|rollouts=100
fadeout|fo-c1|ply=86|p=0|move={"cell":6}|rootValue=0.06|rollouts=100
fadeout|fo-c1|ply=87|p=1|move={"cell":7}|rootValue=-0.5|rollouts=100
fadeout|fo-c1|ply=88|p=0|move={"cell":0}|rootValue=-0.14|rollouts=100
fadeout|fo-c1|ply=89|p=1|move={"cell":3}|rootValue=-0.58|rollouts=100
fadeout|fo-c1|ply=90|p=0|move={"cell":1}|rootValue=0.32|rollouts=100
fadeout|fo-c1|ply=91|p=1|move={"cell":2}|rootValue=-0.26|rollouts=100
fadeout|fo-c1|ply=92|p=0|move={"cell":8}|rootValue=0.14|rollouts=100
fadeout|fo-c1|ply=93|p=1|move={"cell":7}|rootValue=0.1|rollouts=100
fadeout|fo-c1|ply=94|p=0|move={"cell":4}|rootValue=-0.02|rollouts=100
fadeout|fo-c1|ply=95|p=1|move={"cell":0}|rootValue=-0.24|rollouts=100
fadeout|fo-c1|ply=96|p=0|move={"cell":5}|rootValue=0.38|rollouts=100
fadeout|fo-c1|ply=97|p=1|move={"cell":3}|rootValue=0.06|rollouts=100
fadeout|fo-c1|ply=98|p=0|move={"cell":6}|rootValue=-0.24|rollouts=100
fadeout|fo-c1|ply=99|p=1|move={"cell":8}|rootValue=-0.18|rollouts=100
fadeout|fo-c1|ply=100|p=0|move={"cell":2}|rootValue=0.02|rollouts=100
fadeout|fo-c1|ply=101|p=1|move={"cell":4}|rootValue=0.08|rollouts=100
fadeout|fo-c1|ply=102|p=0|move={"cell":0}|rootValue=-0.18|rollouts=100
fadeout|fo-c1|ply=103|p=1|move={"cell":1}|rootValue=0.04|rollouts=100
fadeout|fo-c1|ply=104|p=0|move={"cell":7}|rootValue=-0.22|rollouts=100
fadeout|fo-c1|ply=105|p=1|move={"cell":3}|rootValue=0.1|rollouts=100
fadeout|fo-c1|ply=106|p=0|move={"cell":6}|rootValue=0.48|rollouts=100
fadeout|fo-c1|ply=107|p=1|move={"cell":8}|rootValue=-0.06|rollouts=100
fadeout|fo-c1|ply=108|p=0|move={"cell":2}|rootValue=-0.04|rollouts=100
fadeout|fo-c1|ply=109|p=1|move={"cell":4}|rootValue=-0.22|rollouts=100
fadeout|fo-c1|ply=110|p=0|move={"cell":0}|rootValue=-0.12|rollouts=100
fadeout|fo-c1|ply=111|p=1|move={"cell":1}|rootValue=0.44|rollouts=100
fadeout|fo-c1|ply=112|p=0|move={"cell":7}|rootValue=-0.3|rollouts=100
fadeout|fo-c1|ply=113|p=1|move={"cell":8}|rootValue=-0.1|rollouts=100
fadeout|fo-c1|ply=114|p=0|move={"cell":2}|rootValue=-0.12|rollouts=100
fadeout|fo-c1|ply=115|p=1|move={"cell":4}|rootValue=0.02|rollouts=100
fadeout|fo-c1|ply=116|p=0|move={"cell":0}|rootValue=-0.16|rollouts=100
fadeout|fo-c1|ply=117|p=1|move={"cell":1}|rootValue=0.05|rollouts=100
fadeout|fo-c1|ply=118|p=0|move={"cell":7}|rootValue=-0.18|rollouts=100
fadeout|fo-c1|FINAL|{"kind":"draw"}|plies=119
fadeout|fo-s1|ply=0|p=0|move={"cell":4}|rootValue=0.02|rollouts=1000
fadeout|fo-s1|ply=1|p=1|move={"cell":8}|rootValue=-0.134|rollouts=1000
fadeout|fo-s1|ply=2|p=0|move={"cell":5}|rootValue=0.12|rollouts=1000
fadeout|fo-s1|ply=3|p=1|move={"cell":3}|rootValue=-0.09|rollouts=1000
fadeout|fo-s1|ply=4|p=0|move={"cell":6}|rootValue=0.02|rollouts=1000
fadeout|fo-s1|ply=5|p=1|move={"cell":2}|rootValue=0|rollouts=1000
fadeout|fo-s1|ply=6|p=0|move={"cell":4}|rootValue=0.026|rollouts=1000
fadeout|fo-s1|ply=7|p=1|move={"cell":8}|rootValue=-0.158|rollouts=1000
fadeout|fo-s1|ply=8|p=0|move={"cell":5}|rootValue=-0.06|rollouts=1000
fadeout|fo-s1|ply=9|p=1|move={"cell":3}|rootValue=-0.018|rollouts=1000
fadeout|fo-s1|ply=10|p=0|move={"cell":0}|rootValue=0.068|rollouts=1000
fadeout|fo-s1|ply=11|p=1|move={"cell":2}|rootValue=-0.034|rollouts=1000
fadeout|fo-s1|ply=12|p=0|move={"cell":4}|rootValue=0.075|rollouts=1000
fadeout|fo-s1|ply=13|p=1|move={"cell":8}|rootValue=-0.202|rollouts=1000
fadeout|fo-s1|ply=14|p=0|move={"cell":5}|rootValue=0.104|rollouts=1000
fadeout|fo-s1|ply=15|p=1|move={"cell":3}|rootValue=-0.017|rollouts=1000
fadeout|fo-s1|ply=16|p=0|move={"cell":6}|rootValue=-0.02|rollouts=1000
fadeout|fo-s1|ply=17|p=1|move={"cell":2}|rootValue=0.102|rollouts=1000
fadeout|fo-s1|ply=18|p=0|move={"cell":4}|rootValue=-0.005|rollouts=1000
fadeout|fo-s1|ply=19|p=1|move={"cell":8}|rootValue=-0.081|rollouts=1000
fadeout|fo-s1|ply=20|p=0|move={"cell":5}|rootValue=0.1|rollouts=1000
fadeout|fo-s1|ply=21|p=1|move={"cell":3}|rootValue=-0.055|rollouts=1000
fadeout|fo-s1|ply=22|p=0|move={"cell":6}|rootValue=0.04|rollouts=1000
fadeout|fo-s1|ply=23|p=1|move={"cell":2}|rootValue=-0.07|rollouts=1000
fadeout|fo-s1|FINAL|{"kind":"draw"}|plies=24
fadeout|fo-s2|ply=0|p=0|move={"cell":0}|rootValue=0.098|rollouts=1000
fadeout|fo-s2|ply=1|p=1|move={"cell":4}|rootValue=-0.116|rollouts=1000
fadeout|fo-s2|ply=2|p=0|move={"cell":1}|rootValue=-0.106|rollouts=1000
fadeout|fo-s2|ply=3|p=1|move={"cell":2}|rootValue=-0.048|rollouts=1000
fadeout|fo-s2|ply=4|p=0|move={"cell":6}|rootValue=-0.192|rollouts=1000
fadeout|fo-s2|ply=5|p=1|move={"cell":8}|rootValue=0.032|rollouts=1000
fadeout|fo-s2|ply=6|p=0|move={"cell":5}|rootValue=-0.108|rollouts=1000
fadeout|fo-s2|ply=7|p=1|move={"cell":4}|rootValue=0.046|rollouts=1000
fadeout|fo-s2|ply=8|p=0|move={"cell":0}|rootValue=-0.038|rollouts=1000
fadeout|fo-s2|ply=9|p=1|move={"cell":1}|rootValue=0.12|rollouts=1000
fadeout|fo-s2|ply=10|p=0|move={"cell":7}|rootValue=-0.059|rollouts=1000
fadeout|fo-s2|ply=11|p=1|move={"cell":8}|rootValue=0.188|rollouts=1000
fadeout|fo-s2|ply=12|p=0|move={"cell":2}|rootValue=-0.146|rollouts=1000
fadeout|fo-s2|ply=13|p=1|move={"cell":4}|rootValue=0.026|rollouts=1000
fadeout|fo-s2|ply=14|p=0|move={"cell":0}|rootValue=0.064|rollouts=1000
fadeout|fo-s2|ply=15|p=1|move={"cell":1}|rootValue=0.052|rollouts=1000
fadeout|fo-s2|ply=16|p=0|move={"cell":7}|rootValue=-0.028|rollouts=1000
fadeout|fo-s2|ply=17|p=1|move={"cell":8}|rootValue=0.118|rollouts=1000
fadeout|fo-s2|ply=18|p=0|move={"cell":2}|rootValue=-0.145|rollouts=1000
fadeout|fo-s2|ply=19|p=1|move={"cell":4}|rootValue=0.08|rollouts=1000
fadeout|fo-s2|ply=20|p=0|move={"cell":0}|rootValue=-0.133|rollouts=1000
fadeout|fo-s2|ply=21|p=1|move={"cell":1}|rootValue=0.016|rollouts=1000
fadeout|fo-s2|ply=22|p=0|move={"cell":7}|rootValue=-0.1|rollouts=1000
fadeout|fo-s2|ply=23|p=1|move={"cell":8}|rootValue=0.046|rollouts=1000
fadeout|fo-s2|ply=24|p=0|move={"cell":2}|rootValue=-0.06|rollouts=1000
fadeout|fo-s2|FINAL|{"kind":"draw"}|plies=25
fadeout|fo-r1|ply=0|p=0|move={"cell":4}|rootValue=0.1304|rollouts=10000
fadeout|fo-r1|ply=1|p=1|move={"cell":0}|rootValue=-0.1088|rollouts=10000
fadeout|fo-r1|ply=2|p=0|move={"cell":5}|rootValue=0.0951|rollouts=10000
fadeout|fo-r1|ply=3|p=1|move={"cell":3}|rootValue=-0.0528|rollouts=10000
fadeout|fo-r1|ply=4|p=0|move={"cell":6}|rootValue=0.0536|rollouts=10000
fadeout|fo-r1|ply=5|p=1|move={"cell":1}|rootValue=-0.0629|rollouts=10000
fadeout|fo-r1|ply=6|p=0|move={"cell":8}|rootValue=0.006|rollouts=10000
fadeout|fo-r1|ply=7|p=1|move={"cell":7}|rootValue=-0.0547|rollouts=10000
fadeout|fo-r1|ply=8|p=0|move={"cell":4}|rootValue=0.0124|rollouts=10000
fadeout|fo-r1|ply=9|p=1|move={"cell":0}|rootValue=-0.0426|rollouts=10000
fadeout|fo-r1|ply=10|p=0|move={"cell":3}|rootValue=0.0109|rollouts=10000
fadeout|fo-r1|ply=11|p=1|move={"cell":5}|rootValue=-0.0299|rollouts=10000
fadeout|fo-r1|ply=12|p=0|move={"cell":8}|rootValue=0.0435|rollouts=10000
fadeout|fo-r1|ply=13|p=1|move={"cell":6}|rootValue=-0.0514|rollouts=10000
fadeout|fo-r1|ply=14|p=0|move={"cell":4}|rootValue=-0.0112|rollouts=10000
fadeout|fo-r1|ply=15|p=1|move={"cell":0}|rootValue=-0.0401|rollouts=10000
fadeout|fo-r1|ply=16|p=0|move={"cell":3}|rootValue=0.0233|rollouts=10000
fadeout|fo-r1|ply=17|p=1|move={"cell":5}|rootValue=-0.0413|rollouts=10000
fadeout|fo-r1|ply=18|p=0|move={"cell":2}|rootValue=0.0179|rollouts=10000
fadeout|fo-r1|ply=19|p=1|move={"cell":6}|rootValue=-0.0615|rollouts=10000
fadeout|fo-r1|ply=20|p=0|move={"cell":4}|rootValue=0.0354|rollouts=10000
fadeout|fo-r1|ply=21|p=1|move={"cell":0}|rootValue=-0.0364|rollouts=10000
fadeout|fo-r1|ply=22|p=0|move={"cell":3}|rootValue=0.0153|rollouts=10000
fadeout|fo-r1|ply=23|p=1|move={"cell":5}|rootValue=-0.0196|rollouts=10000
fadeout|fo-r1|ply=24|p=0|move={"cell":8}|rootValue=-0.0053|rollouts=10000
fadeout|fo-r1|ply=25|p=1|move={"cell":6}|rootValue=-0.0096|rollouts=10000
fadeout|fo-r1|ply=26|p=0|move={"cell":4}|rootValue=0.012|rollouts=10000
fadeout|fo-r1|ply=27|p=1|move={"cell":0}|rootValue=-0.0144|rollouts=10000
fadeout|fo-r1|ply=28|p=0|move={"cell":3}|rootValue=-0.0061|rollouts=10000
fadeout|fo-r1|ply=29|p=1|move={"cell":5}|rootValue=-0.0074|rollouts=10000
fadeout|fo-r1|ply=30|p=0|move={"cell":7}|rootValue=0.0168|rollouts=10000
fadeout|fo-r1|ply=31|p=1|move={"cell":8}|rootValue=0.039|rollouts=10000
fadeout|fo-r1|ply=32|p=0|move={"cell":2}|rootValue=-0.0051|rollouts=10000
fadeout|fo-r1|ply=33|p=1|move={"cell":4}|rootValue=-0.0325|rollouts=10000
fadeout|fo-r1|ply=34|p=0|move={"cell":0}|rootValue=-0.0587|rollouts=10000
fadeout|fo-r1|ply=35|p=1|move={"cell":1}|rootValue=-0.0037|rollouts=10000
fadeout|fo-r1|ply=36|p=0|move={"cell":7}|rootValue=-0.0186|rollouts=10000
fadeout|fo-r1|ply=37|p=1|move={"cell":5}|rootValue=0.0252|rollouts=10000
fadeout|fo-r1|ply=38|p=0|move={"cell":8}|rootValue=-0.0303|rollouts=10000
fadeout|fo-r1|ply=39|p=1|move={"cell":6}|rootValue=0.0087|rollouts=10000
fadeout|fo-r1|ply=40|p=0|move={"cell":4}|rootValue=-0.0216|rollouts=10000
fadeout|fo-r1|ply=41|p=1|move={"cell":0}|rootValue=0.0005|rollouts=10000
fadeout|fo-r1|ply=42|p=0|move={"cell":3}|rootValue=-0.0074|rollouts=10000
fadeout|fo-r1|FINAL|{"kind":"draw"}|plies=43
nine-grids|ng-c1|ply=0|p=0|move={"board":5,"cell":7}|rootValue=-0.05|rollouts=100
nine-grids|ng-c1|ply=1|p=1|move={"board":7,"cell":5}|rootValue=0.01|rollouts=100
nine-grids|ng-c1|ply=2|p=0|move={"board":5,"cell":4}|rootValue=0.07|rollouts=100
nine-grids|ng-c1|ply=3|p=1|move={"board":4,"cell":2}|rootValue=0.02|rollouts=100
nine-grids|ng-c1|ply=4|p=0|move={"board":2,"cell":2}|rootValue=0.08|rollouts=100
nine-grids|ng-c1|ply=5|p=1|move={"board":2,"cell":0}|rootValue=0.07|rollouts=100
nine-grids|ng-c1|ply=6|p=0|move={"board":0,"cell":7}|rootValue=0.03|rollouts=100
nine-grids|ng-c1|ply=7|p=1|move={"board":7,"cell":1}|rootValue=-0.03|rollouts=100
nine-grids|ng-c1|ply=8|p=0|move={"board":1,"cell":7}|rootValue=-0.02|rollouts=100
nine-grids|ng-c1|ply=9|p=1|move={"board":7,"cell":8}|rootValue=0.03|rollouts=100
nine-grids|ng-c1|ply=10|p=0|move={"board":8,"cell":6}|rootValue=0.09|rollouts=100
nine-grids|ng-c1|ply=11|p=1|move={"board":6,"cell":5}|rootValue=0|rollouts=100
nine-grids|ng-c1|ply=12|p=0|move={"board":5,"cell":6}|rootValue=-0.27|rollouts=100
nine-grids|ng-c1|ply=13|p=1|move={"board":6,"cell":8}|rootValue=0.02|rollouts=100
nine-grids|ng-c1|ply=14|p=0|move={"board":8,"cell":7}|rootValue=0.2|rollouts=100
nine-grids|ng-c1|ply=15|p=1|move={"board":7,"cell":4}|rootValue=-0.09|rollouts=100
nine-grids|ng-c1|ply=16|p=0|move={"board":4,"cell":4}|rootValue=0.02|rollouts=100
nine-grids|ng-c1|ply=17|p=1|move={"board":4,"cell":1}|rootValue=-0.05|rollouts=100
nine-grids|ng-c1|ply=18|p=0|move={"board":1,"cell":0}|rootValue=0.04|rollouts=100
nine-grids|ng-c1|ply=19|p=1|move={"board":0,"cell":6}|rootValue=0.09|rollouts=100
nine-grids|ng-c1|ply=20|p=0|move={"board":6,"cell":3}|rootValue=-0.01|rollouts=100
nine-grids|ng-c1|ply=21|p=1|move={"board":3,"cell":3}|rootValue=-0.08|rollouts=100
nine-grids|ng-c1|ply=22|p=0|move={"board":3,"cell":5}|rootValue=0.06|rollouts=100
nine-grids|ng-c1|ply=23|p=1|move={"board":5,"cell":3}|rootValue=-0.03|rollouts=100
nine-grids|ng-c1|ply=24|p=0|move={"board":3,"cell":4}|rootValue=0.07|rollouts=100
nine-grids|ng-c1|ply=25|p=1|move={"board":4,"cell":7}|rootValue=-0.08|rollouts=100
nine-grids|ng-c1|ply=26|p=0|move={"board":7,"cell":0}|rootValue=0.09|rollouts=100
nine-grids|ng-c1|ply=27|p=1|move={"board":0,"cell":0}|rootValue=-0.09|rollouts=100
nine-grids|ng-c1|ply=28|p=0|move={"board":0,"cell":2}|rootValue=-0.07|rollouts=100
nine-grids|ng-c1|ply=29|p=1|move={"board":2,"cell":1}|rootValue=0.03|rollouts=100
nine-grids|ng-c1|ply=30|p=0|move={"board":1,"cell":1}|rootValue=-0.09|rollouts=100
nine-grids|ng-c1|ply=31|p=1|move={"board":1,"cell":4}|rootValue=-0.05|rollouts=100
nine-grids|ng-c1|ply=32|p=0|move={"board":4,"cell":3}|rootValue=0.16|rollouts=100
nine-grids|ng-c1|ply=33|p=1|move={"board":3,"cell":7}|rootValue=0.02|rollouts=100
nine-grids|ng-c1|ply=34|p=0|move={"board":7,"cell":3}|rootValue=0.07|rollouts=100
nine-grids|ng-c1|ply=35|p=1|move={"board":3,"cell":8}|rootValue=-0.1|rollouts=100
nine-grids|ng-c1|ply=36|p=0|move={"board":8,"cell":8}|rootValue=0.14|rollouts=100
nine-grids|ng-c1|ply=37|p=1|move={"board":2,"cell":8}|rootValue=-0.15|rollouts=100
nine-grids|ng-c1|ply=38|p=0|move={"board":7,"cell":7}|rootValue=0.18|rollouts=100
nine-grids|ng-c1|ply=39|p=1|move={"board":7,"cell":6}|rootValue=-0.09|rollouts=100
nine-grids|ng-c1|ply=40|p=0|move={"board":6,"cell":1}|rootValue=0.08|rollouts=100
nine-grids|ng-c1|ply=41|p=1|move={"board":1,"cell":6}|rootValue=-0.19|rollouts=100
nine-grids|ng-c1|ply=42|p=0|move={"board":6,"cell":2}|rootValue=0|rollouts=100
nine-grids|ng-c1|ply=43|p=1|move={"board":2,"cell":6}|rootValue=0.01|rollouts=100
nine-grids|ng-c1|ply=44|p=0|move={"board":6,"cell":4}|rootValue=-0.3|rollouts=100
nine-grids|ng-c1|ply=45|p=1|move={"board":4,"cell":0}|rootValue=0.31|rollouts=100
nine-grids|ng-c1|ply=46|p=0|move={"board":0,"cell":5}|rootValue=-0.43|rollouts=100
nine-grids|ng-c1|ply=47|p=1|move={"board":5,"cell":2}|rootValue=0.41|rollouts=100
nine-grids|ng-c1|ply=48|p=0|move={"board":2,"cell":3}|rootValue=-0.5|rollouts=100
nine-grids|ng-c1|ply=49|p=1|move={"board":3,"cell":6}|rootValue=0.41|rollouts=100
nine-grids|ng-c1|ply=50|p=0|move={"board":6,"cell":0}|rootValue=-0.5|rollouts=100
nine-grids|ng-c1|ply=51|p=1|move={"board":0,"cell":3}|rootValue=0.42|rollouts=100
nine-grids|ng-c1|ply=52|p=0|move={"board":2,"cell":4}|rootValue=-0.42|rollouts=100
nine-grids|ng-c1|ply=53|p=1|move={"board":2,"cell":7}|rootValue=0.5|rollouts=100
nine-grids|ng-c1|ply=54|p=0|move={"board":7,"cell":2}|rootValue=-0.86|rollouts=100
nine-grids|ng-c1|ply=55|p=1|move={"board":1,"cell":2}|rootValue=0.84|rollouts=100
nine-grids|ng-c1|FINAL|{"kind":"won","winner":1}|plies=56
nine-grids|ng-s1|ply=0|p=0|move={"board":2,"cell":2}|rootValue=0.053|rollouts=1000
nine-grids|ng-s1|ply=1|p=1|move={"board":2,"cell":4}|rootValue=-0.028|rollouts=1000
nine-grids|ng-s1|ply=2|p=0|move={"board":4,"cell":4}|rootValue=0.066|rollouts=1000
nine-grids|ng-s1|ply=3|p=1|move={"board":4,"cell":0}|rootValue=-0.121|rollouts=1000
nine-grids|ng-s1|ply=4|p=0|move={"board":0,"cell":6}|rootValue=0.092|rollouts=1000
nine-grids|ng-s1|ply=5|p=1|move={"board":6,"cell":0}|rootValue=-0.058|rollouts=1000
nine-grids|ng-s1|ply=6|p=0|move={"board":0,"cell":5}|rootValue=0.024|rollouts=1000
nine-grids|ng-s1|ply=7|p=1|move={"board":5,"cell":3}|rootValue=-0.067|rollouts=1000
nine-grids|ng-s1|ply=8|p=0|move={"board":3,"cell":7}|rootValue=0.034|rollouts=1000
nine-grids|ng-s1|ply=9|p=1|move={"board":7,"cell":5}|rootValue=-0.085|rollouts=1000
nine-grids|ng-s1|ply=10|p=0|move={"board":5,"cell":5}|rootValue=0.091|rollouts=1000
nine-grids|ng-s1|ply=11|p=1|move={"board":5,"cell":0}|rootValue=-0.077|rollouts=1000
nine-grids|ng-s1|ply=12|p=0|move={"board":0,"cell":0}|rootValue=0.073|rollouts=1000
nine-grids|ng-s1|ply=13|p=1|move={"board":0,"cell":1}|rootValue=-0.07|rollouts=1000
nine-grids|ng-s1|ply=14|p=0|move={"board":1,"cell":3}|rootValue=0.051|rollouts=1000
nine-grids|ng-s1|ply=15|p=1|move={"board":3,"cell":5}|rootValue=-0.098|rollouts=1000
nine-grids|ng-s1|ply=16|p=0|move={"board":5,"cell":1}|rootValue=0.103|rollouts=1000
nine-grids|ng-s1|ply=17|p=1|move={"board":1,"cell":5}|rootValue=-0.061|rollouts=1000
nine-grids|ng-s1|ply=18|p=0|move={"board":5,"cell":6}|rootValue=0.056|rollouts=1000
nine-grids|ng-s1|ply=19|p=1|move={"board":6,"cell":3}|rootValue=-0.08|rollouts=1000
nine-grids|ng-s1|ply=20|p=0|move={"board":3,"cell":1}|rootValue=0.018|rollouts=1000
nine-grids|ng-s1|ply=21|p=1|move={"board":1,"cell":8}|rootValue=-0.112|rollouts=1000
nine-grids|ng-s1|ply=22|p=0|move={"board":8,"cell":3}|rootValue=0.055|rollouts=1000
nine-grids|ng-s1|ply=23|p=1|move={"board":3,"cell":3}|rootValue=-0.072|rollouts=1000
nine-grids|ng-s1|ply=24|p=0|move={"board":3,"cell":4}|rootValue=0.108|rollouts=1000
nine-grids|ng-s1|ply=25|p=1|move={"board":4,"cell":3}|rootValue=-0.075|rollouts=1000
nine-grids|ng-s1|ply=26|p=0|move={"board":4,"cell":6}|rootValue=0.176|rollouts=1000
nine-grids|ng-s1|ply=27|p=1|move={"board":6,"cell":6}|rootValue=-0.387|rollouts=1000
nine-grids|ng-s1|ply=28|p=0|move={"board":4,"cell":2}|rootValue=0.319|rollouts=1000
nine-grids|ng-s1|ply=29|p=1|move={"board":2,"cell":1}|rootValue=-0.685|rollouts=1000
nine-grids|ng-s1|ply=30|p=0|move={"board":1,"cell":2}|rootValue=0.662|rollouts=1000
nine-grids|ng-s1|ply=31|p=1|move={"board":2,"cell":7}|rootValue=-0.732|rollouts=1000
nine-grids|ng-s1|ply=32|p=0|move={"board":7,"cell":3}|rootValue=0.712|rollouts=1000
nine-grids|ng-s1|ply=33|p=1|move={"board":0,"cell":7}|rootValue=-0.676|rollouts=1000
nine-grids|ng-s1|ply=34|p=0|move={"board":7,"cell":8}|rootValue=0.643|rollouts=1000
nine-grids|ng-s1|ply=35|p=1|move={"board":8,"cell":4}|rootValue=-0.633|rollouts=1000
nine-grids|ng-s1|ply=36|p=0|move={"board":5,"cell":4}|rootValue=0.636|rollouts=1000
nine-grids|ng-s1|ply=37|p=1|move={"board":5,"cell":2}|rootValue=-0.759|rollouts=1000
nine-grids|ng-s1|ply=38|p=0|move={"board":5,"cell":7}|rootValue=0.719|rollouts=1000
nine-grids|ng-s1|FINAL|{"kind":"won","winner":0}|plies=39
nine-grids|ng-s2|ply=0|p=0|move={"board":7,"cell":5}|rootValue=0.052|rollouts=1000
nine-grids|ng-s2|ply=1|p=1|move={"board":5,"cell":4}|rootValue=-0.036|rollouts=1000
nine-grids|ng-s2|ply=2|p=0|move={"board":4,"cell":4}|rootValue=0.036|rollouts=1000
nine-grids|ng-s2|ply=3|p=1|move={"board":4,"cell":1}|rootValue=-0.069|rollouts=1000
nine-grids|ng-s2|ply=4|p=0|move={"board":1,"cell":1}|rootValue=0.132|rollouts=1000
nine-grids|ng-s2|ply=5|p=1|move={"board":1,"cell":7}|rootValue=-0.094|rollouts=1000
nine-grids|ng-s2|ply=6|p=0|move={"board":7,"cell":2}|rootValue=0.094|rollouts=1000
nine-grids|ng-s2|ply=7|p=1|move={"board":2,"cell":5}|rootValue=-0.093|rollouts=1000
nine-grids|ng-s2|ply=8|p=0|move={"board":5,"cell":0}|rootValue=0.135|rollouts=1000
nine-grids|ng-s2|ply=9|p=1|move={"board":0,"cell":0}|rootValue=-0.066|rollouts=1000
nine-grids|ng-s2|ply=10|p=0|move={"board":0,"cell":1}|rootValue=0.074|rollouts=1000
nine-grids|ng-s2|ply=11|p=1|move={"board":1,"cell":2}|rootValue=-0.067|rollouts=1000
nine-grids|ng-s2|ply=12|p=0|move={"board":2,"cell":1}|rootValue=0.065|rollouts=1000
nine-grids|ng-s2|ply=13|p=1|move={"board":1,"cell":0}|rootValue=0.007|rollouts=1000
nine-grids|ng-s2|ply=14|p=0|move={"board":0,"cell":5}|rootValue=0.029|rollouts=1000
nine-grids|ng-s2|ply=15|p=1|move={"board":5,"cell":6}|rootValue=-0.052|rollouts=1000
nine-grids|ng-s2|ply=16|p=0|move={"board":6,"cell":7}|rootValue=0.011|rollouts=1000
nine-grids|ng-s2|ply=17|p=1|move={"board":7,"cell":8}|rootValue=-0.008|rollouts=1000
nine-grids|ng-s2|ply=18|p=0|move={"board":8,"cell":3}|rootValue=0.02|rollouts=1000
nine-grids|ng-s2|ply=19|p=1|move={"board":3,"cell":0}|rootValue=0.018|rollouts=1000
nine-grids|ng-s2|ply=20|p=0|move={"board":0,"cell":4}|rootValue=0.034|rollouts=1000
nine-grids|ng-s2|ply=21|p=1|move={"board":4,"cell":0}|rootValue=-0.022|rollouts=1000
nine-grids|ng-s2|ply=22|p=0|move={"board":0,"cell":7}|rootValue=-0.016|rollouts=1000
nine-grids|ng-s2|ply=23|p=1|move={"board":7,"cell":0}|rootValue=-0.011|rollouts=1000
nine-grids|ng-s2|ply=24|p=0|move={"board":4,"cell":2}|rootValue=-0.004|rollouts=1000
nine-grids|ng-s2|ply=25|p=1|move={"board":2,"cell":3}|rootValue=-0.351|rollouts=1000
nine-grids|ng-s2|ply=26|p=0|move={"board":3,"cell":1}|rootValue=0.311|rollouts=1000
nine-grids|ng-s2|ply=27|p=1|move={"board":1,"cell":5}|rootValue=-0.325|rollouts=1000
nine-grids|ng-s2|ply=28|p=0|move={"board":5,"cell":7}|rootValue=0.315|rollouts=1000
nine-grids|ng-s2|ply=29|p=1|move={"board":7,"cell":6}|rootValue=-0.267|rollouts=1000
nine-grids|ng-s2|ply=30|p=0|move={"board":6,"cell":1}|rootValue=0.353|rollouts=1000
nine-grids|ng-s2|ply=31|p=1|move={"board":1,"cell":3}|rootValue=-0.403|rollouts=1000
nine-grids|ng-s2|ply=32|p=0|move={"board":3,"cell":7}|rootValue=0.39|rollouts=1000
nine-grids|ng-s2|ply=33|p=1|move={"board":7,"cell":7}|rootValue=-0.491|rollouts=1000
nine-grids|ng-s2|ply=34|p=0|move={"board":6,"cell":6}|rootValue=0.453|rollouts=1000
nine-grids|ng-s2|ply=35|p=1|move={"board":6,"cell":8}|rootValue=-0.442|rollouts=1000
nine-grids|ng-s2|ply=36|p=0|move={"board":8,"cell":6}|rootValue=0.444|rollouts=1000
nine-grids|ng-s2|ply=37|p=1|move={"board":6,"cell":2}|rootValue=-0.417|rollouts=1000
nine-grids|ng-s2|ply=38|p=0|move={"board":2,"cell":2}|rootValue=0.413|rollouts=1000
nine-grids|ng-s2|ply=39|p=1|move={"board":2,"cell":0}|rootValue=-0.464|rollouts=1000
nine-grids|ng-s2|ply=40|p=0|move={"board":4,"cell":6}|rootValue=0.424|rollouts=1000
nine-grids|ng-s2|ply=41|p=1|move={"board":6,"cell":5}|rootValue=-0.728|rollouts=1000
nine-grids|ng-s2|ply=42|p=0|move={"board":5,"cell":2}|rootValue=0.697|rollouts=1000
nine-grids|ng-s2|ply=43|p=1|move={"board":2,"cell":7}|rootValue=-0.8|rollouts=1000
nine-grids|ng-s2|ply=44|p=0|move={"board":8,"cell":0}|rootValue=0.766|rollouts=1000
nine-grids|ng-s2|FINAL|{"kind":"won","winner":0}|plies=45
nine-grids|ng-r1|ply=0|p=0|move={"board":4,"cell":2}|rootValue=0.0426|rollouts=10000
nine-grids|ng-r1|ply=1|p=1|move={"board":2,"cell":8}|rootValue=-0.0969|rollouts=10000
nine-grids|ng-r1|ply=2|p=0|move={"board":8,"cell":4}|rootValue=0.099|rollouts=10000
nine-grids|ng-r1|ply=3|p=1|move={"board":4,"cell":3}|rootValue=-0.1026|rollouts=10000
nine-grids|ng-r1|ply=4|p=0|move={"board":3,"cell":8}|rootValue=0.1116|rollouts=10000
nine-grids|ng-r1|ply=5|p=1|move={"board":8,"cell":2}|rootValue=-0.0988|rollouts=10000
nine-grids|ng-r1|ply=6|p=0|move={"board":2,"cell":5}|rootValue=0.118|rollouts=10000
nine-grids|ng-r1|ply=7|p=1|move={"board":5,"cell":6}|rootValue=-0.1032|rollouts=10000
nine-grids|ng-r1|ply=8|p=0|move={"board":6,"cell":3}|rootValue=0.1028|rollouts=10000
nine-grids|ng-r1|ply=9|p=1|move={"board":3,"cell":1}|rootValue=-0.1178|rollouts=10000
nine-grids|ng-r1|ply=10|p=0|move={"board":1,"cell":3}|rootValue=0.0896|rollouts=10000
nine-grids|ng-r1|ply=11|p=1|move={"board":3,"cell":7}|rootValue=-0.1022|rollouts=10000
nine-grids|ng-r1|ply=12|p=0|move={"board":7,"cell":1}|rootValue=0.0938|rollouts=10000
nine-grids|ng-r1|ply=13|p=1|move={"board":1,"cell":7}|rootValue=-0.084|rollouts=10000
nine-grids|ng-r1|ply=14|p=0|move={"board":7,"cell":0}|rootValue=0.0706|rollouts=10000
nine-grids|ng-r1|ply=15|p=1|move={"board":0,"cell":5}|rootValue=-0.1044|rollouts=10000
nine-grids|ng-r1|ply=16|p=0|move={"board":5,"cell":2}|rootValue=0.0862|rollouts=10000
nine-grids|ng-r1|ply=17|p=1|move={"board":2,"cell":7}|rootValue=-0.0942|rollouts=10000
nine-grids|ng-r1|ply=18|p=0|move={"board":7,"cell":2}|rootValue=0.0888|rollouts=10000
nine-grids|ng-r1|ply=19|p=1|move={"board":2,"cell":6}|rootValue=-0.0904|rollouts=10000
nine-grids|ng-r1|ply=20|p=0|move={"board":6,"cell":4}|rootValue=0.0707|rollouts=10000
nine-grids|ng-r1|ply=21|p=1|move={"board":4,"cell":4}|rootValue=-0.0989|rollouts=10000
nine-grids|ng-r1|ply=22|p=0|move={"board":4,"cell":5}|rootValue=0.0748|rollouts=10000
nine-grids|ng-r1|ply=23|p=1|move={"board":5,"cell":3}|rootValue=-0.1422|rollouts=10000
nine-grids|ng-r1|ply=24|p=0|move={"board":3,"cell":4}|rootValue=0.0874|rollouts=10000
nine-grids|ng-r1|ply=25|p=1|move={"board":4,"cell":0}|rootValue=-0.1149|rollouts=10000
nine-grids|ng-r1|ply=26|p=0|move={"board":0,"cell":4}|rootValue=0.1659|rollouts=10000
nine-grids|ng-r1|ply=27|p=1|move={"board":4,"cell":8}|rootValue=-0.1566|rollouts=10000
nine-grids|ng-r1|ply=28|p=0|move={"board":8,"cell":1}|rootValue=0.1791|rollouts=10000
nine-grids|ng-r1|ply=29|p=1|move={"board":1,"cell":1}|rootValue=-0.1815|rollouts=10000
nine-grids|ng-r1|ply=30|p=0|move={"board":1,"cell":4}|rootValue=0.1065|rollouts=10000
nine-grids|ng-r1|ply=31|p=1|move={"board":6,"cell":5}|rootValue=-0.1011|rollouts=10000
nine-grids|ng-r1|ply=32|p=0|move={"board":5,"cell":0}|rootValue=-0.0151|rollouts=10000
nine-grids|ng-r1|ply=33|p=1|move={"board":0,"cell":1}|rootValue=-0.0034|rollouts=10000
nine-grids|ng-r1|ply=34|p=0|move={"board":1,"cell":5}|rootValue=-0.0437|rollouts=10000
nine-grids|ng-r1|ply=35|p=1|move={"board":5,"cell":5}|rootValue=0.0691|rollouts=10000
nine-grids|ng-r1|ply=36|p=0|move={"board":5,"cell":4}|rootValue=-0.0669|rollouts=10000
nine-grids|ng-r1|ply=37|p=1|move={"board":6,"cell":8}|rootValue=0.1728|rollouts=10000
nine-grids|ng-r1|ply=38|p=0|move={"board":8,"cell":5}|rootValue=-0.2934|rollouts=10000
nine-grids|ng-r1|ply=39|p=1|move={"board":5,"cell":8}|rootValue=0.3698|rollouts=10000
nine-grids|ng-r1|ply=40|p=0|move={"board":8,"cell":8}|rootValue=-0.3559|rollouts=10000
nine-grids|ng-r1|ply=41|p=1|move={"board":8,"cell":0}|rootValue=0.5388|rollouts=10000
nine-grids|ng-r1|ply=42|p=0|move={"board":0,"cell":0}|rootValue=-0.5952|rollouts=10000
nine-grids|ng-r1|ply=43|p=1|move={"board":0,"cell":8}|rootValue=0.8556|rollouts=10000
nine-grids|ng-r1|ply=44|p=0|move={"board":8,"cell":3}|rootValue=-0.9138|rollouts=10000
nine-grids|ng-r1|ply=45|p=1|move={"board":3,"cell":5}|rootValue=0.9206|rollouts=10000
nine-grids|ng-r1|ply=46|p=0|move={"board":5,"cell":7}|rootValue=-0.9567|rollouts=10000
nine-grids|ng-r1|ply=47|p=1|move={"board":6,"cell":2}|rootValue=0.9741|rollouts=10000
nine-grids|ng-r1|FINAL|{"kind":"won","winner":1}|plies=48
tilt|tl-c1|ply=0|p=0|move={"column":1}|rootValue=0.06|rollouts=100
tilt|tl-c1|ply=1|p=1|move={"column":6}|rootValue=-0.03|rollouts=100
tilt|tl-c1|ply=2|p=0|move={"column":6}|rootValue=-0.01|rollouts=100
tilt|tl-c1|ply=3|p=1|move={"column":5}|rootValue=0.05|rollouts=100
tilt|tl-c1|ply=4|p=0|move={"column":0}|rootValue=0.09|rollouts=100
tilt|tl-c1|ply=5|p=1|move={"column":4}|rootValue=-0.37|rollouts=100
tilt|tl-c1|ply=6|p=0|move={"column":3}|rootValue=0.2|rollouts=100
tilt|tl-c1|ply=7|p=1|move={"column":3}|rootValue=-0.23|rollouts=100
tilt|tl-c1|ply=8|p=0|move={"column":1}|rootValue=0.25|rollouts=100
tilt|tl-c1|ply=9|p=1|move={"column":1}|rootValue=-0.12|rollouts=100
tilt|tl-c1|ply=10|p=0|move={"column":6}|rootValue=-0.22|rollouts=100
tilt|tl-c1|ply=11|p=1|move={"column":0}|rootValue=-0.19|rollouts=100
tilt|tl-c1|ply=12|p=0|move={"column":1}|rootValue=-0.1|rollouts=100
tilt|tl-c1|ply=13|p=1|move={"column":3}|rootValue=-0.18|rollouts=100
tilt|tl-c1|ply=14|p=0|move={"column":3}|rootValue=0.62|rollouts=100
tilt|tl-c1|ply=15|p=1|move={"column":4}|rootValue=-0.84|rollouts=100
tilt|tl-c1|ply=16|p=0|move={"column":1}|rootValue=0.82|rollouts=100
tilt|tl-c1|FINAL|{"kind":"won","winner":0}|plies=17
tilt|tl-s1|ply=0|p=0|move={"column":4}|rootValue=-0.015|rollouts=1000
tilt|tl-s1|ply=1|p=1|move={"column":3}|rootValue=0.035|rollouts=1000
tilt|tl-s1|ply=2|p=0|move={"column":4}|rootValue=-0.016|rollouts=1000
tilt|tl-s1|ply=3|p=1|move={"column":4}|rootValue=-0.075|rollouts=1000
tilt|tl-s1|ply=4|p=0|move={"column":1}|rootValue=-0.063|rollouts=1000
tilt|tl-s1|ply=5|p=1|move={"column":3}|rootValue=-0.003|rollouts=1000
tilt|tl-s1|ply=6|p=0|move={"column":0}|rootValue=-0.028|rollouts=1000
tilt|tl-s1|ply=7|p=1|move={"column":6}|rootValue=-0.168|rollouts=1000
tilt|tl-s1|ply=8|p=0|move={"column":3}|rootValue=0.214|rollouts=1000
tilt|tl-s1|ply=9|p=1|move={"column":4}|rootValue=-0.566|rollouts=1000
tilt|tl-s1|ply=10|p=0|move={"column":0}|rootValue=0.646|rollouts=1000
tilt|tl-s1|ply=11|p=1|move={"column":0}|rootValue=-0.724|rollouts=1000
tilt|tl-s1|ply=12|p=0|move={"column":2}|rootValue=0.713|rollouts=1000
tilt|tl-s1|ply=13|p=1|move={"column":1}|rootValue=-0.831|rollouts=1000
tilt|tl-s1|ply=14|p=0|move={"column":1}|rootValue=0.875|rollouts=1000
tilt|tl-s1|ply=15|p=1|move={"column":2}|rootValue=-0.95|rollouts=1000
tilt|tl-s1|ply=16|p=0|move={"column":3}|rootValue=0.915|rollouts=1000
tilt|tl-s1|FINAL|{"kind":"won","winner":0}|plies=17
tilt|tl-s2|ply=0|p=0|move={"column":6}|rootValue=-0.018|rollouts=1000
tilt|tl-s2|ply=1|p=1|move={"column":3}|rootValue=0.019|rollouts=1000
tilt|tl-s2|ply=2|p=0|move={"column":3}|rootValue=0.015|rollouts=1000
tilt|tl-s2|ply=3|p=1|move={"column":6}|rootValue=-0.095|rollouts=1000
tilt|tl-s2|ply=4|p=0|move={"column":0}|rootValue=0|rollouts=1000
tilt|tl-s2|ply=5|p=1|move={"column":1}|rootValue=-0.013|rollouts=1000
tilt|tl-s2|ply=6|p=0|move={"column":0}|rootValue=-0.025|rollouts=1000
tilt|tl-s2|ply=7|p=1|move={"column":2}|rootValue=-0.044|rollouts=1000
tilt|tl-s2|ply=8|p=0|move={"column":1}|rootValue=0.275|rollouts=1000
tilt|tl-s2|ply=9|p=1|move={"column":0}|rootValue=-0.492|rollouts=1000
tilt|tl-s2|ply=10|p=0|move={"column":2}|rootValue=0.58|rollouts=1000
tilt|tl-s2|ply=11|p=1|move={"column":1}|rootValue=-0.724|rollouts=1000
tilt|tl-s2|ply=12|p=0|move={"column":2}|rootValue=0.928|rollouts=1000
tilt|tl-s2|FINAL|{"kind":"won","winner":0}|plies=13
tilt|tl-r1|ply=0|p=0|move={"column":0}|rootValue=0.0144|rollouts=10000
tilt|tl-r1|ply=1|p=1|move={"column":2}|rootValue=-0.0019|rollouts=10000
tilt|tl-r1|ply=2|p=0|move={"column":1}|rootValue=0.1003|rollouts=10000
tilt|tl-r1|ply=3|p=1|move={"column":1}|rootValue=-0.0568|rollouts=10000
tilt|tl-r1|ply=4|p=0|move={"column":2}|rootValue=-0.023|rollouts=10000
tilt|tl-r1|ply=5|p=1|move={"column":1}|rootValue=-0.0263|rollouts=10000
tilt|tl-r1|ply=6|p=0|move={"column":2}|rootValue=0.0771|rollouts=10000
tilt|tl-r1|ply=7|p=1|move={"column":2}|rootValue=-0.1305|rollouts=10000
tilt|tl-r1|ply=8|p=0|move={"column":0}|rootValue=-0.0477|rollouts=10000
tilt|tl-r1|ply=9|p=1|move={"column":3}|rootValue=-0.0525|rollouts=10000
tilt|tl-r1|ply=10|p=0|move={"column":3}|rootValue=0.0895|rollouts=10000
tilt|tl-r1|ply=11|p=1|move={"column":2}|rootValue=-0.1227|rollouts=10000
tilt|tl-r1|ply=12|p=0|move={"column":0}|rootValue=0.0736|rollouts=10000
tilt|tl-r1|ply=13|p=1|move={"column":0}|rootValue=-0.1195|rollouts=10000
tilt|tl-r1|ply=14|p=0|move={"column":2}|rootValue=0.13|rollouts=10000
tilt|tl-r1|ply=15|p=1|move={"column":5}|rootValue=-0.1285|rollouts=10000
tilt|tl-r1|ply=16|p=0|move={"column":4}|rootValue=0.2318|rollouts=10000
tilt|tl-r1|ply=17|p=1|move={"column":2}|rootValue=-0.2515|rollouts=10000
tilt|tl-r1|ply=18|p=0|move={"column":4}|rootValue=0.0476|rollouts=10000
tilt|tl-r1|ply=19|p=1|move={"column":4}|rootValue=-0.0557|rollouts=10000
tilt|tl-r1|ply=20|p=0|move={"column":1}|rootValue=0.0142|rollouts=10000
tilt|tl-r1|ply=21|p=1|move={"column":1}|rootValue=-0.041|rollouts=10000
tilt|tl-r1|ply=22|p=0|move={"column":3}|rootValue=0.0247|rollouts=10000
tilt|tl-r1|ply=23|p=1|move={"column":4}|rootValue=-0.0159|rollouts=10000
tilt|tl-r1|FINAL|{"kind":"draw"}|plies=24
